******************************************************************************
                  TI ARM Linker PC v16.9.4                     
******************************************************************************
>> Linked Sun Sep 03 15:47:13 2023

OUTPUT FILE NAME:   <StateMachine_UART.out>
ENTRY POINT SYMBOL: "_c_int00"  address: 00001115


MEMORY CONFIGURATION

         name            origin    length      used     unused   attr    fill
----------------------  --------  ---------  --------  --------  ----  --------
  FLASH                 00000000   00040000  000016e4  0003e91c  R  X
  SRAM                  20000000   00008000  0000061f  000079e1  RW X


SEGMENT ALLOCATION MAP

run origin  load origin   length   init length attrs members
----------  ----------- ---------- ----------- ----- -------
00000000    00000000    000016e8   000016e8    r-x
  00000000    00000000    0000026c   0000026c    r-- .intvecs
  0000026c    0000026c    00001228   00001228    r-x .text
  00001494    00001494    00000208   00000208    r-- .const
  000016a0    000016a0    00000048   00000048    r-- .cinit
20000000    20000000    00000620   00000000    rw-
  20000000    20000000    0000026c   00000000    rw- .vtable
  2000026c    2000026c    00000200   00000000    rw- .stack
  2000046c    2000046c    0000019b   00000000    rw- .bss
  20000608    20000608    00000018   00000000    rw- .data


SECTION ALLOCATION MAP

 output                                  attributes/
section   page    origin      length       input sections
--------  ----  ----------  ----------   ----------------
.intvecs   0    00000000    0000026c     
                  00000000    0000026c     tm4c123gh6pm_startup_ccs.obj (.intvecs)

.text      0    0000026c    00001228     
                  0000026c    00000528     main.obj (.text)
                  00000794    000003c0     interrupt.obj (.text)
                  00000b54    0000016c     driverlib.lib : gpio.obj (.text:GPIOPadConfigSet)
                  00000cc0    00000118                   : sysctl.obj (.text:SysCtlClockGet)
                  00000dd8    000000f4                   : sysctl.obj (.text:SysCtlClockSet)
                  00000ecc    0000009c     rtsv7M4_T_le_v4SPD16_eabi.lib : memcpy_t2.obj (.text)
                  00000f68    0000007a                                   : memset_t2.obj (.text)
                  00000fe2    00000002                                   : mpu_init.obj (.text)
                  00000fe4    00000070                                   : autoinit.obj (.text)
                  00001054    00000068                                   : copy_decompress_lzss.obj (.text:decompress:lzss)
                  000010bc    00000058     driverlib.lib : gpio.obj (.text:GPIOIntTypeSet)
                  00001114    00000054     rtsv7M4_T_le_v4SPD16_eabi.lib : boot.obj (.text)
                  00001168    00000054                                   : exit.obj (.text)
                  000011bc    0000004c     driverlib.lib : gpio.obj (.text:GPIOPinConfigure)
                  00001208    0000004c     rtsv7M4_T_le_v4SPD16_eabi.lib : cpy_tbl.obj (.text)
                  00001254    00000046     driverlib.lib : uart.obj (.text:UARTConfigSetExpClk)
                  0000129a    00000002     rtsv7M4_T_le_v4SPD16_eabi.lib : startup.obj (.text)
                  0000129c    00000038     driverlib.lib : sysctl.obj (.text:SysCtlPeripheralReady)
                  000012d4    00000034                   : sysctl.obj (.text:SysCtlPeripheralEnable)
                  00001308    0000002c                   : gpio.obj (.text:GPIODirModeSet)
                  00001334    00000020                   : uart.obj (.text:UARTDisable)
                  00001354    0000001a                   : gpio.obj (.text:GPIOPinTypeGPIOOutput)
                  0000136e    00000002     --HOLE-- [fill = 0]
                  00001370    00000018     rtsv7M4_T_le_v4SPD16_eabi.lib : args_main.obj (.text)
                  00001388    00000016     driverlib.lib : gpio.obj (.text:GPIOPinTypeGPIOInput)
                  0000139e    00000016                   : gpio.obj (.text:GPIOPinTypeUART)
                  000013b4    00000014                   : systick.obj (.text:SysTickEnable)
                  000013c8    00000014                   : uart.obj (.text:UARTEnable)
                  000013dc    00000014     rtsv7M4_T_le_v4SPD16_eabi.lib : _lock.obj (.text)
                  000013f0    00000010     driverlib.lib : systick.obj (.text:SysTickPeriodSet)
                  00001400    0000000e                   : uart.obj (.text:UARTCharGetNonBlocking)
                  0000140e    0000000e     rtsv7M4_T_le_v4SPD16_eabi.lib : copy_decompress_none.obj (.text:decompress:none)
                  0000141c    0000000c     driverlib.lib : cpu.obj (.text:CPUcpsid)
                  00001428    0000000c                   : cpu.obj (.text:CPUcpsie)
                  00001434    0000000c                   : gpio.obj (.text:GPIOIntEnable)
                  00001440    0000000c                   : systick.obj (.text:SysTickValueGet)
                  0000144c    0000000c     rtsv7M4_T_le_v4SPD16_eabi.lib : copy_zero_init.obj (.text:decompress:ZI)
                  00001458    0000000c     tm4c123gh6pm_startup_ccs.obj (.text)
                  00001464    0000000a     driverlib.lib : cpu.obj (.text:CPUbasepriGet)
                  0000146e    0000000a                   : uart.obj (.text:UARTCharPut)
                  00001478    00000006                   : cpu.obj (.text:CPUbasepriSet)
                  0000147e    00000006                   : gpio.obj (.text:GPIOIntClear)
                  00001484    00000006                   : gpio.obj (.text:GPIOPinWrite)
                  0000148a    00000006                   : sysctl.obj (.text:SysCtlDelay)
                  00001490    00000004     rtsv7M4_T_le_v4SPD16_eabi.lib : pre_init.obj (.text)

.const     0    00001494    00000208     
                  00001494    0000009c     interrupt.obj (.const:g_pui32Regs)
                  00001530    00000090     driverlib.lib : gpio.obj (.const:g_pui32GPIOBaseAddrs)
                  000015c0    0000006c                   : sysctl.obj (.const:g_pui32Xtals)
                  0000162c    00000020     interrupt.obj (.const:g_pui32Priority)
                  0000164c    00000014     interrupt.obj (.const:g_pui32Dii16Regs)
                  00001660    00000014     interrupt.obj (.const:g_pui32EnRegs)
                  00001674    00000014     interrupt.obj (.const:g_pui32PendRegs)
                  00001688    00000014     interrupt.obj (.const:g_pui32UnpendRegs)

.cinit     0    000016a0    00000048     
                  000016a0    00000011     (.cinit..data.load) [load image, compression = lzss]
                  000016b1    00000003     --HOLE-- [fill = 0]
                  000016b4    0000000c     (__TI_handler_table)
                  000016c0    00000008     (.cinit..bss.load) [load image, compression = zero_init]
                  000016c8    00000008     (.cinit..vtable.load) [load image, compression = zero_init]
                  000016d0    00000018     (__TI_cinit_table)

.init_array 
*          0    00000000    00000000     UNINITIALIZED

.vtable    0    20000000    0000026c     UNINITIALIZED
                  20000000    0000026c     interrupt.obj (.vtable)

.stack     0    2000026c    00000200     UNINITIALIZED
                  2000026c    00000200     --HOLE--

.bss       0    2000046c    0000019b     UNINITIALIZED
                  2000046c    000000cc     (.common:data)
                  20000538    000000cc     (.common:dataRec)
                  20000604    00000001     (.common:STATE)
                  20000605    00000001     (.common:ind)
                  20000606    00000001     (.common:indRec)

.data      0    20000608    00000018     UNINITIALIZED
                  20000608    0000000c     rtsv7M4_T_le_v4SPD16_eabi.lib : exit.obj (.data:$O1$$)
                  20000614    00000008                                   : _lock.obj (.data:$O1$$)
                  2000061c    00000004                                   : stkdepth_vars.obj (.data)

MODULE SUMMARY

       Module                         code   ro data   rw data
       ------                         ----   -------   -------
    .\
       interrupt.obj                  960    268       620    
       main.obj                       1320   0         411    
       tm4c123gh6pm_startup_ccs.obj   12     620       0      
    +--+------------------------------+------+---------+---------+
       Total:                         2292   888       1031   
                                                              
    C:/ti/TivaWare_C_Series-2.2.0.295/driverlib/ccs/Debug/driverlib.lib
       gpio.obj                       666    144       0      
       sysctl.obj                     638    108       0      
       uart.obj                       146    0         0      
       systick.obj                    48     0         0      
       cpu.obj                        40     0         0      
    +--+------------------------------+------+---------+---------+
       Total:                         1538   252       0      
                                                              
    C:\ti\ccsv7\tools\compiler\ti-cgt-arm_16.9.4.LTS\lib\rtsv7M4_T_le_v4SPD16_eabi.lib
       memcpy_t2.obj                  156    0         0      
       memset_t2.obj                  122    0         0      
       autoinit.obj                   112    0         0      
       copy_decompress_lzss.obj       104    0         0      
       exit.obj                       84     0         12     
       boot.obj                       84     0         0      
       cpy_tbl.obj                    76     0         0      
       _lock.obj                      20     0         8      
       args_main.obj                  24     0         0      
       copy_decompress_none.obj       14     0         0      
       copy_zero_init.obj             12     0         0      
       pre_init.obj                   4      0         0      
       stkdepth_vars.obj              0      0         4      
       mpu_init.obj                   2      0         0      
       startup.obj                    2      0         0      
    +--+------------------------------+------+---------+---------+
       Total:                         816    0         24     
                                                              
       Stack:                         0      0         512    
       Linker Generated:              0      69        0      
    +--+------------------------------+------+---------+---------+
       Grand Total:                   4646   1209      1567   


LINKER GENERATED COPY TABLES

__TI_cinit_table @ 000016d0 records: 3, size/record: 8, table size: 24
	.data: load addr=000016a0, load size=00000011 bytes, run addr=20000608, run size=00000018 bytes, compression=lzss
	.bss: load addr=000016c0, load size=00000008 bytes, run addr=2000046c, run size=0000019b bytes, compression=zero_init
	.vtable: load addr=000016c8, load size=00000008 bytes, run addr=20000000, run size=0000026c bytes, compression=zero_init


LINKER GENERATED HANDLER TABLE

__TI_handler_table @ 000016b4 records: 3, size/record: 4, table size: 12
	index: 0, handler: __TI_zero_init
	index: 1, handler: __TI_decompress_lzss
	index: 2, handler: __TI_decompress_none


GLOBAL SYMBOLS: SORTED ALPHABETICALLY BY Name 

address   name                           
-------   ----                           
00001169  C$$EXIT                        
00001465  CPUbasepriGet                  
00001479  CPUbasepriSet                  
0000141d  CPUcpsid                       
00001429  CPUcpsie                       
0000026d  Delay                          
00001309  GPIODirModeSet                 
0000147f  GPIOIntClear                   
00001435  GPIOIntEnable                  
000010bd  GPIOIntTypeSet                 
00000b55  GPIOPadConfigSet               
000011bd  GPIOPinConfigure               
00001389  GPIOPinTypeGPIOInput           
00001355  GPIOPinTypeGPIOOutput          
0000139f  GPIOPinTypeUART                
00001485  GPIOPinWrite                   
00000955  IntDisable                     
000008e3  IntEnable                      
000002d7  IntGPIOf                       
000009c7  IntIsEnabled                   
000007a7  IntMasterDisable               
00000797  IntMasterEnable                
00000abd  IntPendClear                   
00000a4d  IntPendSet                     
000008bf  IntPriorityGet                 
00000837  IntPriorityGroupingGet         
0000081d  IntPriorityGroupingSet         
00000b17  IntPriorityMaskGet             
00000b0b  IntPriorityMaskSet             
0000086f  IntPrioritySet                 
000007b7  IntRegister                    
00000b1f  IntTrigger                     
00000809  IntUnregister                  
00000699  LED_IND                        
00001459  ResetISR                       
UNDEFED   SHT$$INIT_ARRAY$$Base          
UNDEFED   SHT$$INIT_ARRAY$$Limit         
20000604  STATE                          
00000cc1  SysCtlClockGet                 
00000dd9  SysCtlClockSet                 
0000148b  SysCtlDelay                    
000012d5  SysCtlPeripheralEnable         
0000129d  SysCtlPeripheralReady          
000013b5  SysTickEnable                  
000013f1  SysTickPeriodSet               
00001441  SysTickValueGet                
00001401  UARTCharGetNonBlocking         
0000146f  UARTCharPut                    
00001255  UARTConfigSetExpClk            
00001335  UARTDisable                    
000013c9  UARTEnable                     
000002ad  UARTSend                       
2000046c  __STACK_END                    
00000200  __STACK_SIZE                   
2000046c  __STACK_TOP                    
000016d0  __TI_CINIT_Base                
000016e8  __TI_CINIT_Limit               
000016b4  __TI_Handler_Table_Base        
000016c0  __TI_Handler_Table_Limit       
00000fe5  __TI_auto_init                 
20000608  __TI_cleanup_ptr               
00001055  __TI_decompress_lzss           
0000140f  __TI_decompress_none           
2000060c  __TI_dtors_ptr                 
20000610  __TI_enable_exit_profile_output
ffffffff  __TI_pprof_out_hndl            
ffffffff  __TI_prof_data_size            
ffffffff  __TI_prof_data_start           
00000000  __TI_static_base__             
0000144d  __TI_zero_init                 
00000f69  __aeabi_memclr                 
00000f69  __aeabi_memclr4                
00000f69  __aeabi_memclr8                
00000ecd  __aeabi_memcpy                 
00000ecd  __aeabi_memcpy4                
00000ecd  __aeabi_memcpy8                
00000f6b  __aeabi_memset                 
00000f6b  __aeabi_memset4                
00000f6b  __aeabi_memset8                
ffffffff  __binit__                      
ffffffff  __c_args__                     
00000fe3  __mpu_init                     
2000026c  __stack                        
00001371  _args_main                     
00001115  _c_int00                       
20000614  _lock                          
000013eb  _nop                           
000013e3  _register_lock                 
000013dd  _register_unlock               
0000129b  _system_post_cinit             
00001491  _system_pre_init               
20000618  _unlock                        
0000116d  abort                          
ffffffff  binit                          
00001209  copy_in                        
2000046c  data                           
20000538  dataRec                        
00001175  exit                           
20000000  g_pfnRAMVectors                
00000000  g_pfnVectors                   
20000605  ind                            
20000606  indRec                         
000002fb  main                           
2000061c  main_func_sp                   
00000ecd  memcpy                         
00000f71  memset                         
00000639  serialDebug                    


GLOBAL SYMBOLS: SORTED BY Symbol Address 

address   name                           
-------   ----                           
00000000  __TI_static_base__             
00000000  g_pfnVectors                   
00000200  __STACK_SIZE                   
0000026d  Delay                          
000002ad  UARTSend                       
000002d7  IntGPIOf                       
000002fb  main                           
00000639  serialDebug                    
00000699  LED_IND                        
00000797  IntMasterEnable                
000007a7  IntMasterDisable               
000007b7  IntRegister                    
00000809  IntUnregister                  
0000081d  IntPriorityGroupingSet         
00000837  IntPriorityGroupingGet         
0000086f  IntPrioritySet                 
000008bf  IntPriorityGet                 
000008e3  IntEnable                      
00000955  IntDisable                     
000009c7  IntIsEnabled                   
00000a4d  IntPendSet                     
00000abd  IntPendClear                   
00000b0b  IntPriorityMaskSet             
00000b17  IntPriorityMaskGet             
00000b1f  IntTrigger                     
00000b55  GPIOPadConfigSet               
00000cc1  SysCtlClockGet                 
00000dd9  SysCtlClockSet                 
00000ecd  __aeabi_memcpy                 
00000ecd  __aeabi_memcpy4                
00000ecd  __aeabi_memcpy8                
00000ecd  memcpy                         
00000f69  __aeabi_memclr                 
00000f69  __aeabi_memclr4                
00000f69  __aeabi_memclr8                
00000f6b  __aeabi_memset                 
00000f6b  __aeabi_memset4                
00000f6b  __aeabi_memset8                
00000f71  memset                         
00000fe3  __mpu_init                     
00000fe5  __TI_auto_init                 
00001055  __TI_decompress_lzss           
000010bd  GPIOIntTypeSet                 
00001115  _c_int00                       
00001169  C$$EXIT                        
0000116d  abort                          
00001175  exit                           
000011bd  GPIOPinConfigure               
00001209  copy_in                        
00001255  UARTConfigSetExpClk            
0000129b  _system_post_cinit             
0000129d  SysCtlPeripheralReady          
000012d5  SysCtlPeripheralEnable         
00001309  GPIODirModeSet                 
00001335  UARTDisable                    
00001355  GPIOPinTypeGPIOOutput          
00001371  _args_main                     
00001389  GPIOPinTypeGPIOInput           
0000139f  GPIOPinTypeUART                
000013b5  SysTickEnable                  
000013c9  UARTEnable                     
000013dd  _register_unlock               
000013e3  _register_lock                 
000013eb  _nop                           
000013f1  SysTickPeriodSet               
00001401  UARTCharGetNonBlocking         
0000140f  __TI_decompress_none           
0000141d  CPUcpsid                       
00001429  CPUcpsie                       
00001435  GPIOIntEnable                  
00001441  SysTickValueGet                
0000144d  __TI_zero_init                 
00001459  ResetISR                       
00001465  CPUbasepriGet                  
0000146f  UARTCharPut                    
00001479  CPUbasepriSet                  
0000147f  GPIOIntClear                   
00001485  GPIOPinWrite                   
0000148b  SysCtlDelay                    
00001491  _system_pre_init               
000016b4  __TI_Handler_Table_Base        
000016c0  __TI_Handler_Table_Limit       
000016d0  __TI_CINIT_Base                
000016e8  __TI_CINIT_Limit               
20000000  g_pfnRAMVectors                
2000026c  __stack                        
2000046c  __STACK_END                    
2000046c  __STACK_TOP                    
2000046c  data                           
20000538  dataRec                        
20000604  STATE                          
20000605  ind                            
20000606  indRec                         
20000608  __TI_cleanup_ptr               
2000060c  __TI_dtors_ptr                 
20000610  __TI_enable_exit_profile_output
20000614  _lock                          
20000618  _unlock                        
2000061c  main_func_sp                   
ffffffff  __TI_pprof_out_hndl            
ffffffff  __TI_prof_data_size            
ffffffff  __TI_prof_data_start           
ffffffff  __binit__                      
ffffffff  __c_args__                     
ffffffff  binit                          
UNDEFED   SHT$$INIT_ARRAY$$Base          
UNDEFED   SHT$$INIT_ARRAY$$Limit         

[107 symbols]
