******************************************************************************
                  TI ARM Linker PC v16.9.4                     
******************************************************************************
>> Linked Thu Aug 31 23:46:17 2023

OUTPUT FILE NAME:   <Motor.out>
ENTRY POINT SYMBOL: "_c_int00"  address: 00000b39


MEMORY CONFIGURATION

         name            origin    length      used     unused   attr    fill
----------------------  --------  ---------  --------  --------  ----  --------
  FLASH                 00000000   00040000  00000d16  0003f2ea  R  X
  SRAM                  20000000   00008000  00000218  00007de8  RW X


SEGMENT ALLOCATION MAP

run origin  load origin   length   init length attrs members
----------  ----------- ---------- ----------- ----- -------
00000000    00000000    00000d1c   00000d1c    r-x
  00000000    00000000    0000026c   0000026c    r-- .intvecs
  0000026c    0000026c    00000a86   00000a86    r-x .text
  00000cf8    00000cf8    00000024   00000024    r-- .cinit
20000000    20000000    00000218   00000000    rw-
  20000000    20000000    00000200   00000000    rw- .stack
  20000200    20000200    00000018   00000000    rw- .data


SECTION ALLOCATION MAP

 output                                  attributes/
section   page    origin      length       input sections
--------  ----  ----------  ----------   ----------------
.intvecs   0    00000000    0000026c     
                  00000000    0000026c     tm4c123gh6pm_startup_ccs.obj (.intvecs)

.text      0    0000026c    00000a86     
                  0000026c    000001ec     main.obj (.text)
                  00000458    000001b6     rtsv7M4_T_le_v4SPD16_eabi.lib : fd_add_t2.obj (.text)
                  0000060e    00000002                                   : mpu_init.obj (.text)
                  00000610    00000180     Motor.obj (.text)
                  00000790    00000136     rtsv7M4_T_le_v4SPD16_eabi.lib : fd_div_t2.obj (.text)
                  000008c6    000000fc                                   : fd_mul_t2.obj (.text)
                  000009c2    0000009c                                   : memcpy_t2.obj (.text)
                  00000a5e    00000002                                   : startup.obj (.text)
                  00000a60    00000070                                   : autoinit.obj (.text)
                  00000ad0    00000068                                   : copy_decompress_lzss.obj (.text:decompress:lzss)
                  00000b38    00000054                                   : boot.obj (.text)
                  00000b8c    00000054                                   : exit.obj (.text)
                  00000be0    0000004c                                   : cpy_tbl.obj (.text)
                  00000c2c    00000044                                   : fd_tou_t2.obj (.text)
                  00000c70    00000038                                   : fs_tod_t2.obj (.text)
                  00000ca8    00000018                                   : args_main.obj (.text)
                  00000cc0    00000014                                   : _lock.obj (.text)
                  00000cd4    0000000e                                   : copy_decompress_none.obj (.text:decompress:none)
                  00000ce2    0000000c     tm4c123gh6pm_startup_ccs.obj (.text)
                  00000cee    00000004     rtsv7M4_T_le_v4SPD16_eabi.lib : pre_init.obj (.text)

.cinit     0    00000cf8    00000024     
                  00000cf8    00000011     (.cinit..data.load) [load image, compression = lzss]
                  00000d09    00000003     --HOLE-- [fill = 0]
                  00000d0c    00000008     (__TI_handler_table)
                  00000d14    00000008     (__TI_cinit_table)

.init_array 
*          0    00000000    00000000     UNINITIALIZED

.stack     0    20000000    00000200     UNINITIALIZED
                  20000000    00000200     --HOLE--

.data      0    20000200    00000018     UNINITIALIZED
                  20000200    0000000c     rtsv7M4_T_le_v4SPD16_eabi.lib : exit.obj (.data:$O1$$)
                  2000020c    00000008                                   : _lock.obj (.data:$O1$$)
                  20000214    00000004                                   : stkdepth_vars.obj (.data)

MODULE SUMMARY

       Module                         code   ro data   rw data
       ------                         ----   -------   -------
    .\
       tm4c123gh6pm_startup_ccs.obj   12     620       0      
       main.obj                       492    0         0      
       Motor.obj                      384    0         0      
    +--+------------------------------+------+---------+---------+
       Total:                         888    620       0      
                                                              
    C:\ti\ccsv7\tools\compiler\ti-cgt-arm_16.9.4.LTS\lib\rtsv7M4_T_le_v4SPD16_eabi.lib
       fd_add_t2.obj                  438    0         0      
       fd_div_t2.obj                  310    0         0      
       fd_mul_t2.obj                  252    0         0      
       memcpy_t2.obj                  156    0         0      
       autoinit.obj                   112    0         0      
       copy_decompress_lzss.obj       104    0         0      
       exit.obj                       84     0         12     
       boot.obj                       84     0         0      
       cpy_tbl.obj                    76     0         0      
       fd_tou_t2.obj                  68     0         0      
       fs_tod_t2.obj                  56     0         0      
       _lock.obj                      20     0         8      
       args_main.obj                  24     0         0      
       copy_decompress_none.obj       14     0         0      
       pre_init.obj                   4      0         0      
       stkdepth_vars.obj              0      0         4      
       mpu_init.obj                   2      0         0      
       startup.obj                    2      0         0      
    +--+------------------------------+------+---------+---------+
       Total:                         1806   0         24     
                                                              
       Stack:                         0      0         512    
       Linker Generated:              0      33        0      
    +--+------------------------------+------+---------+---------+
       Grand Total:                   2694   653       536    


LINKER GENERATED COPY TABLES

__TI_cinit_table @ 00000d14 records: 1, size/record: 8, table size: 8
	.data: load addr=00000cf8, load size=00000011 bytes, run addr=20000200, run size=00000018 bytes, compression=lzss


LINKER GENERATED HANDLER TABLE

__TI_handler_table @ 00000d0c records: 2, size/record: 4, table size: 8
	index: 0, handler: __TI_decompress_lzss
	index: 1, handler: __TI_decompress_none


GLOBAL SYMBOLS: SORTED ALPHABETICALLY BY Name 

address   name                           
-------   ----                           
00000b8d  C$$EXIT                        
0000068f  Delay_ms                       
000006d1  Duty_Cycle                     
0000072d  PWM_Freq_KHZ                   
0000068d  PWM_init                       
00000ce3  ResetISR                       
UNDEFED   SHT$$INIT_ARRAY$$Base          
UNDEFED   SHT$$INIT_ARRAY$$Limit         
00000659  Turn_OtherDirection            
00000611  Turn_oneDirection              
20000200  __STACK_END                    
00000200  __STACK_SIZE                   
20000200  __STACK_TOP                    
00000d14  __TI_CINIT_Base                
00000d1c  __TI_CINIT_Limit               
00000d0c  __TI_Handler_Table_Base        
00000d14  __TI_Handler_Table_Limit       
00000a61  __TI_auto_init                 
20000200  __TI_cleanup_ptr               
00000ad1  __TI_decompress_lzss           
00000cd5  __TI_decompress_none           
20000204  __TI_dtors_ptr                 
20000208  __TI_enable_exit_profile_output
ffffffff  __TI_pprof_out_hndl            
ffffffff  __TI_prof_data_size            
ffffffff  __TI_prof_data_start           
00000000  __TI_static_base__             
00000c2d  __aeabi_d2uiz                  
00000463  __aeabi_dadd                   
00000791  __aeabi_ddiv                   
000008c7  __aeabi_dmul                   
00000459  __aeabi_dsub                   
00000c71  __aeabi_f2d                    
000009c3  __aeabi_memcpy                 
000009c3  __aeabi_memcpy4                
000009c3  __aeabi_memcpy8                
ffffffff  __binit__                      
ffffffff  __c_args__                     
0000060f  __mpu_init                     
20000000  __stack                        
00000ca9  _args_main                     
00000b39  _c_int00                       
2000020c  _lock                          
00000ccf  _nop                           
00000cc7  _register_lock                 
00000cc1  _register_unlock               
00000a5f  _system_post_cinit             
00000cef  _system_pre_init               
20000210  _unlock                        
00000b91  abort                          
ffffffff  binit                          
00000be1  copy_in                        
00000b99  exit                           
00000000  g_pfnVectors                   
0000026d  main                           
20000214  main_func_sp                   
000009c3  memcpy                         


GLOBAL SYMBOLS: SORTED BY Symbol Address 

address   name                           
-------   ----                           
00000000  __TI_static_base__             
00000000  g_pfnVectors                   
00000200  __STACK_SIZE                   
0000026d  main                           
00000459  __aeabi_dsub                   
00000463  __aeabi_dadd                   
0000060f  __mpu_init                     
00000611  Turn_oneDirection              
00000659  Turn_OtherDirection            
0000068d  PWM_init                       
0000068f  Delay_ms                       
000006d1  Duty_Cycle                     
0000072d  PWM_Freq_KHZ                   
00000791  __aeabi_ddiv                   
000008c7  __aeabi_dmul                   
000009c3  __aeabi_memcpy                 
000009c3  __aeabi_memcpy4                
000009c3  __aeabi_memcpy8                
000009c3  memcpy                         
00000a5f  _system_post_cinit             
00000a61  __TI_auto_init                 
00000ad1  __TI_decompress_lzss           
00000b39  _c_int00                       
00000b8d  C$$EXIT                        
00000b91  abort                          
00000b99  exit                           
00000be1  copy_in                        
00000c2d  __aeabi_d2uiz                  
00000c71  __aeabi_f2d                    
00000ca9  _args_main                     
00000cc1  _register_unlock               
00000cc7  _register_lock                 
00000ccf  _nop                           
00000cd5  __TI_decompress_none           
00000ce3  ResetISR                       
00000cef  _system_pre_init               
00000d0c  __TI_Handler_Table_Base        
00000d14  __TI_CINIT_Base                
00000d14  __TI_Handler_Table_Limit       
00000d1c  __TI_CINIT_Limit               
20000000  __stack                        
20000200  __STACK_END                    
20000200  __STACK_TOP                    
20000200  __TI_cleanup_ptr               
20000204  __TI_dtors_ptr                 
20000208  __TI_enable_exit_profile_output
2000020c  _lock                          
20000210  _unlock                        
20000214  main_func_sp                   
ffffffff  __TI_pprof_out_hndl            
ffffffff  __TI_prof_data_size            
ffffffff  __TI_prof_data_start           
ffffffff  __binit__                      
ffffffff  __c_args__                     
ffffffff  binit                          
UNDEFED   SHT$$INIT_ARRAY$$Base          
UNDEFED   SHT$$INIT_ARRAY$$Limit         

[57 symbols]
