******************************************************************************
                  TI ARM Linker PC v16.9.4                     
******************************************************************************
>> Linked Sun Aug 27 10:15:08 2023

OUTPUT FILE NAME:   <GPT_TivaC.out>
ENTRY POINT SYMBOL: "_c_int00"  address: 00001ac9


MEMORY CONFIGURATION

         name            origin    length      used     unused   attr    fill
----------------------  --------  ---------  --------  --------  ----  --------
  FLASH                 00000000   00040000  00001c54  0003e3ac  R  X
  SRAM                  20000000   00008000  00000230  00007dd0  RW X


SEGMENT ALLOCATION MAP

run origin  load origin   length   init length attrs members
----------  ----------- ---------- ----------- ----- -------
00000000    00000000    00001c58   00001c58    r-x
  00000000    00000000    0000026c   0000026c    r-- .intvecs
  0000026c    0000026c    000019a8   000019a8    r-x .text
  00001c18    00001c18    00000040   00000040    r-- .cinit
20000000    20000000    00000230   00000000    rw-
  20000000    20000000    00000200   00000000    rw- .stack
  20000200    20000200    00000028   00000000    rw- .data
  20000228    20000228    00000008   00000000    rw- .bss


SECTION ALLOCATION MAP

 output                                  attributes/
section   page    origin      length       input sections
--------  ----  ----------  ----------   ----------------
.intvecs   0    00000000    0000026c     
                  00000000    0000026c     tm4c123gh6pm_startup_ccs.obj (.intvecs)

.text      0    0000026c    000019a8     
                  0000026c    00000f58     Tiva_DIO.obj (.text)
                  000011c4    000005d0     Tiva_GPTimers.obj (.text)
                  00001794    00000144     main.obj (.text)
                  000018d8    0000009c     rtsv7M4_T_le_v4SPD16_eabi.lib : memcpy_t2.obj (.text)
                  00001974    0000007a                                   : memset_t2.obj (.text)
                  000019ee    00000002                                   : mpu_init.obj (.text)
                  000019f0    00000070                                   : autoinit.obj (.text)
                  00001a60    00000068                                   : copy_decompress_lzss.obj (.text:decompress:lzss)
                  00001ac8    00000054                                   : boot.obj (.text)
                  00001b1c    00000054                                   : exit.obj (.text)
                  00001b70    0000004c                                   : cpy_tbl.obj (.text)
                  00001bbc    00000018                                   : args_main.obj (.text)
                  00001bd4    00000014                                   : _lock.obj (.text)
                  00001be8    0000000e                                   : copy_decompress_none.obj (.text:decompress:none)
                  00001bf6    0000000c                                   : copy_zero_init.obj (.text:decompress:ZI)
                  00001c02    0000000c     tm4c123gh6pm_startup_ccs.obj (.text)
                  00001c0e    00000004     rtsv7M4_T_le_v4SPD16_eabi.lib : pre_init.obj (.text)
                  00001c12    00000002                                   : startup.obj (.text)

.cinit     0    00001c18    00000040     
                  00001c18    00000019     (.cinit..data.load) [load image, compression = lzss]
                  00001c31    00000003     --HOLE-- [fill = 0]
                  00001c34    0000000c     (__TI_handler_table)
                  00001c40    00000008     (.cinit..bss.load) [load image, compression = zero_init]
                  00001c48    00000010     (__TI_cinit_table)

.init_array 
*          0    00000000    00000000     UNINITIALIZED

.stack     0    20000000    00000200     UNINITIALIZED
                  20000000    00000200     --HOLE--

.data      0    20000200    00000028     UNINITIALIZED
                  20000200    0000000e     main.obj (.data:GPTM_EdgeTimer)
                  2000020e    00000002     --HOLE--
                  20000210    0000000c     rtsv7M4_T_le_v4SPD16_eabi.lib : exit.obj (.data:$O1$$)
                  2000021c    00000008                                   : _lock.obj (.data:$O1$$)
                  20000224    00000004                                   : stkdepth_vars.obj (.data)

.bss       0    20000228    00000008     UNINITIALIZED
                  20000228    00000004     (.common:read_new)
                  2000022c    00000004     (.common:read_old)

MODULE SUMMARY

       Module                         code   ro data   rw data
       ------                         ----   -------   -------
    .\
       tm4c123gh6pm_startup_ccs.obj   12     620       0      
       main.obj                       324    0         22     
    +--+------------------------------+------+---------+---------+
       Total:                         336    620       22     
                                                              
    .\Tiva_DIO\
       Tiva_DIO.obj                   3928   0         0      
    +--+------------------------------+------+---------+---------+
       Total:                         3928   0         0      
                                                              
    .\Tiva_GPTimers\
       Tiva_GPTimers.obj              1488   0         0      
    +--+------------------------------+------+---------+---------+
       Total:                         1488   0         0      
                                                              
    C:\ti\ccsv7\tools\compiler\ti-cgt-arm_16.9.4.LTS\lib\rtsv7M4_T_le_v4SPD16_eabi.lib
       memcpy_t2.obj                  156    0         0      
       memset_t2.obj                  122    0         0      
       autoinit.obj                   112    0         0      
       copy_decompress_lzss.obj       104    0         0      
       exit.obj                       84     0         12     
       boot.obj                       84     0         0      
       cpy_tbl.obj                    76     0         0      
       _lock.obj                      20     0         8      
       args_main.obj                  24     0         0      
       copy_decompress_none.obj       14     0         0      
       copy_zero_init.obj             12     0         0      
       pre_init.obj                   4      0         0      
       stkdepth_vars.obj              0      0         4      
       mpu_init.obj                   2      0         0      
       startup.obj                    2      0         0      
    +--+------------------------------+------+---------+---------+
       Total:                         816    0         24     
                                                              
       Stack:                         0      0         512    
       Linker Generated:              0      61        0      
    +--+------------------------------+------+---------+---------+
       Grand Total:                   6568   681       558    


LINKER GENERATED COPY TABLES

__TI_cinit_table @ 00001c48 records: 2, size/record: 8, table size: 16
	.data: load addr=00001c18, load size=00000019 bytes, run addr=20000200, run size=00000028 bytes, compression=lzss
	.bss: load addr=00001c40, load size=00000008 bytes, run addr=20000228, run size=00000008 bytes, compression=zero_init


LINKER GENERATED HANDLER TABLE

__TI_handler_table @ 00001c34 records: 3, size/record: 4, table size: 12
	index: 0, handler: __TI_decompress_lzss
	index: 1, handler: __TI_decompress_none
	index: 2, handler: __TI_zero_init


GLOBAL SYMBOLS: SORTED ALPHABETICALLY BY Name 

address   name                           
-------   ----                           
00001b1d  C$$EXIT                        
000003c1  ClearDataBIT                   
00000649  DIO_InitPin                    
00000515  DIO_PORT_Init                  
00000b45  DIO_ReadPin                    
00000c39  DIO_TogglePin                  
000009e9  DIO_WritePin                   
00000cf5  DIO_WritePort                  
00001795  GPIOF_Handler                  
20000200  GPTM_EdgeTimer                 
000016db  GPT_CCP_PinInit                
00001365  GPT_Disable                    
00001287  GPT_Enable                     
00001559  GPT_Init                       
00001445  GPT_Mode                       
000011d3  GPTcapture_read                
000011c5  Init                           
00000d79  Inteupt_Edge_InitPin           
0000045f  ReadDataBIT                    
00001c03  ResetISR                       
UNDEFED   SHT$$INIT_ARRAY$$Base          
UNDEFED   SHT$$INIT_ARRAY$$Limit         
000010cb  Systick_Disable                
0000108f  Systick_Init                   
000010d7  Systick_ReadCOUNT              
000010e5  Systick_Reload_ms              
0000026d  WriteDataBIT                   
0000032b  WriteDataBITS                  
20000200  __STACK_END                    
00000200  __STACK_SIZE                   
20000200  __STACK_TOP                    
00001c48  __TI_CINIT_Base                
00001c58  __TI_CINIT_Limit               
00001c34  __TI_Handler_Table_Base        
00001c40  __TI_Handler_Table_Limit       
000019f1  __TI_auto_init                 
20000210  __TI_cleanup_ptr               
00001a61  __TI_decompress_lzss           
00001be9  __TI_decompress_none           
20000214  __TI_dtors_ptr                 
20000218  __TI_enable_exit_profile_output
ffffffff  __TI_pprof_out_hndl            
ffffffff  __TI_prof_data_size            
ffffffff  __TI_prof_data_start           
00000000  __TI_static_base__             
00001bf7  __TI_zero_init                 
00001975  __aeabi_memclr                 
00001975  __aeabi_memclr4                
00001975  __aeabi_memclr8                
000018d9  __aeabi_memcpy                 
000018d9  __aeabi_memcpy4                
000018d9  __aeabi_memcpy8                
00001977  __aeabi_memset                 
00001977  __aeabi_memset4                
00001977  __aeabi_memset8                
ffffffff  __binit__                      
ffffffff  __c_args__                     
000019ef  __mpu_init                     
20000000  __stack                        
00001bbd  _args_main                     
00001ac9  _c_int00                       
2000021c  _lock                          
00001be3  _nop                           
00001bdb  _register_lock                 
00001bd5  _register_unlock               
00001c13  _system_post_cinit             
00001c0f  _system_pre_init               
20000220  _unlock                        
00001b21  abort                          
ffffffff  binit                          
00001b71  copy_in                        
00001b29  exit                           
00000000  g_pfnVectors                   
000017b3  main                           
20000224  main_func_sp                   
000018d9  memcpy                         
0000197d  memset                         
20000228  read_new                       
2000022c  read_old                       
000011c7  stop                           


GLOBAL SYMBOLS: SORTED BY Symbol Address 

address   name                           
-------   ----                           
00000000  __TI_static_base__             
00000000  g_pfnVectors                   
00000200  __STACK_SIZE                   
0000026d  WriteDataBIT                   
0000032b  WriteDataBITS                  
000003c1  ClearDataBIT                   
0000045f  ReadDataBIT                    
00000515  DIO_PORT_Init                  
00000649  DIO_InitPin                    
000009e9  DIO_WritePin                   
00000b45  DIO_ReadPin                    
00000c39  DIO_TogglePin                  
00000cf5  DIO_WritePort                  
00000d79  Inteupt_Edge_InitPin           
0000108f  Systick_Init                   
000010cb  Systick_Disable                
000010d7  Systick_ReadCOUNT              
000010e5  Systick_Reload_ms              
000011c5  Init                           
000011c7  stop                           
000011d3  GPTcapture_read                
00001287  GPT_Enable                     
00001365  GPT_Disable                    
00001445  GPT_Mode                       
00001559  GPT_Init                       
000016db  GPT_CCP_PinInit                
00001795  GPIOF_Handler                  
000017b3  main                           
000018d9  __aeabi_memcpy                 
000018d9  __aeabi_memcpy4                
000018d9  __aeabi_memcpy8                
000018d9  memcpy                         
00001975  __aeabi_memclr                 
00001975  __aeabi_memclr4                
00001975  __aeabi_memclr8                
00001977  __aeabi_memset                 
00001977  __aeabi_memset4                
00001977  __aeabi_memset8                
0000197d  memset                         
000019ef  __mpu_init                     
000019f1  __TI_auto_init                 
00001a61  __TI_decompress_lzss           
00001ac9  _c_int00                       
00001b1d  C$$EXIT                        
00001b21  abort                          
00001b29  exit                           
00001b71  copy_in                        
00001bbd  _args_main                     
00001bd5  _register_unlock               
00001bdb  _register_lock                 
00001be3  _nop                           
00001be9  __TI_decompress_none           
00001bf7  __TI_zero_init                 
00001c03  ResetISR                       
00001c0f  _system_pre_init               
00001c13  _system_post_cinit             
00001c34  __TI_Handler_Table_Base        
00001c40  __TI_Handler_Table_Limit       
00001c48  __TI_CINIT_Base                
00001c58  __TI_CINIT_Limit               
20000000  __stack                        
20000200  GPTM_EdgeTimer                 
20000200  __STACK_END                    
20000200  __STACK_TOP                    
20000210  __TI_cleanup_ptr               
20000214  __TI_dtors_ptr                 
20000218  __TI_enable_exit_profile_output
2000021c  _lock                          
20000220  _unlock                        
20000224  main_func_sp                   
20000228  read_new                       
2000022c  read_old                       
ffffffff  __TI_pprof_out_hndl            
ffffffff  __TI_prof_data_size            
ffffffff  __TI_prof_data_start           
ffffffff  __binit__                      
ffffffff  __c_args__                     
ffffffff  binit                          
UNDEFED   SHT$$INIT_ARRAY$$Base          
UNDEFED   SHT$$INIT_ARRAY$$Limit         

[80 symbols]
