******************************************************************************
                  TI ARM Linker PC v16.9.4                     
******************************************************************************
>> Linked Sat Aug 26 14:32:21 2023

OUTPUT FILE NAME:   <GPT_TivaC.out>
ENTRY POINT SYMBOL: "_c_int00"  address: 0000173d


MEMORY CONFIGURATION

         name            origin    length      used     unused   attr    fill
----------------------  --------  ---------  --------  --------  ----  --------
  FLASH                 00000000   00040000  000018c8  0003e738  R  X
  SRAM                  20000000   00008000  00000228  00007dd8  RW X


SEGMENT ALLOCATION MAP

run origin  load origin   length   init length attrs members
----------  ----------- ---------- ----------- ----- -------
00000000    00000000    000018c8   000018c8    r-x
  00000000    00000000    0000026c   0000026c    r-- .intvecs
  0000026c    0000026c    0000161c   0000161c    r-x .text
  00001888    00001888    00000040   00000040    r-- .cinit
20000000    20000000    00000228   00000000    rw-
  20000000    20000000    00000200   00000000    rw- .stack
  20000200    20000200    00000020   00000000    rw- .data
  20000220    20000220    00000008   00000000    rw- .bss


SECTION ALLOCATION MAP

 output                                  attributes/
section   page    origin      length       input sections
--------  ----  ----------  ----------   ----------------
.intvecs   0    00000000    0000026c     
                  00000000    0000026c     tm4c123gh6pm_startup_ccs.obj (.intvecs)

.text      0    0000026c    0000161c     
                  0000026c    00000f58     Tiva_DIO.obj (.text)
                  000011c4    00000238     Tiva_GPTimers.obj (.text)
                  000013fc    00000150     main.obj (.text)
                  0000154c    0000009c     rtsv7M4_T_le_v4SPD16_eabi.lib : memcpy_t2.obj (.text)
                  000015e8    0000007a                                   : memset_t2.obj (.text)
                  00001662    00000002                                   : mpu_init.obj (.text)
                  00001664    00000070                                   : autoinit.obj (.text)
                  000016d4    00000068                                   : copy_decompress_lzss.obj (.text:decompress:lzss)
                  0000173c    00000054                                   : boot.obj (.text)
                  00001790    00000054                                   : exit.obj (.text)
                  000017e4    0000004c                                   : cpy_tbl.obj (.text)
                  00001830    00000018                                   : args_main.obj (.text)
                  00001848    00000014                                   : _lock.obj (.text)
                  0000185c    0000000e                                   : copy_decompress_none.obj (.text:decompress:none)
                  0000186a    0000000c                                   : copy_zero_init.obj (.text:decompress:ZI)
                  00001876    0000000c     tm4c123gh6pm_startup_ccs.obj (.text)
                  00001882    00000004     rtsv7M4_T_le_v4SPD16_eabi.lib : pre_init.obj (.text)
                  00001886    00000002                                   : startup.obj (.text)

.cinit     0    00001888    00000040     
                  00001888    00000018     (.cinit..data.load) [load image, compression = lzss]
                  000018a0    0000000c     (__TI_handler_table)
                  000018ac    00000004     --HOLE-- [fill = 0]
                  000018b0    00000008     (.cinit..bss.load) [load image, compression = zero_init]
                  000018b8    00000010     (__TI_cinit_table)

.init_array 
*          0    00000000    00000000     UNINITIALIZED

.stack     0    20000000    00000200     UNINITIALIZED
                  20000000    00000200     --HOLE--

.data      0    20000200    00000020     UNINITIALIZED
                  20000200    0000000c     rtsv7M4_T_le_v4SPD16_eabi.lib : exit.obj (.data:$O1$$)
                  2000020c    00000008                                   : _lock.obj (.data:$O1$$)
                  20000214    00000007     main.obj (.data:GPTM_EdgeTimer)
                  2000021b    00000001     --HOLE--
                  2000021c    00000004     rtsv7M4_T_le_v4SPD16_eabi.lib : stkdepth_vars.obj (.data)

.bss       0    20000220    00000008     UNINITIALIZED
                  20000220    00000004     (.common:read_new)
                  20000224    00000004     (.common:read_old)

MODULE SUMMARY

       Module                         code   ro data   rw data
       ------                         ----   -------   -------
    .\
       tm4c123gh6pm_startup_ccs.obj   12     620       0      
       main.obj                       336    0         15     
    +--+------------------------------+------+---------+---------+
       Total:                         348    620       15     
                                                              
    .\Tiva_DIO\
       Tiva_DIO.obj                   3928   0         0      
    +--+------------------------------+------+---------+---------+
       Total:                         3928   0         0      
                                                              
    .\Tiva_GPTimers\
       Tiva_GPTimers.obj              568    0         0      
    +--+------------------------------+------+---------+---------+
       Total:                         568    0         0      
                                                              
    C:\ti\ccsv7\tools\compiler\ti-cgt-arm_16.9.4.LTS\lib\rtsv7M4_T_le_v4SPD16_eabi.lib
       memcpy_t2.obj                  156    0         0      
       memset_t2.obj                  122    0         0      
       autoinit.obj                   112    0         0      
       copy_decompress_lzss.obj       104    0         0      
       exit.obj                       84     0         12     
       boot.obj                       84     0         0      
       cpy_tbl.obj                    76     0         0      
       _lock.obj                      20     0         8      
       args_main.obj                  24     0         0      
       copy_decompress_none.obj       14     0         0      
       copy_zero_init.obj             12     0         0      
       pre_init.obj                   4      0         0      
       stkdepth_vars.obj              0      0         4      
       mpu_init.obj                   2      0         0      
       startup.obj                    2      0         0      
    +--+------------------------------+------+---------+---------+
       Total:                         816    0         24     
                                                              
       Stack:                         0      0         512    
       Linker Generated:              0      60        0      
    +--+------------------------------+------+---------+---------+
       Grand Total:                   5660   680       551    


LINKER GENERATED COPY TABLES

__TI_cinit_table @ 000018b8 records: 2, size/record: 8, table size: 16
	.data: load addr=00001888, load size=00000018 bytes, run addr=20000200, run size=00000020 bytes, compression=lzss
	.bss: load addr=000018b0, load size=00000008 bytes, run addr=20000220, run size=00000008 bytes, compression=zero_init


LINKER GENERATED HANDLER TABLE

__TI_handler_table @ 000018a0 records: 3, size/record: 4, table size: 12
	index: 0, handler: __TI_decompress_lzss
	index: 1, handler: __TI_decompress_none
	index: 2, handler: __TI_zero_init


GLOBAL SYMBOLS: SORTED ALPHABETICALLY BY Name 

address   name                           
-------   ----                           
00001791  C$$EXIT                        
000003c1  ClearDataBIT                   
00000649  DIO_InitPin                    
00000515  DIO_PORT_Init                  
00000b45  DIO_ReadPin                    
00000c39  DIO_TogglePin                  
000009e9  DIO_WritePin                   
00000cf5  DIO_WritePort                  
000013fd  GPIOF_Handler                  
20000214  GPTM_EdgeTimer                 
00001337  GPT_CCP_PinInit                
00001201  GPT_Enable                     
00001283  GPT_Init                       
0000120d  GPT_Mode                       
000011cf  Init                           
00000d79  Inteupt_Edge_InitPin           
0000045f  ReadDataBIT                    
00001877  ResetISR                       
UNDEFED   SHT$$INIT_ARRAY$$Base          
UNDEFED   SHT$$INIT_ARRAY$$Limit         
000010cb  Systick_Disable                
0000108f  Systick_Init                   
000010d7  Systick_ReadCOUNT              
000010e5  Systick_Reload_ms              
0000026d  WriteDataBIT                   
0000032b  WriteDataBITS                  
20000200  __STACK_END                    
00000200  __STACK_SIZE                   
20000200  __STACK_TOP                    
000018b8  __TI_CINIT_Base                
000018c8  __TI_CINIT_Limit               
000018a0  __TI_Handler_Table_Base        
000018ac  __TI_Handler_Table_Limit       
00001665  __TI_auto_init                 
20000200  __TI_cleanup_ptr               
000016d5  __TI_decompress_lzss           
0000185d  __TI_decompress_none           
20000204  __TI_dtors_ptr                 
20000208  __TI_enable_exit_profile_output
ffffffff  __TI_pprof_out_hndl            
ffffffff  __TI_prof_data_size            
ffffffff  __TI_prof_data_start           
00000000  __TI_static_base__             
0000186b  __TI_zero_init                 
000015e9  __aeabi_memclr                 
000015e9  __aeabi_memclr4                
000015e9  __aeabi_memclr8                
0000154d  __aeabi_memcpy                 
0000154d  __aeabi_memcpy4                
0000154d  __aeabi_memcpy8                
000015eb  __aeabi_memset                 
000015eb  __aeabi_memset4                
000015eb  __aeabi_memset8                
ffffffff  __binit__                      
ffffffff  __c_args__                     
00001663  __mpu_init                     
20000000  __stack                        
00001831  _args_main                     
0000173d  _c_int00                       
2000020c  _lock                          
00001857  _nop                           
0000184f  _register_lock                 
00001849  _register_unlock               
00001887  _system_post_cinit             
00001883  _system_pre_init               
20000210  _unlock                        
00001795  abort                          
ffffffff  binit                          
000017e5  copy_in                        
000011cd  disable                        
000011c5  enable                         
0000179d  exit                           
00000000  g_pfnVectors                   
0000141b  main                           
2000021c  main_func_sp                   
0000154d  memcpy                         
000015f1  memset                         
000011fb  read                           
20000220  read_new                       
20000224  read_old                       
000011e3  start                          
000011ef  stop                           


GLOBAL SYMBOLS: SORTED BY Symbol Address 

address   name                           
-------   ----                           
00000000  __TI_static_base__             
00000000  g_pfnVectors                   
00000200  __STACK_SIZE                   
0000026d  WriteDataBIT                   
0000032b  WriteDataBITS                  
000003c1  ClearDataBIT                   
0000045f  ReadDataBIT                    
00000515  DIO_PORT_Init                  
00000649  DIO_InitPin                    
000009e9  DIO_WritePin                   
00000b45  DIO_ReadPin                    
00000c39  DIO_TogglePin                  
00000cf5  DIO_WritePort                  
00000d79  Inteupt_Edge_InitPin           
0000108f  Systick_Init                   
000010cb  Systick_Disable                
000010d7  Systick_ReadCOUNT              
000010e5  Systick_Reload_ms              
000011c5  enable                         
000011cd  disable                        
000011cf  Init                           
000011e3  start                          
000011ef  stop                           
000011fb  read                           
00001201  GPT_Enable                     
0000120d  GPT_Mode                       
00001283  GPT_Init                       
00001337  GPT_CCP_PinInit                
000013fd  GPIOF_Handler                  
0000141b  main                           
0000154d  __aeabi_memcpy                 
0000154d  __aeabi_memcpy4                
0000154d  __aeabi_memcpy8                
0000154d  memcpy                         
000015e9  __aeabi_memclr                 
000015e9  __aeabi_memclr4                
000015e9  __aeabi_memclr8                
000015eb  __aeabi_memset                 
000015eb  __aeabi_memset4                
000015eb  __aeabi_memset8                
000015f1  memset                         
00001663  __mpu_init                     
00001665  __TI_auto_init                 
000016d5  __TI_decompress_lzss           
0000173d  _c_int00                       
00001791  C$$EXIT                        
00001795  abort                          
0000179d  exit                           
000017e5  copy_in                        
00001831  _args_main                     
00001849  _register_unlock               
0000184f  _register_lock                 
00001857  _nop                           
0000185d  __TI_decompress_none           
0000186b  __TI_zero_init                 
00001877  ResetISR                       
00001883  _system_pre_init               
00001887  _system_post_cinit             
000018a0  __TI_Handler_Table_Base        
000018ac  __TI_Handler_Table_Limit       
000018b8  __TI_CINIT_Base                
000018c8  __TI_CINIT_Limit               
20000000  __stack                        
20000200  __STACK_END                    
20000200  __STACK_TOP                    
20000200  __TI_cleanup_ptr               
20000204  __TI_dtors_ptr                 
20000208  __TI_enable_exit_profile_output
2000020c  _lock                          
20000210  _unlock                        
20000214  GPTM_EdgeTimer                 
2000021c  main_func_sp                   
20000220  read_new                       
20000224  read_old                       
ffffffff  __TI_pprof_out_hndl            
ffffffff  __TI_prof_data_size            
ffffffff  __TI_prof_data_start           
ffffffff  __binit__                      
ffffffff  __c_args__                     
ffffffff  binit                          
UNDEFED   SHT$$INIT_ARRAY$$Base          
UNDEFED   SHT$$INIT_ARRAY$$Limit         

[82 symbols]
