******************************************************************************
                  TI ARM Linker PC v20.2.7                     
******************************************************************************
>> Linked Fri Sep  1 10:39:30 2023

OUTPUT FILE NAME:   <TIVAWARE.out>
ENTRY POINT SYMBOL: "_c_int00_noargs"  address: 00001d39


MEMORY CONFIGURATION

         name            origin    length      used     unused   attr    fill
----------------------  --------  ---------  --------  --------  ----  --------
  FLASH                 00000000   00040000  00001e94  0003e16c  R  X
  SRAM                  20000000   00008000  00000204  00007dfc  RW X


SEGMENT ALLOCATION MAP

run origin  load origin   length   init length attrs members
----------  ----------- ---------- ----------- ----- -------
00000000    00000000    00001e94   00001e94    r-x
  00000000    00000000    0000026c   0000026c    r-- .intvecs
  0000026c    0000026c    00001c14   00001c14    r-x .text
  00001e80    00001e80    00000014   00000014    r-- .cinit
20000000    20000000    00000204   00000000    rw-
  20000000    20000000    00000200   00000000    rw- .stack
  20000200    20000200    00000004   00000000    rw- .bss


SECTION ALLOCATION MAP

 output                                  attributes/
section   page    origin      length       input sections
--------  ----  ----------  ----------   ----------------
.intvecs   0    00000000    0000026c     
                  00000000    0000026c     tm4c123gh6pm_startup_ccs.obj (.intvecs)

.text      0    0000026c    00001c14     
                  0000026c    00000a08     DIO.obj (.text)
                  00000c74    00000458     LCD.obj (.text)
                  000010cc    000001b8     Sensor.obj (.text)
                  00001284    000001b6     rtsv7M4_T_le_v4SPD16_eabi.lib : fd_add_t2.asm.obj (.text)
                  0000143a    00000002                                   : div0.asm.obj (.text)
                  0000143c    0000016c     driverlib.lib : gpio.obj (.text:GPIOPadConfigSet)
                  000015a8    00000136     rtsv7M4_T_le_v4SPD16_eabi.lib : fd_div_t2.asm.obj (.text)
                  000016de    000000fc                                   : fd_mul_t2.asm.obj (.text)
                  000017da    00000002     --HOLE-- [fill = 0]
                  000017dc    000000f4     driverlib.lib : sysctl.obj (.text:SysCtlClockSet)
                  000018d0    000000e8     main.obj (.text)
                  000019b8    00000096     rtsv7M4_T_le_v4SPD16_eabi.lib : ull_div_t2.asm.obj (.text)
                  00001a4e    0000007c     delay.obj (.text)
                  00001aca    0000007a     driverlib.lib : adc.obj (.text:ADCSequenceStepConfigure)
                  00001b44    0000007a     rtsv7M4_T_le_v4SPD16_eabi.lib : memset_t2.asm.obj (.text)
                  00001bbe    0000006e                                   : ll_div_t2.asm.obj (.text)
                  00001c2c    0000004e     driverlib.lib : adc.obj (.text:ADCSequenceConfigure)
                  00001c7a    00000002     --HOLE-- [fill = 0]
                  00001c7c    00000044     rtsv7M4_T_le_v4SPD16_eabi.lib : autoinit.c.obj (.text:__TI_auto_init_nobinit_nopinit:__TI_auto_init_nobinit_nopinit)
                  00001cc0    00000044                                   : fd_tou_t2.asm.obj (.text)
                  00001d04    00000034     driverlib.lib : sysctl.obj (.text:SysCtlPeripheralEnable)
                  00001d38    00000034     rtsv7M4_T_le_v4SPD16_eabi.lib : boot_cortex_m.c.obj (.text:_c_int00_noargs:_c_int00_noargs)
                  00001d6c    0000002e     driverlib.lib : adc.obj (.text:ADCIntStatus)
                  00001d9a    0000002c                   : gpio.obj (.text:GPIODirModeSet)
                  00001dc6    00000020     rtsv7M4_T_le_v4SPD16_eabi.lib : u_tofd_t2.asm.obj (.text)
                  00001de6    0000001e     driverlib.lib : adc.obj (.text:ADCSequenceDataGet)
                  00001e04    0000001c     rtsv7M4_T_le_v4SPD16_eabi.lib : copy_zero_init.c.obj (.text:decompress:ZI:__TI_zero_init_nomemset:__TI_zero_init_nomemset)
                  00001e20    00000018     driverlib.lib : adc.obj (.text:ADCProcessorTrigger)
                  00001e38    00000016                   : gpio.obj (.text:GPIOPinTypeADC)
                  00001e4e    0000000e                   : adc.obj (.text:ADCSequenceEnable)
                  00001e5c    0000000c     tm4c123gh6pm_startup_ccs.obj (.text)
                  00001e68    0000000a     driverlib.lib : adc.obj (.text:ADCIntClear)
                  00001e72    00000006                   : sysctl.obj (.text:SysCtlDelay)
                  00001e78    00000004     rtsv7M4_T_le_v4SPD16_eabi.lib : pre_init.c.obj (.text:_system_pre_init)
                  00001e7c    00000004                                   : exit.c.obj (.text:abort:abort)

.cinit     0    00001e80    00000014     
                  00001e80    00000008     (.cinit..bss.load) [load image, compression = zero_init]
                  00001e88    00000004     (__TI_handler_table)
                  00001e8c    00000008     (__TI_cinit_table)

.init_array 
*          0    00000000    00000000     UNINITIALIZED

.bss       0    20000200    00000004     UNINITIALIZED
                  20000200    00000004     (.common:pui32ADC0Value)

.stack     0    20000000    00000200     UNINITIALIZED
                  20000000    00000004     rtsv7M4_T_le_v4SPD16_eabi.lib : boot_cortex_m.c.obj (.stack)
                  20000004    000001fc     --HOLE--

__llvm_prf_cnts 
*          0    20000000    00000000     UNINITIALIZED

MODULE SUMMARY

       Module                         code   ro data   rw data
       ------                         ----   -------   -------
    .\
       DIO.obj                        2568   0         0      
       LCD.obj                        1112   0         0      
       tm4c123gh6pm_startup_ccs.obj   12     620       0      
       Sensor.obj                     440    0         4      
       main.obj                       232    0         0      
       delay.obj                      124    0         0      
    +--+------------------------------+------+---------+---------+
       Total:                         4488   620       4      
                                                              
    C:/ti/TivaWare_C_Series-2.2.0.295/driverlib/ccs/Debug/driverlib.lib
       gpio.obj                       430    0         0      
       adc.obj                        324    0         0      
       sysctl.obj                     302    0         0      
    +--+------------------------------+------+---------+---------+
       Total:                         1056   0         0      
                                                              
    C:\ti\ccs1240\ccs\tools\compiler\ti-cgt-arm_20.2.7.LTS\lib\rtsv7M4_T_le_v4SPD16_eabi.lib
       fd_add_t2.asm.obj              438    0         0      
       fd_div_t2.asm.obj              310    0         0      
       fd_mul_t2.asm.obj              252    0         0      
       ull_div_t2.asm.obj             150    0         0      
       memset_t2.asm.obj              122    0         0      
       ll_div_t2.asm.obj              110    0         0      
       autoinit.c.obj                 68     0         0      
       fd_tou_t2.asm.obj              68     0         0      
       boot_cortex_m.c.obj            52     0         0      
       u_tofd_t2.asm.obj              32     0         0      
       copy_zero_init.c.obj           28     0         0      
       exit.c.obj                     4      0         0      
       pre_init.c.obj                 4      0         0      
       div0.asm.obj                   2      0         0      
    +--+------------------------------+------+---------+---------+
       Total:                         1640   0         0      
                                                              
       Stack:                         0      0         512    
       Linker Generated:              0      20        0      
    +--+------------------------------+------+---------+---------+
       Grand Total:                   7184   640       516    


LINKER GENERATED COPY TABLES

__TI_cinit_table @ 00001e8c records: 1, size/record: 8, table size: 8
	.bss: load addr=00001e80, load size=00000008 bytes, run addr=20000200, run size=00000004 bytes, compression=zero_init


LINKER GENERATED HANDLER TABLE

__TI_handler_table @ 00001e88 records: 1, size/record: 4, table size: 4
	index: 0, handler: __TI_zero_init


GLOBAL SYMBOLS: SORTED ALPHABETICALLY BY Name 

address   name                          
-------   ----                          
00001e69  ADCIntClear                   
00001d6d  ADCIntStatus                  
00001e21  ADCProcessorTrigger           
00001c2d  ADCSequenceConfigure          
00001de7  ADCSequenceDataGet            
00001e4f  ADCSequenceEnable             
00001acb  ADCSequenceStepConfigure      
00001e7d  C$$EXIT                       
0000026d  DIO_Initpin                   
00000b9d  DIO_TogglePin                 
00000975  DIO_WritePin                  
00000ae5  DIO_WritePort                 
00001d9b  GPIODirModeSet                
0000143d  GPIOPadConfigSet              
00001e39  GPIOPinTypeADC                
00001959  Initpins_project              
00000e89  LCD_Clear                     
00000ee3  LCD_CreateCharacter           
0000191b  LCD_Display                   
00000e93  LCD_GoTo                      
00000df5  LCD_Init                      
00000e3b  LCD_WriteChar                 
00000c75  LCD_WriteCommand              
00000d35  LCD_WriteData                 
00000f61  LCD_WriteNumber               
00000e4b  LCD_WriteNumberInBinary       
00001099  LCD_WriteNumber_2D            
0000102b  LCD_WriteNumber_4D            
00000f31  LCD_WriteString               
000011db  LDR_Left                      
00001161  LDR_Right                     
00001227  READ_LEFT                     
000011ad  READ_Right                    
00001e5d  ResetISR                      
000017dd  SysCtlClockSet                
00001e73  SysCtlDelay                   
00001d05  SysCtlPeripheralEnable        
00001105  Temp_Read                     
20000200  __STACK_END                   
00000200  __STACK_SIZE                  
20000200  __STACK_TOP                   
00001e8c  __TI_CINIT_Base               
00001e94  __TI_CINIT_Limit              
00001e88  __TI_Handler_Table_Base       
00001e8c  __TI_Handler_Table_Limit      
00001c7d  __TI_auto_init_nobinit_nopinit
ffffffff  __TI_pprof_out_hndl           
ffffffff  __TI_prof_data_size           
ffffffff  __TI_prof_data_start          
00000000  __TI_static_base__            
00001e05  __TI_zero_init_nomemset       
00001cc1  __aeabi_d2uiz                 
0000128f  __aeabi_dadd                  
000015a9  __aeabi_ddiv                  
000016df  __aeabi_dmul                  
00001285  __aeabi_dsub                  
0000143b  __aeabi_idiv0                 
0000143b  __aeabi_ldiv0                 
00001bbf  __aeabi_ldivmod               
00001b45  __aeabi_memclr                
00001b45  __aeabi_memclr4               
00001b45  __aeabi_memclr8               
00001b47  __aeabi_memset                
00001b47  __aeabi_memset4               
00001b47  __aeabi_memset8               
00001dc7  __aeabi_ui2d                  
000019b9  __aeabi_uldivmod              
ffffffff  __binit__                     
ffffffff  __c_args__                    
UNDEFED   __mpu_init                    
20000000  __stack                       
20000000  __start___llvm_prf_cnts       
20000000  __stop___llvm_prf_cnts        
00001d39  _c_int00_noargs               
00001a4f  _delay_ms                     
00001a91  _delay_us                     
UNDEFED   _system_post_cinit            
00001e79  _system_pre_init              
00001e7d  abort                         
ffffffff  binit                         
00000000  g_pfnVectors                  
000018d1  main                          
00001b4d  memset                        
20000200  pui32ADC0Value                
000010cd  temp_Inti                     


GLOBAL SYMBOLS: SORTED BY Symbol Address 

address   name                          
-------   ----                          
00000000  __TI_static_base__            
00000000  g_pfnVectors                  
00000200  __STACK_SIZE                  
0000026d  DIO_Initpin                   
00000975  DIO_WritePin                  
00000ae5  DIO_WritePort                 
00000b9d  DIO_TogglePin                 
00000c75  LCD_WriteCommand              
00000d35  LCD_WriteData                 
00000df5  LCD_Init                      
00000e3b  LCD_WriteChar                 
00000e4b  LCD_WriteNumberInBinary       
00000e89  LCD_Clear                     
00000e93  LCD_GoTo                      
00000ee3  LCD_CreateCharacter           
00000f31  LCD_WriteString               
00000f61  LCD_WriteNumber               
0000102b  LCD_WriteNumber_4D            
00001099  LCD_WriteNumber_2D            
000010cd  temp_Inti                     
00001105  Temp_Read                     
00001161  LDR_Right                     
000011ad  READ_Right                    
000011db  LDR_Left                      
00001227  READ_LEFT                     
00001285  __aeabi_dsub                  
0000128f  __aeabi_dadd                  
0000143b  __aeabi_idiv0                 
0000143b  __aeabi_ldiv0                 
0000143d  GPIOPadConfigSet              
000015a9  __aeabi_ddiv                  
000016df  __aeabi_dmul                  
000017dd  SysCtlClockSet                
000018d1  main                          
0000191b  LCD_Display                   
00001959  Initpins_project              
000019b9  __aeabi_uldivmod              
00001a4f  _delay_ms                     
00001a91  _delay_us                     
00001acb  ADCSequenceStepConfigure      
00001b45  __aeabi_memclr                
00001b45  __aeabi_memclr4               
00001b45  __aeabi_memclr8               
00001b47  __aeabi_memset                
00001b47  __aeabi_memset4               
00001b47  __aeabi_memset8               
00001b4d  memset                        
00001bbf  __aeabi_ldivmod               
00001c2d  ADCSequenceConfigure          
00001c7d  __TI_auto_init_nobinit_nopinit
00001cc1  __aeabi_d2uiz                 
00001d05  SysCtlPeripheralEnable        
00001d39  _c_int00_noargs               
00001d6d  ADCIntStatus                  
00001d9b  GPIODirModeSet                
00001dc7  __aeabi_ui2d                  
00001de7  ADCSequenceDataGet            
00001e05  __TI_zero_init_nomemset       
00001e21  ADCProcessorTrigger           
00001e39  GPIOPinTypeADC                
00001e4f  ADCSequenceEnable             
00001e5d  ResetISR                      
00001e69  ADCIntClear                   
00001e73  SysCtlDelay                   
00001e79  _system_pre_init              
00001e7d  C$$EXIT                       
00001e7d  abort                         
00001e88  __TI_Handler_Table_Base       
00001e8c  __TI_CINIT_Base               
00001e8c  __TI_Handler_Table_Limit      
00001e94  __TI_CINIT_Limit              
20000000  __stack                       
20000000  __start___llvm_prf_cnts       
20000000  __stop___llvm_prf_cnts        
20000200  __STACK_END                   
20000200  __STACK_TOP                   
20000200  pui32ADC0Value                
ffffffff  __TI_pprof_out_hndl           
ffffffff  __TI_prof_data_size           
ffffffff  __TI_prof_data_start          
ffffffff  __binit__                     
ffffffff  __c_args__                    
ffffffff  binit                         
UNDEFED   __mpu_init                    
UNDEFED   _system_post_cinit            

[85 symbols]
