******************************************************************************
                  TI ARM Linker PC v16.9.4                     
******************************************************************************
>> Linked Fri Sep 01 15:53:30 2023

OUTPUT FILE NAME:   <LiCar.out>
ENTRY POINT SYMBOL: "_c_int00"  address: 00003d8d


MEMORY CONFIGURATION

         name            origin    length      used     unused   attr    fill
----------------------  --------  ---------  --------  --------  ----  --------
  FLASH                 00000000   00040000  000040cc  0003bf34  R  X
  SRAM                  20000000   00008000  0000022e  00007dd2  RW X


SEGMENT ALLOCATION MAP

run origin  load origin   length   init length attrs members
----------  ----------- ---------- ----------- ----- -------
00000000    00000000    000040d0   000040d0    r-x
  00000000    00000000    0000026c   0000026c    r-- .intvecs
  0000026c    0000026c    00003e18   00003e18    r-x .text
  00004088    00004088    00000048   00000048    r-- .cinit
20000000    20000000    0000022e   00000000    rw-
  20000000    20000000    00000200   00000000    rw- .stack
  20000200    20000200    00000028   00000000    rw- .data
  20000228    20000228    00000006   00000000    rw- .bss


SECTION ALLOCATION MAP

 output                                  attributes/
section   page    origin      length       input sections
--------  ----  ----------  ----------   ----------------
.intvecs   0    00000000    0000026c     
                  00000000    0000026c     tm4c123gh6pm_startup_ccs.obj (.intvecs)

.text      0    0000026c    00003e18     
                  0000026c    00000f28     Tiva_DIO.obj (.text)
                  00001194    00000ee0     Tiva_GPTimers.obj (.text)
                  00002074    00000b30     DC_motor.obj (.text)
                  00002ba4    00000488     LCD_Driver.obj (.text)
                  0000302c    00000200     main.obj (.text)
                  0000322c    000001cc     Sensor.obj (.text)
                  000033f8    000001b6     rtsv7M4_T_le_v4SPD16_eabi.lib : fd_add_t2.obj (.text)
                  000035ae    00000002                                   : mpu_init.obj (.text)
                  000035b0    0000016c     driverlib.lib : gpio.obj (.text:GPIOPadConfigSet)
                  0000371c    00000136     rtsv7M4_T_le_v4SPD16_eabi.lib : fd_div_t2.obj (.text)
                  00003852    000000fc                                   : fd_mul_t2.obj (.text)
                  0000394e    00000002                                   : startup.obj (.text)
                  00003950    000000f4     driverlib.lib : sysctl.obj (.text:SysCtlClockSet)
                  00003a44    000000e0     ultraSonic.obj (.text)
                  00003b24    0000009c     rtsv7M4_T_le_v4SPD16_eabi.lib : memcpy_t2.obj (.text)
                  00003bc0    0000007a     driverlib.lib : adc.obj (.text:ADCSequenceStepConfigure)
                  00003c3a    0000007a     rtsv7M4_T_le_v4SPD16_eabi.lib : memset_t2.obj (.text)
                  00003cb4    00000070                                   : autoinit.obj (.text)
                  00003d24    00000068                                   : copy_decompress_lzss.obj (.text:decompress:lzss)
                  00003d8c    00000054                                   : boot.obj (.text)
                  00003de0    00000054                                   : exit.obj (.text)
                  00003e34    0000004e     driverlib.lib : adc.obj (.text:ADCSequenceConfigure)
                  00003e82    00000002     --HOLE-- [fill = 0]
                  00003e84    0000004c     rtsv7M4_T_le_v4SPD16_eabi.lib : cpy_tbl.obj (.text)
                  00003ed0    00000044                                   : fd_tou_t2.obj (.text)
                  00003f14    00000034     driverlib.lib : sysctl.obj (.text:SysCtlPeripheralEnable)
                  00003f48    0000002e                   : adc.obj (.text:ADCIntStatus)
                  00003f76    0000002c                   : gpio.obj (.text:GPIODirModeSet)
                  00003fa2    00000020     rtsv7M4_T_le_v4SPD16_eabi.lib : u_tofd_t2.obj (.text)
                  00003fc2    0000001e     driverlib.lib : adc.obj (.text:ADCSequenceDataGet)
                  00003fe0    00000018                   : adc.obj (.text:ADCProcessorTrigger)
                  00003ff8    00000018     rtsv7M4_T_le_v4SPD16_eabi.lib : args_main.obj (.text)
                  00004010    00000016     driverlib.lib : gpio.obj (.text:GPIOPinTypeADC)
                  00004026    00000002     --HOLE-- [fill = 0]
                  00004028    00000014     rtsv7M4_T_le_v4SPD16_eabi.lib : _lock.obj (.text)
                  0000403c    0000000e     driverlib.lib : adc.obj (.text:ADCSequenceEnable)
                  0000404a    0000000e     rtsv7M4_T_le_v4SPD16_eabi.lib : copy_decompress_none.obj (.text:decompress:none)
                  00004058    0000000c                                   : copy_zero_init.obj (.text:decompress:ZI)
                  00004064    0000000c     tm4c123gh6pm_startup_ccs.obj (.text)
                  00004070    0000000a     driverlib.lib : adc.obj (.text:ADCIntClear)
                  0000407a    00000006                   : sysctl.obj (.text:SysCtlDelay)
                  00004080    00000004     rtsv7M4_T_le_v4SPD16_eabi.lib : pre_init.obj (.text)

.cinit     0    00004088    00000048     
                  00004088    0000001f     (.cinit..data.load) [load image, compression = lzss]
                  000040a7    00000001     --HOLE-- [fill = 0]
                  000040a8    0000000c     (__TI_handler_table)
                  000040b4    00000004     --HOLE-- [fill = 0]
                  000040b8    00000008     (.cinit..bss.load) [load image, compression = zero_init]
                  000040c0    00000010     (__TI_cinit_table)

.init_array 
*          0    00000000    00000000     UNINITIALIZED

.stack     0    20000000    00000200     UNINITIALIZED
                  20000000    00000200     --HOLE--

.data      0    20000200    00000028     UNINITIALIZED
                  20000200    0000000e     ultraSonic.obj (.data:GPTM_EdgeTimer)
                  2000020e    00000001     main.obj (.data)
                  2000020f    00000001     --HOLE--
                  20000210    0000000c     rtsv7M4_T_le_v4SPD16_eabi.lib : exit.obj (.data:$O1$$)
                  2000021c    00000008                                   : _lock.obj (.data:$O1$$)
                  20000224    00000004                                   : stkdepth_vars.obj (.data)

.bss       0    20000228    00000006     UNINITIALIZED
                  20000228    00000004     (.common:pui32ADC0Value)
                  2000022c    00000002     ultraSonic.obj (.bss)

MODULE SUMMARY

       Module                         code    ro data   rw data
       ------                         ----    -------   -------
    .\
       tm4c123gh6pm_startup_ccs.obj   12      620       0      
       main.obj                       512     0         1      
    +--+------------------------------+-------+---------+---------+
       Total:                         524     620       1      
                                                               
    .\DC_motor\
       DC_motor.obj                   2864    0         0      
    +--+------------------------------+-------+---------+---------+
       Total:                         2864    0         0      
                                                               
    .\LCD_Driver\
       LCD_Driver.obj                 1160    0         0      
    +--+------------------------------+-------+---------+---------+
       Total:                         1160    0         0      
                                                               
    .\Sensors\
       Sensor.obj                     460     0         4      
    +--+------------------------------+-------+---------+---------+
       Total:                         460     0         4      
                                                               
    .\Tiva_DIO\
       Tiva_DIO.obj                   3880    0         0      
    +--+------------------------------+-------+---------+---------+
       Total:                         3880    0         0      
                                                               
    .\Tiva_GPTimers\
       Tiva_GPTimers.obj              3808    0         0      
    +--+------------------------------+-------+---------+---------+
       Total:                         3808    0         0      
                                                               
    .\ultraSonic\
       ultraSonic.obj                 224     0         16     
    +--+------------------------------+-------+---------+---------+
       Total:                         224     0         16     
                                                               
    C:/ti/TivaWare_C_Series-2.2.0.295/driverlib/ccs/Debug/driverlib.lib
       gpio.obj                       430     0         0      
       adc.obj                        324     0         0      
       sysctl.obj                     302     0         0      
    +--+------------------------------+-------+---------+---------+
       Total:                         1056    0         0      
                                                               
    C:\ti\ccsv7\tools\compiler\ti-cgt-arm_16.9.4.LTS\lib\rtsv7M4_T_le_v4SPD16_eabi.lib
       fd_add_t2.obj                  438     0         0      
       fd_div_t2.obj                  310     0         0      
       fd_mul_t2.obj                  252     0         0      
       memcpy_t2.obj                  156     0         0      
       memset_t2.obj                  122     0         0      
       autoinit.obj                   112     0         0      
       copy_decompress_lzss.obj       104     0         0      
       exit.obj                       84      0         12     
       boot.obj                       84      0         0      
       cpy_tbl.obj                    76      0         0      
       fd_tou_t2.obj                  68      0         0      
       u_tofd_t2.obj                  32      0         0      
       _lock.obj                      20      0         8      
       args_main.obj                  24      0         0      
       copy_decompress_none.obj       14      0         0      
       copy_zero_init.obj             12      0         0      
       pre_init.obj                   4       0         0      
       stkdepth_vars.obj              0       0         4      
       mpu_init.obj                   2       0         0      
       startup.obj                    2       0         0      
    +--+------------------------------+-------+---------+---------+
       Total:                         1916    0         24     
                                                               
       Stack:                         0       0         512    
       Linker Generated:              0       67        0      
    +--+------------------------------+-------+---------+---------+
       Grand Total:                   15892   687       557    


LINKER GENERATED COPY TABLES

__TI_cinit_table @ 000040c0 records: 2, size/record: 8, table size: 16
	.data: load addr=00004088, load size=0000001f bytes, run addr=20000200, run size=00000028 bytes, compression=lzss
	.bss: load addr=000040b8, load size=00000008 bytes, run addr=20000228, run size=00000006 bytes, compression=zero_init


LINKER GENERATED HANDLER TABLE

__TI_handler_table @ 000040a8 records: 3, size/record: 4, table size: 12
	index: 0, handler: __TI_decompress_lzss
	index: 1, handler: __TI_decompress_none
	index: 2, handler: __TI_zero_init


GLOBAL SYMBOLS: SORTED ALPHABETICALLY BY Name 

address   name                           
-------   ----                           
00004071  ADCIntClear                    
00003f49  ADCIntStatus                   
00003fe1  ADCProcessorTrigger            
00003e35  ADCSequenceConfigure           
00003fc3  ADCSequenceDataGet             
0000403d  ADCSequenceEnable              
00003bc1  ADCSequenceStepConfigure       
00003de1  C$$EXIT                        
000003c1  ClearDataBIT                   
00000649  DIO_InitPin                    
00000515  DIO_PORT_Init                  
00000b45  DIO_ReadPin                    
00000c39  DIO_TogglePin                  
000009e9  DIO_WritePin                   
00000cf5  DIO_WritePort                  
000028c9  Duty_Cycle                     
00003f77  GPIODirModeSet                 
0000302d  GPIOF_Handler                  
000035b1  GPIOPadConfigSet               
00004011  GPIOPinTypeADC                 
20000200  GPTM_EdgeTimer                 
00001b35  GPT_CCP_PinInit                
00001329  GPT_Disable                    
0000124b  GPT_Enable                     
0000145d  GPT_Init                       
00001195  GPTcapture_read                
00000d79  Interrupt_Edge_InitPin         
00002ee5  LCD_Clear                      
000031ab  LCD_Display                    
00002d41  LCD_Init                       
00002eef  LCD_SetCursor                  
00002db9  LCD_WriteChar                  
00002ba5  LCD_WriteCommand               
00002c73  LCD_WriteData                  
00002df9  LCD_WriteNumber                
00002e99  LCD_WriteNumberInBinary        
00002ff3  LCD_WriteNumber_2D             
00002f9b  LCD_WriteNumber_3D             
00002f23  LCD_WriteNumber_4D             
00002dc9  LCD_WriteString                
0000334f  LDR_Left                       
000032d5  LDR_Right                      
00002b27  PWM_Freq_KHZ                   
00002545  PWM_PinInit                    
00002075  PWM_init                       
0000339b  READ_LEFT                      
00003321  READ_Right                     
0000045f  ReadDataBIT                    
00004065  ResetISR                       
UNDEFED   SHT$$INIT_ARRAY$$Base          
UNDEFED   SHT$$INIT_ARRAY$$Limit         
00003951  SysCtlClockSet                 
0000407b  SysCtlDelay                    
00003f15  SysCtlPeripheralEnable         
00003279  Temp_Read                      
00001bf1  TimerACapture_PulseWidth       
00002711  Turn_OtherDirection            
000026b9  Turn_oneDirection              
0000026d  WriteDataBIT                   
0000032b  WriteDataBITS                  
20000200  __STACK_END                    
00000200  __STACK_SIZE                   
20000200  __STACK_TOP                    
000040c0  __TI_CINIT_Base                
000040d0  __TI_CINIT_Limit               
000040a8  __TI_Handler_Table_Base        
000040b4  __TI_Handler_Table_Limit       
00003cb5  __TI_auto_init                 
20000210  __TI_cleanup_ptr               
00003d25  __TI_decompress_lzss           
0000404b  __TI_decompress_none           
20000214  __TI_dtors_ptr                 
20000218  __TI_enable_exit_profile_output
ffffffff  __TI_pprof_out_hndl            
ffffffff  __TI_prof_data_size            
ffffffff  __TI_prof_data_start           
00000000  __TI_static_base__             
00004059  __TI_zero_init                 
00003ed1  __aeabi_d2uiz                  
00003403  __aeabi_dadd                   
0000371d  __aeabi_ddiv                   
00003853  __aeabi_dmul                   
000033f9  __aeabi_dsub                   
00003c3b  __aeabi_memclr                 
00003c3b  __aeabi_memclr4                
00003c3b  __aeabi_memclr8                
00003b25  __aeabi_memcpy                 
00003b25  __aeabi_memcpy4                
00003b25  __aeabi_memcpy8                
00003c3d  __aeabi_memset                 
00003c3d  __aeabi_memset4                
00003c3d  __aeabi_memset8                
00003fa3  __aeabi_ui2d                   
ffffffff  __binit__                      
ffffffff  __c_args__                     
000035af  __mpu_init                     
20000000  __stack                        
00003ff9  _args_main                     
00003d8d  _c_int00                       
0000108f  _delay_ms                      
000010d7  _delay_us                      
2000021c  _lock                          
00004037  _nop                           
0000402f  _register_lock                 
00004029  _register_unlock               
0000394f  _system_post_cinit             
00004081  _system_pre_init               
20000220  _unlock                        
00003de5  abort                          
ffffffff  binit                          
00003e85  copy_in                        
00003ded  exit                           
00000000  g_pfnVectors                   
00003085  main                           
20000224  main_func_sp                   
00003b25  memcpy                         
00003c43  memset                         
00002853  move_Backward                  
0000281d  move_Forward                   
20000228  pui32ADC0Value                 
2000020e  start_flag                     
0000322d  temp_Init                      
0000276d  turn_Car                       
00003a45  ultraSonic_Init                
00003abf  ultraSonic_ReadCM              


GLOBAL SYMBOLS: SORTED BY Symbol Address 

address   name                           
-------   ----                           
00000000  __TI_static_base__             
00000000  g_pfnVectors                   
00000200  __STACK_SIZE                   
0000026d  WriteDataBIT                   
0000032b  WriteDataBITS                  
000003c1  ClearDataBIT                   
0000045f  ReadDataBIT                    
00000515  DIO_PORT_Init                  
00000649  DIO_InitPin                    
000009e9  DIO_WritePin                   
00000b45  DIO_ReadPin                    
00000c39  DIO_TogglePin                  
00000cf5  DIO_WritePort                  
00000d79  Interrupt_Edge_InitPin         
0000108f  _delay_ms                      
000010d7  _delay_us                      
00001195  GPTcapture_read                
0000124b  GPT_Enable                     
00001329  GPT_Disable                    
0000145d  GPT_Init                       
00001b35  GPT_CCP_PinInit                
00001bf1  TimerACapture_PulseWidth       
00002075  PWM_init                       
00002545  PWM_PinInit                    
000026b9  Turn_oneDirection              
00002711  Turn_OtherDirection            
0000276d  turn_Car                       
0000281d  move_Forward                   
00002853  move_Backward                  
000028c9  Duty_Cycle                     
00002b27  PWM_Freq_KHZ                   
00002ba5  LCD_WriteCommand               
00002c73  LCD_WriteData                  
00002d41  LCD_Init                       
00002db9  LCD_WriteChar                  
00002dc9  LCD_WriteString                
00002df9  LCD_WriteNumber                
00002e99  LCD_WriteNumberInBinary        
00002ee5  LCD_Clear                      
00002eef  LCD_SetCursor                  
00002f23  LCD_WriteNumber_4D             
00002f9b  LCD_WriteNumber_3D             
00002ff3  LCD_WriteNumber_2D             
0000302d  GPIOF_Handler                  
00003085  main                           
000031ab  LCD_Display                    
0000322d  temp_Init                      
00003279  Temp_Read                      
000032d5  LDR_Right                      
00003321  READ_Right                     
0000334f  LDR_Left                       
0000339b  READ_LEFT                      
000033f9  __aeabi_dsub                   
00003403  __aeabi_dadd                   
000035af  __mpu_init                     
000035b1  GPIOPadConfigSet               
0000371d  __aeabi_ddiv                   
00003853  __aeabi_dmul                   
0000394f  _system_post_cinit             
00003951  SysCtlClockSet                 
00003a45  ultraSonic_Init                
00003abf  ultraSonic_ReadCM              
00003b25  __aeabi_memcpy                 
00003b25  __aeabi_memcpy4                
00003b25  __aeabi_memcpy8                
00003b25  memcpy                         
00003bc1  ADCSequenceStepConfigure       
00003c3b  __aeabi_memclr                 
00003c3b  __aeabi_memclr4                
00003c3b  __aeabi_memclr8                
00003c3d  __aeabi_memset                 
00003c3d  __aeabi_memset4                
00003c3d  __aeabi_memset8                
00003c43  memset                         
00003cb5  __TI_auto_init                 
00003d25  __TI_decompress_lzss           
00003d8d  _c_int00                       
00003de1  C$$EXIT                        
00003de5  abort                          
00003ded  exit                           
00003e35  ADCSequenceConfigure           
00003e85  copy_in                        
00003ed1  __aeabi_d2uiz                  
00003f15  SysCtlPeripheralEnable         
00003f49  ADCIntStatus                   
00003f77  GPIODirModeSet                 
00003fa3  __aeabi_ui2d                   
00003fc3  ADCSequenceDataGet             
00003fe1  ADCProcessorTrigger            
00003ff9  _args_main                     
00004011  GPIOPinTypeADC                 
00004029  _register_unlock               
0000402f  _register_lock                 
00004037  _nop                           
0000403d  ADCSequenceEnable              
0000404b  __TI_decompress_none           
00004059  __TI_zero_init                 
00004065  ResetISR                       
00004071  ADCIntClear                    
0000407b  SysCtlDelay                    
00004081  _system_pre_init               
000040a8  __TI_Handler_Table_Base        
000040b4  __TI_Handler_Table_Limit       
000040c0  __TI_CINIT_Base                
000040d0  __TI_CINIT_Limit               
20000000  __stack                        
20000200  GPTM_EdgeTimer                 
20000200  __STACK_END                    
20000200  __STACK_TOP                    
2000020e  start_flag                     
20000210  __TI_cleanup_ptr               
20000214  __TI_dtors_ptr                 
20000218  __TI_enable_exit_profile_output
2000021c  _lock                          
20000220  _unlock                        
20000224  main_func_sp                   
20000228  pui32ADC0Value                 
ffffffff  __TI_pprof_out_hndl            
ffffffff  __TI_prof_data_size            
ffffffff  __TI_prof_data_start           
ffffffff  __binit__                      
ffffffff  __c_args__                     
ffffffff  binit                          
UNDEFED   SHT$$INIT_ARRAY$$Base          
UNDEFED   SHT$$INIT_ARRAY$$Limit         

[125 symbols]
