<?xml version="1.0"?>
<link_info>
   <banner>TI ARM Linker PC v16.9.4.LTS</banner>
   <copyright>Copyright (c) 1996-2017 Texas Instruments Incorporated</copyright>
   <link_time>0x64f09c87</link_time>
   <link_errors>0x0</link_errors>
   <output_file>Motor.out</output_file>
   <entry_point>
      <name>_c_int00</name>
      <address>0xdc1</address>
   </entry_point>
   <input_file_list>
      <input_file id="fl-2">
         <path>.\</path>
         <kind>object</kind>
         <file>GPIO_Program.obj</file>
         <name>GPIO_Program.obj</name>
      </input_file>
      <input_file id="fl-3">
         <path>.\</path>
         <kind>object</kind>
         <file>Motor.obj</file>
         <name>Motor.obj</name>
      </input_file>
      <input_file id="fl-4">
         <path>.\</path>
         <kind>object</kind>
         <file>main.obj</file>
         <name>main.obj</name>
      </input_file>
      <input_file id="fl-5">
         <path>.\</path>
         <kind>object</kind>
         <file>tm4c123gh6pm_startup_ccs.obj</file>
         <name>tm4c123gh6pm_startup_ccs.obj</name>
      </input_file>
      <input_file id="fl-9">
         <kind>object</kind>
         <file>&lt;internal&gt;</file>
         <name>&lt;internal&gt;</name>
      </input_file>
      <input_file id="fl-bf">
         <path>C:\ti\ccsv7\tools\compiler\ti-cgt-arm_16.9.4.LTS\lib\</path>
         <kind>archive</kind>
         <file>rtsv7M4_T_le_v4SPD16_eabi.lib</file>
         <name>boot.obj</name>
      </input_file>
      <input_file id="fl-c0">
         <path>C:\ti\ccsv7\tools\compiler\ti-cgt-arm_16.9.4.LTS\lib\</path>
         <kind>archive</kind>
         <file>rtsv7M4_T_le_v4SPD16_eabi.lib</file>
         <name>copy_decompress_lzss.obj</name>
      </input_file>
      <input_file id="fl-c1">
         <path>C:\ti\ccsv7\tools\compiler\ti-cgt-arm_16.9.4.LTS\lib\</path>
         <kind>archive</kind>
         <file>rtsv7M4_T_le_v4SPD16_eabi.lib</file>
         <name>copy_decompress_none.obj</name>
      </input_file>
      <input_file id="fl-c2">
         <path>C:\ti\ccsv7\tools\compiler\ti-cgt-arm_16.9.4.LTS\lib\</path>
         <kind>archive</kind>
         <file>rtsv7M4_T_le_v4SPD16_eabi.lib</file>
         <name>copy_zero_init.obj</name>
      </input_file>
      <input_file id="fl-c3">
         <path>C:\ti\ccsv7\tools\compiler\ti-cgt-arm_16.9.4.LTS\lib\</path>
         <kind>archive</kind>
         <file>rtsv7M4_T_le_v4SPD16_eabi.lib</file>
         <name>exit.obj</name>
      </input_file>
      <input_file id="fl-c4">
         <path>C:\ti\ccsv7\tools\compiler\ti-cgt-arm_16.9.4.LTS\lib\</path>
         <kind>archive</kind>
         <file>rtsv7M4_T_le_v4SPD16_eabi.lib</file>
         <name>fd_add_t2.obj</name>
      </input_file>
      <input_file id="fl-c5">
         <path>C:\ti\ccsv7\tools\compiler\ti-cgt-arm_16.9.4.LTS\lib\</path>
         <kind>archive</kind>
         <file>rtsv7M4_T_le_v4SPD16_eabi.lib</file>
         <name>fd_div_t2.obj</name>
      </input_file>
      <input_file id="fl-c6">
         <path>C:\ti\ccsv7\tools\compiler\ti-cgt-arm_16.9.4.LTS\lib\</path>
         <kind>archive</kind>
         <file>rtsv7M4_T_le_v4SPD16_eabi.lib</file>
         <name>fd_mul_t2.obj</name>
      </input_file>
      <input_file id="fl-c7">
         <path>C:\ti\ccsv7\tools\compiler\ti-cgt-arm_16.9.4.LTS\lib\</path>
         <kind>archive</kind>
         <file>rtsv7M4_T_le_v4SPD16_eabi.lib</file>
         <name>fd_tou_t2.obj</name>
      </input_file>
      <input_file id="fl-c8">
         <path>C:\ti\ccsv7\tools\compiler\ti-cgt-arm_16.9.4.LTS\lib\</path>
         <kind>archive</kind>
         <file>rtsv7M4_T_le_v4SPD16_eabi.lib</file>
         <name>fs_tod_t2.obj</name>
      </input_file>
      <input_file id="fl-c9">
         <path>C:\ti\ccsv7\tools\compiler\ti-cgt-arm_16.9.4.LTS\lib\</path>
         <kind>archive</kind>
         <file>rtsv7M4_T_le_v4SPD16_eabi.lib</file>
         <name>memcpy_t2.obj</name>
      </input_file>
      <input_file id="fl-ca">
         <path>C:\ti\ccsv7\tools\compiler\ti-cgt-arm_16.9.4.LTS\lib\</path>
         <kind>archive</kind>
         <file>rtsv7M4_T_le_v4SPD16_eabi.lib</file>
         <name>memset_t2.obj</name>
      </input_file>
      <input_file id="fl-cb">
         <path>C:\ti\ccsv7\tools\compiler\ti-cgt-arm_16.9.4.LTS\lib\</path>
         <kind>archive</kind>
         <file>rtsv7M4_T_le_v4SPD16_eabi.lib</file>
         <name>mpu_init.obj</name>
      </input_file>
      <input_file id="fl-cc">
         <path>C:\ti\ccsv7\tools\compiler\ti-cgt-arm_16.9.4.LTS\lib\</path>
         <kind>archive</kind>
         <file>rtsv7M4_T_le_v4SPD16_eabi.lib</file>
         <name>pre_init.obj</name>
      </input_file>
      <input_file id="fl-cd">
         <path>C:\ti\ccsv7\tools\compiler\ti-cgt-arm_16.9.4.LTS\lib\</path>
         <kind>archive</kind>
         <file>rtsv7M4_T_le_v4SPD16_eabi.lib</file>
         <name>stkdepth_vars.obj</name>
      </input_file>
      <input_file id="fl-ce">
         <path>C:\ti\ccsv7\tools\compiler\ti-cgt-arm_16.9.4.LTS\lib\</path>
         <kind>archive</kind>
         <file>rtsv7M4_T_le_v4SPD16_eabi.lib</file>
         <name>_lock.obj</name>
      </input_file>
      <input_file id="fl-cf">
         <path>C:\ti\ccsv7\tools\compiler\ti-cgt-arm_16.9.4.LTS\lib\</path>
         <kind>archive</kind>
         <file>rtsv7M4_T_le_v4SPD16_eabi.lib</file>
         <name>args_main.obj</name>
      </input_file>
      <input_file id="fl-d0">
         <path>C:\ti\ccsv7\tools\compiler\ti-cgt-arm_16.9.4.LTS\lib\</path>
         <kind>archive</kind>
         <file>rtsv7M4_T_le_v4SPD16_eabi.lib</file>
         <name>autoinit.obj</name>
      </input_file>
      <input_file id="fl-d1">
         <path>C:\ti\ccsv7\tools\compiler\ti-cgt-arm_16.9.4.LTS\lib\</path>
         <kind>archive</kind>
         <file>rtsv7M4_T_le_v4SPD16_eabi.lib</file>
         <name>cpy_tbl.obj</name>
      </input_file>
      <input_file id="fl-d2">
         <path>C:\ti\ccsv7\tools\compiler\ti-cgt-arm_16.9.4.LTS\lib\</path>
         <kind>archive</kind>
         <file>rtsv7M4_T_le_v4SPD16_eabi.lib</file>
         <name>startup.obj</name>
      </input_file>
   </input_file_list>
   <object_component_list>
      <object_component id="oc-f">
         <name>.intvecs</name>
         <load_address>0x0</load_address>
         <run_address>0x0</run_address>
         <size>0x26c</size>
         <input_file_ref idref="fl-5"/>
      </object_component>
      <object_component id="oc-cb">
         <name>.text</name>
         <load_address>0x26c</load_address>
         <run_address>0x26c</run_address>
         <size>0x3fc</size>
         <input_file_ref idref="fl-2"/>
      </object_component>
      <object_component id="oc-10f">
         <name>.text</name>
         <load_address>0x668</load_address>
         <run_address>0x668</run_address>
         <size>0x1b6</size>
         <input_file_ref idref="fl-c4"/>
      </object_component>
      <object_component id="oc-57">
         <name>.text</name>
         <load_address>0x81e</load_address>
         <run_address>0x81e</run_address>
         <size>0x2</size>
         <input_file_ref idref="fl-cb"/>
      </object_component>
      <object_component id="oc-d1">
         <name>.text</name>
         <load_address>0x820</load_address>
         <run_address>0x820</run_address>
         <size>0x16c</size>
         <input_file_ref idref="fl-3"/>
      </object_component>
      <object_component id="oc-105">
         <name>.text</name>
         <load_address>0x98c</load_address>
         <run_address>0x98c</run_address>
         <size>0x136</size>
         <input_file_ref idref="fl-c5"/>
      </object_component>
      <object_component id="oc-10a">
         <name>.text</name>
         <load_address>0xac2</load_address>
         <run_address>0xac2</run_address>
         <size>0xfc</size>
         <input_file_ref idref="fl-c6"/>
      </object_component>
      <object_component id="oc-3f">
         <name>.text</name>
         <load_address>0xbbe</load_address>
         <run_address>0xbbe</run_address>
         <size>0x9c</size>
         <input_file_ref idref="fl-c9"/>
      </object_component>
      <object_component id="oc-9f">
         <name>.text</name>
         <load_address>0xc5a</load_address>
         <run_address>0xc5a</run_address>
         <size>0x2</size>
         <input_file_ref idref="fl-d2"/>
      </object_component>
      <object_component id="oc-a7">
         <name>.text</name>
         <load_address>0xc5c</load_address>
         <run_address>0xc5c</run_address>
         <size>0x8c</size>
         <input_file_ref idref="fl-4"/>
      </object_component>
      <object_component id="oc-63">
         <name>.text</name>
         <load_address>0xce8</load_address>
         <run_address>0xce8</run_address>
         <size>0x70</size>
         <input_file_ref idref="fl-d0"/>
      </object_component>
      <object_component id="oc-12">
         <name>.text:decompress:lzss</name>
         <load_address>0xd58</load_address>
         <run_address>0xd58</run_address>
         <size>0x68</size>
         <input_file_ref idref="fl-c0"/>
      </object_component>
      <object_component id="oc-24">
         <name>.text</name>
         <load_address>0xdc0</load_address>
         <run_address>0xdc0</run_address>
         <size>0x54</size>
         <input_file_ref idref="fl-bf"/>
      </object_component>
      <object_component id="oc-6f">
         <name>.text</name>
         <load_address>0xe14</load_address>
         <run_address>0xe14</run_address>
         <size>0x54</size>
         <input_file_ref idref="fl-c3"/>
      </object_component>
      <object_component id="oc-99">
         <name>.text</name>
         <load_address>0xe68</load_address>
         <run_address>0xe68</run_address>
         <size>0x4c</size>
         <input_file_ref idref="fl-d1"/>
      </object_component>
      <object_component id="oc-114">
         <name>.text</name>
         <load_address>0xeb4</load_address>
         <run_address>0xeb4</run_address>
         <size>0x44</size>
         <input_file_ref idref="fl-c7"/>
      </object_component>
      <object_component id="oc-100">
         <name>.text</name>
         <load_address>0xef8</load_address>
         <run_address>0xef8</run_address>
         <size>0x38</size>
         <input_file_ref idref="fl-c8"/>
      </object_component>
      <object_component id="oc-69">
         <name>.text</name>
         <load_address>0xf30</load_address>
         <run_address>0xf30</run_address>
         <size>0x18</size>
         <input_file_ref idref="fl-cf"/>
      </object_component>
      <object_component id="oc-e1">
         <name>.text</name>
         <load_address>0xf48</load_address>
         <run_address>0xf48</run_address>
         <size>0x14</size>
         <input_file_ref idref="fl-ce"/>
      </object_component>
      <object_component id="oc-18">
         <name>.text:decompress:none</name>
         <load_address>0xf5c</load_address>
         <run_address>0xf5c</run_address>
         <size>0xe</size>
         <input_file_ref idref="fl-c1"/>
      </object_component>
      <object_component id="oc-2b">
         <name>.text</name>
         <load_address>0xf6a</load_address>
         <run_address>0xf6a</run_address>
         <size>0xc</size>
         <input_file_ref idref="fl-5"/>
      </object_component>
      <object_component id="oc-5d">
         <name>.text</name>
         <load_address>0xf76</load_address>
         <run_address>0xf76</run_address>
         <size>0x4</size>
         <input_file_ref idref="fl-cc"/>
      </object_component>
      <object_component id="oc-148">
         <name>.cinit..data.load</name>
         <load_address>0xf80</load_address>
         <run_address>0xf80</run_address>
         <size>0x11</size>
      </object_component>
      <object_component id="oc-146">
         <name>__TI_handler_table</name>
         <load_address>0xf94</load_address>
         <run_address>0xf94</run_address>
         <size>0x8</size>
      </object_component>
      <object_component id="oc-147">
         <name>__TI_cinit_table</name>
         <load_address>0xf9c</load_address>
         <run_address>0xf9c</run_address>
         <size>0x8</size>
      </object_component>
      <object_component id="oc-af">
         <name>.data:$O1$$</name>
         <load_address>0x20000200</load_address>
         <run_address>0x20000200</run_address>
         <size>0xc</size>
         <input_file_ref idref="fl-c3"/>
      </object_component>
      <object_component id="oc-75">
         <name>.data</name>
         <load_address>0x20000214</load_address>
         <run_address>0x20000214</run_address>
         <size>0x4</size>
         <input_file_ref idref="fl-cd"/>
      </object_component>
      <object_component id="oc-b2">
         <name>.data:$O1$$</name>
         <load_address>0x2000020c</load_address>
         <run_address>0x2000020c</run_address>
         <size>0x8</size>
         <input_file_ref idref="fl-ce"/>
      </object_component>
      <object_component id="oc-2a">
         <name>.stack</name>
         <uninitialized>true</uninitialized>
         <run_address>0x20000000</run_address>
         <size>0x0</size>
         <input_file_ref idref="fl-bf"/>
      </object_component>
      <object_component id="oc-149">
         <name>.stack</name>
         <uninitialized>true</uninitialized>
         <run_address>0x20000000</run_address>
         <size>0x0</size>
      </object_component>
      <object_component id="oc-ff">
         <name>.debug_info</name>
         <load_address>0x0</load_address>
         <run_address>0x0</run_address>
         <size>0x252</size>
         <input_file_ref idref="fl-2"/>
      </object_component>
      <object_component id="oc-cc">
         <name>.debug_info</name>
         <load_address>0x252</load_address>
         <run_address>0x252</run_address>
         <size>0xa9c</size>
         <input_file_ref idref="fl-2"/>
      </object_component>
      <object_component id="oc-3a">
         <name>.debug_info</name>
         <load_address>0xcee</load_address>
         <run_address>0xcee</run_address>
         <size>0x84</size>
         <input_file_ref idref="fl-2"/>
      </object_component>
      <object_component id="oc-fa">
         <name>.debug_info</name>
         <load_address>0xd72</load_address>
         <run_address>0xd72</run_address>
         <size>0xa1</size>
         <input_file_ref idref="fl-2"/>
      </object_component>
      <object_component id="oc-11a">
         <name>.debug_info</name>
         <load_address>0xe13</load_address>
         <run_address>0xe13</run_address>
         <size>0x250</size>
         <input_file_ref idref="fl-3"/>
      </object_component>
      <object_component id="oc-d3">
         <name>.debug_info</name>
         <load_address>0x1063</load_address>
         <run_address>0x1063</run_address>
         <size>0x353</size>
         <input_file_ref idref="fl-3"/>
      </object_component>
      <object_component id="oc-a8">
         <name>.debug_info</name>
         <load_address>0x13b6</load_address>
         <run_address>0x13b6</run_address>
         <size>0x12a</size>
         <input_file_ref idref="fl-4"/>
      </object_component>
      <object_component id="oc-33">
         <name>.debug_info</name>
         <load_address>0x14e0</load_address>
         <run_address>0x14e0</run_address>
         <size>0x297</size>
         <input_file_ref idref="fl-5"/>
      </object_component>
      <object_component id="oc-10">
         <name>.debug_info</name>
         <load_address>0x1777</load_address>
         <run_address>0x1777</run_address>
         <size>0xe8</size>
         <input_file_ref idref="fl-5"/>
      </object_component>
      <object_component id="oc-2c">
         <name>.debug_info</name>
         <load_address>0x185f</load_address>
         <run_address>0x185f</run_address>
         <size>0x264</size>
         <input_file_ref idref="fl-5"/>
      </object_component>
      <object_component id="oc-7c">
         <name>.debug_info</name>
         <load_address>0x1ac3</load_address>
         <run_address>0x1ac3</run_address>
         <size>0x18b</size>
         <input_file_ref idref="fl-5"/>
      </object_component>
      <object_component id="oc-26">
         <name>.debug_info</name>
         <load_address>0x1c4e</load_address>
         <run_address>0x1c4e</run_address>
         <size>0x160</size>
         <input_file_ref idref="fl-bf"/>
      </object_component>
      <object_component id="oc-86">
         <name>.debug_info</name>
         <load_address>0x1dae</load_address>
         <run_address>0x1dae</run_address>
         <size>0x293</size>
         <input_file_ref idref="fl-c0"/>
      </object_component>
      <object_component id="oc-13">
         <name>.debug_info</name>
         <load_address>0x2041</load_address>
         <run_address>0x2041</run_address>
         <size>0x245</size>
         <input_file_ref idref="fl-c0"/>
      </object_component>
      <object_component id="oc-35">
         <name>.debug_info</name>
         <load_address>0x2286</load_address>
         <run_address>0x2286</run_address>
         <size>0x60</size>
         <input_file_ref idref="fl-c0"/>
      </object_component>
      <object_component id="oc-81">
         <name>.debug_info</name>
         <load_address>0x22e6</load_address>
         <run_address>0x22e6</run_address>
         <size>0x46</size>
         <input_file_ref idref="fl-c0"/>
      </object_component>
      <object_component id="oc-4a">
         <name>.debug_info</name>
         <load_address>0x232c</load_address>
         <run_address>0x232c</run_address>
         <size>0x2da</size>
         <input_file_ref idref="fl-c1"/>
      </object_component>
      <object_component id="oc-19">
         <name>.debug_info</name>
         <load_address>0x2606</load_address>
         <run_address>0x2606</run_address>
         <size>0x1df</size>
         <input_file_ref idref="fl-c1"/>
      </object_component>
      <object_component id="oc-45">
         <name>.debug_info</name>
         <load_address>0x27e5</load_address>
         <run_address>0x27e5</run_address>
         <size>0x46</size>
         <input_file_ref idref="fl-c1"/>
      </object_component>
      <object_component id="oc-88">
         <name>.debug_info</name>
         <load_address>0x282b</load_address>
         <run_address>0x282b</run_address>
         <size>0x2c</size>
         <input_file_ref idref="fl-c1"/>
      </object_component>
      <object_component id="oc-90">
         <name>.debug_info</name>
         <load_address>0x2857</load_address>
         <run_address>0x2857</run_address>
         <size>0x2c</size>
         <input_file_ref idref="fl-c2"/>
      </object_component>
      <object_component id="oc-b6">
         <name>.debug_info</name>
         <load_address>0x2883</load_address>
         <run_address>0x2883</run_address>
         <size>0x3ce</size>
         <input_file_ref idref="fl-c3"/>
      </object_component>
      <object_component id="oc-b0">
         <name>.debug_info</name>
         <load_address>0x2c51</load_address>
         <run_address>0x2c51</run_address>
         <size>0x185</size>
         <input_file_ref idref="fl-c3"/>
      </object_component>
      <object_component id="oc-70">
         <name>.debug_info</name>
         <load_address>0x2dd6</load_address>
         <run_address>0x2dd6</run_address>
         <size>0x214</size>
         <input_file_ref idref="fl-c3"/>
      </object_component>
      <object_component id="oc-110">
         <name>.debug_info</name>
         <load_address>0x2fea</load_address>
         <run_address>0x2fea</run_address>
         <size>0x144</size>
         <input_file_ref idref="fl-c4"/>
      </object_component>
      <object_component id="oc-106">
         <name>.debug_info</name>
         <load_address>0x312e</load_address>
         <run_address>0x312e</run_address>
         <size>0x132</size>
         <input_file_ref idref="fl-c5"/>
      </object_component>
      <object_component id="oc-10c">
         <name>.debug_info</name>
         <load_address>0x3260</load_address>
         <run_address>0x3260</run_address>
         <size>0x132</size>
         <input_file_ref idref="fl-c6"/>
      </object_component>
      <object_component id="oc-115">
         <name>.debug_info</name>
         <load_address>0x3392</load_address>
         <run_address>0x3392</run_address>
         <size>0x131</size>
         <input_file_ref idref="fl-c7"/>
      </object_component>
      <object_component id="oc-102">
         <name>.debug_info</name>
         <load_address>0x34c3</load_address>
         <run_address>0x34c3</run_address>
         <size>0x124</size>
         <input_file_ref idref="fl-c8"/>
      </object_component>
      <object_component id="oc-41">
         <name>.debug_info</name>
         <load_address>0x35e7</load_address>
         <run_address>0x35e7</run_address>
         <size>0x111</size>
         <input_file_ref idref="fl-c9"/>
      </object_component>
      <object_component id="oc-59">
         <name>.debug_info</name>
         <load_address>0x36f8</load_address>
         <run_address>0x36f8</run_address>
         <size>0x138</size>
         <input_file_ref idref="fl-cb"/>
      </object_component>
      <object_component id="oc-5e">
         <name>.debug_info</name>
         <load_address>0x3830</load_address>
         <run_address>0x3830</run_address>
         <size>0x148</size>
         <input_file_ref idref="fl-cc"/>
      </object_component>
      <object_component id="oc-76">
         <name>.debug_info</name>
         <load_address>0x3978</load_address>
         <run_address>0x3978</run_address>
         <size>0x109</size>
         <input_file_ref idref="fl-cd"/>
      </object_component>
      <object_component id="oc-e9">
         <name>.debug_info</name>
         <load_address>0x3a81</load_address>
         <run_address>0x3a81</run_address>
         <size>0x2be</size>
         <input_file_ref idref="fl-ce"/>
      </object_component>
      <object_component id="oc-b3">
         <name>.debug_info</name>
         <load_address>0x3d3f</load_address>
         <run_address>0x3d3f</run_address>
         <size>0x113</size>
         <input_file_ref idref="fl-ce"/>
      </object_component>
      <object_component id="oc-e5">
         <name>.debug_info</name>
         <load_address>0x3e52</load_address>
         <run_address>0x3e52</run_address>
         <size>0x21f</size>
         <input_file_ref idref="fl-ce"/>
      </object_component>
      <object_component id="oc-ae">
         <name>.debug_info</name>
         <load_address>0x4071</load_address>
         <run_address>0x4071</run_address>
         <size>0x300</size>
         <input_file_ref idref="fl-cf"/>
      </object_component>
      <object_component id="oc-6b">
         <name>.debug_info</name>
         <load_address>0x4371</load_address>
         <run_address>0x4371</run_address>
         <size>0x167</size>
         <input_file_ref idref="fl-cf"/>
      </object_component>
      <object_component id="oc-da">
         <name>.debug_info</name>
         <load_address>0x44d8</load_address>
         <run_address>0x44d8</run_address>
         <size>0x5e</size>
         <input_file_ref idref="fl-cf"/>
      </object_component>
      <object_component id="oc-a6">
         <name>.debug_info</name>
         <load_address>0x4536</load_address>
         <run_address>0x4536</run_address>
         <size>0x483</size>
         <input_file_ref idref="fl-d0"/>
      </object_component>
      <object_component id="oc-66">
         <name>.debug_info</name>
         <load_address>0x49b9</load_address>
         <run_address>0x49b9</run_address>
         <size>0x190</size>
         <input_file_ref idref="fl-d0"/>
      </object_component>
      <object_component id="oc-c1">
         <name>.debug_info</name>
         <load_address>0x4b49</load_address>
         <run_address>0x4b49</run_address>
         <size>0x39</size>
         <input_file_ref idref="fl-d0"/>
      </object_component>
      <object_component id="oc-f4">
         <name>.debug_info</name>
         <load_address>0x4b82</load_address>
         <run_address>0x4b82</run_address>
         <size>0x39</size>
         <input_file_ref idref="fl-d0"/>
      </object_component>
      <object_component id="oc-c6">
         <name>.debug_info</name>
         <load_address>0x4bbb</load_address>
         <run_address>0x4bbb</run_address>
         <size>0xcd</size>
         <input_file_ref idref="fl-d0"/>
      </object_component>
      <object_component id="oc-bd">
         <name>.debug_info</name>
         <load_address>0x4c88</load_address>
         <run_address>0x4c88</run_address>
         <size>0x37a</size>
         <input_file_ref idref="fl-d1"/>
      </object_component>
      <object_component id="oc-9d">
         <name>.debug_info</name>
         <load_address>0x5002</load_address>
         <run_address>0x5002</run_address>
         <size>0x183</size>
         <input_file_ref idref="fl-d1"/>
      </object_component>
      <object_component id="oc-ef">
         <name>.debug_info</name>
         <load_address>0x5185</load_address>
         <run_address>0x5185</run_address>
         <size>0x2c</size>
         <input_file_ref idref="fl-d1"/>
      </object_component>
      <object_component id="oc-a1">
         <name>.debug_info</name>
         <load_address>0x51b1</load_address>
         <run_address>0x51b1</run_address>
         <size>0x145</size>
         <input_file_ref idref="fl-d2"/>
      </object_component>
      <object_component id="oc-14a">
         <name>.debug_info</name>
         <load_address>0x52f6</load_address>
         <run_address>0x52f6</run_address>
         <size>0x9e</size>
      </object_component>
      <object_component id="oc-11f">
         <name>.debug_line</name>
         <load_address>0x0</load_address>
         <run_address>0x0</run_address>
         <size>0x20</size>
         <input_file_ref idref="fl-2"/>
      </object_component>
      <object_component id="oc-cf">
         <name>.debug_line</name>
         <load_address>0x20</load_address>
         <run_address>0x20</run_address>
         <size>0x2e8</size>
         <input_file_ref idref="fl-2"/>
      </object_component>
      <object_component id="oc-3d">
         <name>.debug_line</name>
         <load_address>0x308</load_address>
         <run_address>0x308</run_address>
         <size>0x20</size>
         <input_file_ref idref="fl-2"/>
      </object_component>
      <object_component id="oc-fd">
         <name>.debug_line</name>
         <load_address>0x328</load_address>
         <run_address>0x328</run_address>
         <size>0x31</size>
         <input_file_ref idref="fl-2"/>
      </object_component>
      <object_component id="oc-126">
         <name>.debug_line</name>
         <load_address>0x359</load_address>
         <run_address>0x359</run_address>
         <size>0x20</size>
         <input_file_ref idref="fl-3"/>
      </object_component>
      <object_component id="oc-d6">
         <name>.debug_line</name>
         <load_address>0x379</load_address>
         <run_address>0x379</run_address>
         <size>0xe7</size>
         <input_file_ref idref="fl-3"/>
      </object_component>
      <object_component id="oc-ac">
         <name>.debug_line</name>
         <load_address>0x460</load_address>
         <run_address>0x460</run_address>
         <size>0x57</size>
         <input_file_ref idref="fl-4"/>
      </object_component>
      <object_component id="oc-7b">
         <name>.debug_line</name>
         <load_address>0x4b7</load_address>
         <run_address>0x4b7</run_address>
         <size>0x41</size>
         <input_file_ref idref="fl-5"/>
      </object_component>
      <object_component id="oc-32">
         <name>.debug_line</name>
         <load_address>0x4f8</load_address>
         <run_address>0x4f8</run_address>
         <size>0x41</size>
         <input_file_ref idref="fl-5"/>
      </object_component>
      <object_component id="oc-2f">
         <name>.debug_line</name>
         <load_address>0x539</load_address>
         <run_address>0x539</run_address>
         <size>0x9b</size>
         <input_file_ref idref="fl-5"/>
      </object_component>
      <object_component id="oc-7f">
         <name>.debug_line</name>
         <load_address>0x5d4</load_address>
         <run_address>0x5d4</run_address>
         <size>0x65</size>
         <input_file_ref idref="fl-5"/>
      </object_component>
      <object_component id="oc-28">
         <name>.debug_line</name>
         <load_address>0x639</load_address>
         <run_address>0x639</run_address>
         <size>0x53</size>
         <input_file_ref idref="fl-bf"/>
      </object_component>
      <object_component id="oc-bb">
         <name>.debug_line</name>
         <load_address>0x68c</load_address>
         <run_address>0x68c</run_address>
         <size>0x20</size>
         <input_file_ref idref="fl-c0"/>
      </object_component>
      <object_component id="oc-17">
         <name>.debug_line</name>
         <load_address>0x6ac</load_address>
         <run_address>0x6ac</run_address>
         <size>0xa9</size>
         <input_file_ref idref="fl-c0"/>
      </object_component>
      <object_component id="oc-38">
         <name>.debug_line</name>
         <load_address>0x755</load_address>
         <run_address>0x755</run_address>
         <size>0x3a</size>
         <input_file_ref idref="fl-c0"/>
      </object_component>
      <object_component id="oc-84">
         <name>.debug_line</name>
         <load_address>0x78f</load_address>
         <run_address>0x78f</run_address>
         <size>0x8a</size>
         <input_file_ref idref="fl-c0"/>
      </object_component>
      <object_component id="oc-8e">
         <name>.debug_line</name>
         <load_address>0x819</load_address>
         <run_address>0x819</run_address>
         <size>0x8a</size>
         <input_file_ref idref="fl-c1"/>
      </object_component>
      <object_component id="oc-1c">
         <name>.debug_line</name>
         <load_address>0x8a3</load_address>
         <run_address>0x8a3</run_address>
         <size>0x55</size>
         <input_file_ref idref="fl-c1"/>
      </object_component>
      <object_component id="oc-48">
         <name>.debug_line</name>
         <load_address>0x8f8</load_address>
         <run_address>0x8f8</run_address>
         <size>0x3a</size>
         <input_file_ref idref="fl-c1"/>
      </object_component>
      <object_component id="oc-8b">
         <name>.debug_line</name>
         <load_address>0x932</load_address>
         <run_address>0x932</run_address>
         <size>0x8a</size>
         <input_file_ref idref="fl-c1"/>
      </object_component>
      <object_component id="oc-93">
         <name>.debug_line</name>
         <load_address>0x9bc</load_address>
         <run_address>0x9bc</run_address>
         <size>0x8a</size>
         <input_file_ref idref="fl-c2"/>
      </object_component>
      <object_component id="oc-ec">
         <name>.debug_line</name>
         <load_address>0xa46</load_address>
         <run_address>0xa46</run_address>
         <size>0xf2</size>
         <input_file_ref idref="fl-c3"/>
      </object_component>
      <object_component id="oc-e0">
         <name>.debug_line</name>
         <load_address>0xb38</load_address>
         <run_address>0xb38</run_address>
         <size>0x2a</size>
         <input_file_ref idref="fl-c3"/>
      </object_component>
      <object_component id="oc-73">
         <name>.debug_line</name>
         <load_address>0xb62</load_address>
         <run_address>0xb62</run_address>
         <size>0x86</size>
         <input_file_ref idref="fl-c3"/>
      </object_component>
      <object_component id="oc-113">
         <name>.debug_line</name>
         <load_address>0xbe8</load_address>
         <run_address>0xbe8</run_address>
         <size>0xd2</size>
         <input_file_ref idref="fl-c4"/>
      </object_component>
      <object_component id="oc-109">
         <name>.debug_line</name>
         <load_address>0xcba</load_address>
         <run_address>0xcba</run_address>
         <size>0xa8</size>
         <input_file_ref idref="fl-c5"/>
      </object_component>
      <object_component id="oc-10b">
         <name>.debug_line</name>
         <load_address>0xd62</load_address>
         <run_address>0xd62</run_address>
         <size>0x8e</size>
         <input_file_ref idref="fl-c6"/>
      </object_component>
      <object_component id="oc-118">
         <name>.debug_line</name>
         <load_address>0xdf0</load_address>
         <run_address>0xdf0</run_address>
         <size>0x59</size>
         <input_file_ref idref="fl-c7"/>
      </object_component>
      <object_component id="oc-104">
         <name>.debug_line</name>
         <load_address>0xe49</load_address>
         <run_address>0xe49</run_address>
         <size>0x57</size>
         <input_file_ref idref="fl-c8"/>
      </object_component>
      <object_component id="oc-40">
         <name>.debug_line</name>
         <load_address>0xea0</load_address>
         <run_address>0xea0</run_address>
         <size>0x88</size>
         <input_file_ref idref="fl-c9"/>
      </object_component>
      <object_component id="oc-5b">
         <name>.debug_line</name>
         <load_address>0xf28</load_address>
         <run_address>0xf28</run_address>
         <size>0x3d</size>
         <input_file_ref idref="fl-cb"/>
      </object_component>
      <object_component id="oc-61">
         <name>.debug_line</name>
         <load_address>0xf65</load_address>
         <run_address>0xf65</run_address>
         <size>0x40</size>
         <input_file_ref idref="fl-cc"/>
      </object_component>
      <object_component id="oc-b9">
         <name>.debug_line</name>
         <load_address>0xfa5</load_address>
         <run_address>0xfa5</run_address>
         <size>0x33</size>
         <input_file_ref idref="fl-cd"/>
      </object_component>
      <object_component id="oc-11d">
         <name>.debug_line</name>
         <load_address>0xfd8</load_address>
         <run_address>0xfd8</run_address>
         <size>0x20</size>
         <input_file_ref idref="fl-ce"/>
      </object_component>
      <object_component id="oc-e8">
         <name>.debug_line</name>
         <load_address>0xff8</load_address>
         <run_address>0xff8</run_address>
         <size>0x2b</size>
         <input_file_ref idref="fl-ce"/>
      </object_component>
      <object_component id="oc-e3">
         <name>.debug_line</name>
         <load_address>0x1023</load_address>
         <run_address>0x1023</run_address>
         <size>0x68</size>
         <input_file_ref idref="fl-ce"/>
      </object_component>
      <object_component id="oc-d9">
         <name>.debug_line</name>
         <load_address>0x108b</load_address>
         <run_address>0x108b</run_address>
         <size>0x2b</size>
         <input_file_ref idref="fl-cf"/>
      </object_component>
      <object_component id="oc-6d">
         <name>.debug_line</name>
         <load_address>0x10b6</load_address>
         <run_address>0x10b6</run_address>
         <size>0x4a</size>
         <input_file_ref idref="fl-cf"/>
      </object_component>
      <object_component id="oc-dd">
         <name>.debug_line</name>
         <load_address>0x1100</load_address>
         <run_address>0x1100</run_address>
         <size>0x2b</size>
         <input_file_ref idref="fl-cf"/>
      </object_component>
      <object_component id="oc-c0">
         <name>.debug_line</name>
         <load_address>0x112b</load_address>
         <run_address>0x112b</run_address>
         <size>0xa9</size>
         <input_file_ref idref="fl-d0"/>
      </object_component>
      <object_component id="oc-68">
         <name>.debug_line</name>
         <load_address>0x11d4</load_address>
         <run_address>0x11d4</run_address>
         <size>0x8b</size>
         <input_file_ref idref="fl-d0"/>
      </object_component>
      <object_component id="oc-c4">
         <name>.debug_line</name>
         <load_address>0x125f</load_address>
         <run_address>0x125f</run_address>
         <size>0x2e</size>
         <input_file_ref idref="fl-d0"/>
      </object_component>
      <object_component id="oc-f7">
         <name>.debug_line</name>
         <load_address>0x128d</load_address>
         <run_address>0x128d</run_address>
         <size>0x8a</size>
         <input_file_ref idref="fl-d0"/>
      </object_component>
      <object_component id="oc-c9">
         <name>.debug_line</name>
         <load_address>0x1317</load_address>
         <run_address>0x1317</run_address>
         <size>0x8b</size>
         <input_file_ref idref="fl-d0"/>
      </object_component>
      <object_component id="oc-ee">
         <name>.debug_line</name>
         <load_address>0x13a2</load_address>
         <run_address>0x13a2</run_address>
         <size>0x98</size>
         <input_file_ref idref="fl-d1"/>
      </object_component>
      <object_component id="oc-9c">
         <name>.debug_line</name>
         <load_address>0x143a</load_address>
         <run_address>0x143a</run_address>
         <size>0x68</size>
         <input_file_ref idref="fl-d1"/>
      </object_component>
      <object_component id="oc-f2">
         <name>.debug_line</name>
         <load_address>0x14a2</load_address>
         <run_address>0x14a2</run_address>
         <size>0x2e</size>
         <input_file_ref idref="fl-d1"/>
      </object_component>
      <object_component id="oc-a4">
         <name>.debug_line</name>
         <load_address>0x14d0</load_address>
         <run_address>0x14d0</run_address>
         <size>0x3c</size>
         <input_file_ref idref="fl-d2"/>
      </object_component>
      <object_component id="oc-d0">
         <name>.debug_frame</name>
         <load_address>0x0</load_address>
         <run_address>0x0</run_address>
         <size>0x147</size>
         <input_file_ref idref="fl-2"/>
      </object_component>
      <object_component id="oc-d5">
         <name>.debug_frame</name>
         <load_address>0x147</load_address>
         <run_address>0x147</run_address>
         <size>0xae</size>
         <input_file_ref idref="fl-3"/>
      </object_component>
      <object_component id="oc-ab">
         <name>.debug_frame</name>
         <load_address>0x1f5</load_address>
         <run_address>0x1f5</run_address>
         <size>0x5c</size>
         <input_file_ref idref="fl-4"/>
      </object_component>
      <object_component id="oc-30">
         <name>.debug_frame</name>
         <load_address>0x251</load_address>
         <run_address>0x251</run_address>
         <size>0x84</size>
         <input_file_ref idref="fl-5"/>
      </object_component>
      <object_component id="oc-16">
         <name>.debug_frame</name>
         <load_address>0x2d5</load_address>
         <run_address>0x2d5</run_address>
         <size>0x60</size>
         <input_file_ref idref="fl-c0"/>
      </object_component>
      <object_component id="oc-1d">
         <name>.debug_frame</name>
         <load_address>0x335</load_address>
         <run_address>0x335</run_address>
         <size>0x51</size>
         <input_file_ref idref="fl-c1"/>
      </object_component>
      <object_component id="oc-74">
         <name>.debug_frame</name>
         <load_address>0x386</load_address>
         <run_address>0x386</run_address>
         <size>0x85</size>
         <input_file_ref idref="fl-c3"/>
      </object_component>
      <object_component id="oc-5c">
         <name>.debug_frame</name>
         <load_address>0x40b</load_address>
         <run_address>0x40b</run_address>
         <size>0x51</size>
         <input_file_ref idref="fl-cb"/>
      </object_component>
      <object_component id="oc-62">
         <name>.debug_frame</name>
         <load_address>0x45c</load_address>
         <run_address>0x45c</run_address>
         <size>0x51</size>
         <input_file_ref idref="fl-cc"/>
      </object_component>
      <object_component id="oc-e4">
         <name>.debug_frame</name>
         <load_address>0x4ad</load_address>
         <run_address>0x4ad</run_address>
         <size>0x73</size>
         <input_file_ref idref="fl-ce"/>
      </object_component>
      <object_component id="oc-6e">
         <name>.debug_frame</name>
         <load_address>0x520</load_address>
         <run_address>0x520</run_address>
         <size>0x51</size>
         <input_file_ref idref="fl-cf"/>
      </object_component>
      <object_component id="oc-64">
         <name>.debug_frame</name>
         <load_address>0x571</load_address>
         <run_address>0x571</run_address>
         <size>0x5c</size>
         <input_file_ref idref="fl-d0"/>
      </object_component>
      <object_component id="oc-9b">
         <name>.debug_frame</name>
         <load_address>0x5cd</load_address>
         <run_address>0x5cd</run_address>
         <size>0x60</size>
         <input_file_ref idref="fl-d1"/>
      </object_component>
      <object_component id="oc-a0">
         <name>.debug_frame</name>
         <load_address>0x62d</load_address>
         <run_address>0x62d</run_address>
         <size>0x51</size>
         <input_file_ref idref="fl-d2"/>
      </object_component>
      <object_component id="oc-11e">
         <name>.debug_abbrev</name>
         <load_address>0x0</load_address>
         <run_address>0x0</run_address>
         <size>0x25</size>
         <input_file_ref idref="fl-2"/>
      </object_component>
      <object_component id="oc-f9">
         <name>.debug_abbrev</name>
         <load_address>0x25</load_address>
         <run_address>0x25</run_address>
         <size>0x124</size>
         <input_file_ref idref="fl-2"/>
      </object_component>
      <object_component id="oc-3c">
         <name>.debug_abbrev</name>
         <load_address>0x149</load_address>
         <run_address>0x149</run_address>
         <size>0x1f</size>
         <input_file_ref idref="fl-2"/>
      </object_component>
      <object_component id="oc-fc">
         <name>.debug_abbrev</name>
         <load_address>0x168</load_address>
         <run_address>0x168</run_address>
         <size>0x24</size>
         <input_file_ref idref="fl-2"/>
      </object_component>
      <object_component id="oc-125">
         <name>.debug_abbrev</name>
         <load_address>0x18c</load_address>
         <run_address>0x18c</run_address>
         <size>0x25</size>
         <input_file_ref idref="fl-3"/>
      </object_component>
      <object_component id="oc-119">
         <name>.debug_abbrev</name>
         <load_address>0x1b1</load_address>
         <run_address>0x1b1</run_address>
         <size>0x7a</size>
         <input_file_ref idref="fl-3"/>
      </object_component>
      <object_component id="oc-d7">
         <name>.debug_abbrev</name>
         <load_address>0x22b</load_address>
         <run_address>0x22b</run_address>
         <size>0x54</size>
         <input_file_ref idref="fl-4"/>
      </object_component>
      <object_component id="oc-7a">
         <name>.debug_abbrev</name>
         <load_address>0x27f</load_address>
         <run_address>0x27f</run_address>
         <size>0x5f</size>
         <input_file_ref idref="fl-5"/>
      </object_component>
      <object_component id="oc-31">
         <name>.debug_abbrev</name>
         <load_address>0x2de</load_address>
         <run_address>0x2de</run_address>
         <size>0x29</size>
         <input_file_ref idref="fl-5"/>
      </object_component>
      <object_component id="oc-79">
         <name>.debug_abbrev</name>
         <load_address>0x307</load_address>
         <run_address>0x307</run_address>
         <size>0x79</size>
         <input_file_ref idref="fl-5"/>
      </object_component>
      <object_component id="oc-7e">
         <name>.debug_abbrev</name>
         <load_address>0x380</load_address>
         <run_address>0x380</run_address>
         <size>0x35</size>
         <input_file_ref idref="fl-5"/>
      </object_component>
      <object_component id="oc-78">
         <name>.debug_abbrev</name>
         <load_address>0x3b5</load_address>
         <run_address>0x3b5</run_address>
         <size>0x3e</size>
         <input_file_ref idref="fl-bf"/>
      </object_component>
      <object_component id="oc-ba">
         <name>.debug_abbrev</name>
         <load_address>0x3f3</load_address>
         <run_address>0x3f3</run_address>
         <size>0x37</size>
         <input_file_ref idref="fl-c0"/>
      </object_component>
      <object_component id="oc-34">
         <name>.debug_abbrev</name>
         <load_address>0x42a</load_address>
         <run_address>0x42a</run_address>
         <size>0x6f</size>
         <input_file_ref idref="fl-c0"/>
      </object_component>
      <object_component id="oc-37">
         <name>.debug_abbrev</name>
         <load_address>0x499</load_address>
         <run_address>0x499</run_address>
         <size>0x24</size>
         <input_file_ref idref="fl-c0"/>
      </object_component>
      <object_component id="oc-83">
         <name>.debug_abbrev</name>
         <load_address>0x4bd</load_address>
         <run_address>0x4bd</run_address>
         <size>0x35</size>
         <input_file_ref idref="fl-c0"/>
      </object_component>
      <object_component id="oc-8d">
         <name>.debug_abbrev</name>
         <load_address>0x4f2</load_address>
         <run_address>0x4f2</run_address>
         <size>0x5d</size>
         <input_file_ref idref="fl-c1"/>
      </object_component>
      <object_component id="oc-44">
         <name>.debug_abbrev</name>
         <load_address>0x54f</load_address>
         <run_address>0x54f</run_address>
         <size>0x74</size>
         <input_file_ref idref="fl-c1"/>
      </object_component>
      <object_component id="oc-47">
         <name>.debug_abbrev</name>
         <load_address>0x5c3</load_address>
         <run_address>0x5c3</run_address>
         <size>0x24</size>
         <input_file_ref idref="fl-c1"/>
      </object_component>
      <object_component id="oc-8a">
         <name>.debug_abbrev</name>
         <load_address>0x5e7</load_address>
         <run_address>0x5e7</run_address>
         <size>0x24</size>
         <input_file_ref idref="fl-c1"/>
      </object_component>
      <object_component id="oc-92">
         <name>.debug_abbrev</name>
         <load_address>0x60b</load_address>
         <run_address>0x60b</run_address>
         <size>0x24</size>
         <input_file_ref idref="fl-c2"/>
      </object_component>
      <object_component id="oc-eb">
         <name>.debug_abbrev</name>
         <load_address>0x62f</load_address>
         <run_address>0x62f</run_address>
         <size>0xb3</size>
         <input_file_ref idref="fl-c3"/>
      </object_component>
      <object_component id="oc-df">
         <name>.debug_abbrev</name>
         <load_address>0x6e2</load_address>
         <run_address>0x6e2</run_address>
         <size>0x29</size>
         <input_file_ref idref="fl-c3"/>
      </object_component>
      <object_component id="oc-b5">
         <name>.debug_abbrev</name>
         <load_address>0x70b</load_address>
         <run_address>0x70b</run_address>
         <size>0xba</size>
         <input_file_ref idref="fl-c3"/>
      </object_component>
      <object_component id="oc-123">
         <name>.debug_abbrev</name>
         <load_address>0x7c5</load_address>
         <run_address>0x7c5</run_address>
         <size>0x3c</size>
         <input_file_ref idref="fl-c4"/>
      </object_component>
      <object_component id="oc-121">
         <name>.debug_abbrev</name>
         <load_address>0x801</load_address>
         <run_address>0x801</run_address>
         <size>0x3c</size>
         <input_file_ref idref="fl-c5"/>
      </object_component>
      <object_component id="oc-122">
         <name>.debug_abbrev</name>
         <load_address>0x83d</load_address>
         <run_address>0x83d</run_address>
         <size>0x3c</size>
         <input_file_ref idref="fl-c6"/>
      </object_component>
      <object_component id="oc-124">
         <name>.debug_abbrev</name>
         <load_address>0x879</load_address>
         <run_address>0x879</run_address>
         <size>0x4a</size>
         <input_file_ref idref="fl-c7"/>
      </object_component>
      <object_component id="oc-120">
         <name>.debug_abbrev</name>
         <load_address>0x8c3</load_address>
         <run_address>0x8c3</run_address>
         <size>0x3c</size>
         <input_file_ref idref="fl-c8"/>
      </object_component>
      <object_component id="oc-87">
         <name>.debug_abbrev</name>
         <load_address>0x8ff</load_address>
         <run_address>0x8ff</run_address>
         <size>0x3e</size>
         <input_file_ref idref="fl-c9"/>
      </object_component>
      <object_component id="oc-97">
         <name>.debug_abbrev</name>
         <load_address>0x93d</load_address>
         <run_address>0x93d</run_address>
         <size>0x53</size>
         <input_file_ref idref="fl-cb"/>
      </object_component>
      <object_component id="oc-98">
         <name>.debug_abbrev</name>
         <load_address>0x990</load_address>
         <run_address>0x990</run_address>
         <size>0x55</size>
         <input_file_ref idref="fl-cc"/>
      </object_component>
      <object_component id="oc-b8">
         <name>.debug_abbrev</name>
         <load_address>0x9e5</load_address>
         <run_address>0x9e5</run_address>
         <size>0x27</size>
         <input_file_ref idref="fl-cd"/>
      </object_component>
      <object_component id="oc-11c">
         <name>.debug_abbrev</name>
         <load_address>0xa0c</load_address>
         <run_address>0xa0c</run_address>
         <size>0x50</size>
         <input_file_ref idref="fl-ce"/>
      </object_component>
      <object_component id="oc-e7">
         <name>.debug_abbrev</name>
         <load_address>0xa5c</load_address>
         <run_address>0xa5c</run_address>
         <size>0x29</size>
         <input_file_ref idref="fl-ce"/>
      </object_component>
      <object_component id="oc-11b">
         <name>.debug_abbrev</name>
         <load_address>0xa85</load_address>
         <run_address>0xa85</run_address>
         <size>0x6f</size>
         <input_file_ref idref="fl-ce"/>
      </object_component>
      <object_component id="oc-d8">
         <name>.debug_abbrev</name>
         <load_address>0xaf4</load_address>
         <run_address>0xaf4</run_address>
         <size>0x99</size>
         <input_file_ref idref="fl-cf"/>
      </object_component>
      <object_component id="oc-ad">
         <name>.debug_abbrev</name>
         <load_address>0xb8d</load_address>
         <run_address>0xb8d</run_address>
         <size>0x68</size>
         <input_file_ref idref="fl-cf"/>
      </object_component>
      <object_component id="oc-dc">
         <name>.debug_abbrev</name>
         <load_address>0xbf5</load_address>
         <run_address>0xbf5</run_address>
         <size>0x49</size>
         <input_file_ref idref="fl-cf"/>
      </object_component>
      <object_component id="oc-bf">
         <name>.debug_abbrev</name>
         <load_address>0xc3e</load_address>
         <run_address>0xc3e</run_address>
         <size>0xb9</size>
         <input_file_ref idref="fl-d0"/>
      </object_component>
      <object_component id="oc-a5">
         <name>.debug_abbrev</name>
         <load_address>0xcf7</load_address>
         <run_address>0xcf7</run_address>
         <size>0x7e</size>
         <input_file_ref idref="fl-d0"/>
      </object_component>
      <object_component id="oc-c3">
         <name>.debug_abbrev</name>
         <load_address>0xd75</load_address>
         <run_address>0xd75</run_address>
         <size>0x24</size>
         <input_file_ref idref="fl-d0"/>
      </object_component>
      <object_component id="oc-f6">
         <name>.debug_abbrev</name>
         <load_address>0xd99</load_address>
         <run_address>0xd99</run_address>
         <size>0x24</size>
         <input_file_ref idref="fl-d0"/>
      </object_component>
      <object_component id="oc-c8">
         <name>.debug_abbrev</name>
         <load_address>0xdbd</load_address>
         <run_address>0xdbd</run_address>
         <size>0x4b</size>
         <input_file_ref idref="fl-d0"/>
      </object_component>
      <object_component id="oc-ed">
         <name>.debug_abbrev</name>
         <load_address>0xe08</load_address>
         <run_address>0xe08</run_address>
         <size>0xa7</size>
         <input_file_ref idref="fl-d1"/>
      </object_component>
      <object_component id="oc-bc">
         <name>.debug_abbrev</name>
         <load_address>0xeaf</load_address>
         <run_address>0xeaf</run_address>
         <size>0x8c</size>
         <input_file_ref idref="fl-d1"/>
      </object_component>
      <object_component id="oc-f1">
         <name>.debug_abbrev</name>
         <load_address>0xf3b</load_address>
         <run_address>0xf3b</run_address>
         <size>0x24</size>
         <input_file_ref idref="fl-d1"/>
      </object_component>
      <object_component id="oc-be">
         <name>.debug_abbrev</name>
         <load_address>0xf5f</load_address>
         <run_address>0xf5f</run_address>
         <size>0x53</size>
         <input_file_ref idref="fl-d2"/>
      </object_component>
      <object_component id="oc-14b">
         <name>.debug_abbrev</name>
         <load_address>0xfb2</load_address>
         <run_address>0xfb2</run_address>
         <size>0xf</size>
      </object_component>
      <object_component id="oc-3e">
         <name>.debug_str</name>
         <load_address>0x0</load_address>
         <run_address>0x0</run_address>
         <size>0xfa</size>
         <input_file_ref idref="fl-2"/>
      </object_component>
      <object_component id="oc-fe">
         <name>.debug_str</name>
         <load_address>0xfa</load_address>
         <run_address>0xfa</run_address>
         <size>0xc3</size>
         <input_file_ref idref="fl-2"/>
      </object_component>
      <object_component id="oc-80">
         <name>.debug_str</name>
         <load_address>0x1bd</load_address>
         <run_address>0x1bd</run_address>
         <size>0x215</size>
         <input_file_ref idref="fl-5"/>
      </object_component>
      <object_component id="oc-39">
         <name>.debug_str</name>
         <load_address>0x3d2</load_address>
         <run_address>0x3d2</run_address>
         <size>0x10d</size>
         <input_file_ref idref="fl-c0"/>
      </object_component>
      <object_component id="oc-85">
         <name>.debug_str</name>
         <load_address>0x4df</load_address>
         <run_address>0x4df</run_address>
         <size>0x14a</size>
         <input_file_ref idref="fl-c0"/>
      </object_component>
      <object_component id="oc-49">
         <name>.debug_str</name>
         <load_address>0x629</load_address>
         <run_address>0x629</run_address>
         <size>0x100</size>
         <input_file_ref idref="fl-c1"/>
      </object_component>
      <object_component id="oc-8c">
         <name>.debug_str</name>
         <load_address>0x729</load_address>
         <run_address>0x729</run_address>
         <size>0x12d</size>
         <input_file_ref idref="fl-c1"/>
      </object_component>
      <object_component id="oc-94">
         <name>.debug_str</name>
         <load_address>0x856</load_address>
         <run_address>0x856</run_address>
         <size>0x12d</size>
         <input_file_ref idref="fl-c2"/>
      </object_component>
      <object_component id="oc-de">
         <name>.debug_str</name>
         <load_address>0x983</load_address>
         <run_address>0x983</run_address>
         <size>0xd6</size>
         <input_file_ref idref="fl-cf"/>
      </object_component>
      <object_component id="oc-c5">
         <name>.debug_str</name>
         <load_address>0xa59</load_address>
         <run_address>0xa59</run_address>
         <size>0xe2</size>
         <input_file_ref idref="fl-d0"/>
      </object_component>
      <object_component id="oc-f8">
         <name>.debug_str</name>
         <load_address>0xb3b</load_address>
         <run_address>0xb3b</run_address>
         <size>0x138</size>
         <input_file_ref idref="fl-d0"/>
      </object_component>
      <object_component id="oc-ca">
         <name>.debug_str</name>
         <load_address>0xc73</load_address>
         <run_address>0xc73</run_address>
         <size>0x184</size>
         <input_file_ref idref="fl-d0"/>
      </object_component>
      <object_component id="oc-f3">
         <name>.debug_str</name>
         <load_address>0xdf7</load_address>
         <run_address>0xdf7</run_address>
         <size>0xd7</size>
         <input_file_ref idref="fl-d1"/>
      </object_component>
      <object_component id="oc-ce">
         <name>.debug_aranges</name>
         <load_address>0x0</load_address>
         <run_address>0x0</run_address>
         <size>0x78</size>
         <input_file_ref idref="fl-2"/>
      </object_component>
      <object_component id="oc-d2">
         <name>.debug_aranges</name>
         <load_address>0x78</load_address>
         <run_address>0x78</run_address>
         <size>0x48</size>
         <input_file_ref idref="fl-3"/>
      </object_component>
      <object_component id="oc-aa">
         <name>.debug_aranges</name>
         <load_address>0xc0</load_address>
         <run_address>0xc0</run_address>
         <size>0x20</size>
         <input_file_ref idref="fl-4"/>
      </object_component>
      <object_component id="oc-2e">
         <name>.debug_aranges</name>
         <load_address>0xe0</load_address>
         <run_address>0xe0</run_address>
         <size>0x38</size>
         <input_file_ref idref="fl-5"/>
      </object_component>
      <object_component id="oc-25">
         <name>.debug_aranges</name>
         <load_address>0x118</load_address>
         <run_address>0x118</run_address>
         <size>0x20</size>
         <input_file_ref idref="fl-bf"/>
      </object_component>
      <object_component id="oc-14">
         <name>.debug_aranges</name>
         <load_address>0x138</load_address>
         <run_address>0x138</run_address>
         <size>0x20</size>
         <input_file_ref idref="fl-c0"/>
      </object_component>
      <object_component id="oc-1a">
         <name>.debug_aranges</name>
         <load_address>0x158</load_address>
         <run_address>0x158</run_address>
         <size>0x20</size>
         <input_file_ref idref="fl-c1"/>
      </object_component>
      <object_component id="oc-71">
         <name>.debug_aranges</name>
         <load_address>0x178</load_address>
         <run_address>0x178</run_address>
         <size>0x30</size>
         <input_file_ref idref="fl-c3"/>
      </object_component>
      <object_component id="oc-112">
         <name>.debug_aranges</name>
         <load_address>0x1a8</load_address>
         <run_address>0x1a8</run_address>
         <size>0x20</size>
         <input_file_ref idref="fl-c4"/>
      </object_component>
      <object_component id="oc-107">
         <name>.debug_aranges</name>
         <load_address>0x1c8</load_address>
         <run_address>0x1c8</run_address>
         <size>0x20</size>
         <input_file_ref idref="fl-c5"/>
      </object_component>
      <object_component id="oc-10e">
         <name>.debug_aranges</name>
         <load_address>0x1e8</load_address>
         <run_address>0x1e8</run_address>
         <size>0x20</size>
         <input_file_ref idref="fl-c6"/>
      </object_component>
      <object_component id="oc-117">
         <name>.debug_aranges</name>
         <load_address>0x208</load_address>
         <run_address>0x208</run_address>
         <size>0x20</size>
         <input_file_ref idref="fl-c7"/>
      </object_component>
      <object_component id="oc-101">
         <name>.debug_aranges</name>
         <load_address>0x228</load_address>
         <run_address>0x228</run_address>
         <size>0x20</size>
         <input_file_ref idref="fl-c8"/>
      </object_component>
      <object_component id="oc-42">
         <name>.debug_aranges</name>
         <load_address>0x248</load_address>
         <run_address>0x248</run_address>
         <size>0x20</size>
         <input_file_ref idref="fl-c9"/>
      </object_component>
      <object_component id="oc-58">
         <name>.debug_aranges</name>
         <load_address>0x268</load_address>
         <run_address>0x268</run_address>
         <size>0x20</size>
         <input_file_ref idref="fl-cb"/>
      </object_component>
      <object_component id="oc-5f">
         <name>.debug_aranges</name>
         <load_address>0x288</load_address>
         <run_address>0x288</run_address>
         <size>0x20</size>
         <input_file_ref idref="fl-cc"/>
      </object_component>
      <object_component id="oc-e2">
         <name>.debug_aranges</name>
         <load_address>0x2a8</load_address>
         <run_address>0x2a8</run_address>
         <size>0x30</size>
         <input_file_ref idref="fl-ce"/>
      </object_component>
      <object_component id="oc-6a">
         <name>.debug_aranges</name>
         <load_address>0x2d8</load_address>
         <run_address>0x2d8</run_address>
         <size>0x20</size>
         <input_file_ref idref="fl-cf"/>
      </object_component>
      <object_component id="oc-65">
         <name>.debug_aranges</name>
         <load_address>0x2f8</load_address>
         <run_address>0x2f8</run_address>
         <size>0x20</size>
         <input_file_ref idref="fl-d0"/>
      </object_component>
      <object_component id="oc-9a">
         <name>.debug_aranges</name>
         <load_address>0x318</load_address>
         <run_address>0x318</run_address>
         <size>0x20</size>
         <input_file_ref idref="fl-d1"/>
      </object_component>
      <object_component id="oc-a2">
         <name>.debug_aranges</name>
         <load_address>0x338</load_address>
         <run_address>0x338</run_address>
         <size>0x20</size>
         <input_file_ref idref="fl-d2"/>
      </object_component>
      <object_component id="oc-cd">
         <name>.debug_pubnames</name>
         <load_address>0x0</load_address>
         <run_address>0x0</run_address>
         <size>0x14c</size>
         <input_file_ref idref="fl-2"/>
      </object_component>
      <object_component id="oc-d4">
         <name>.debug_pubnames</name>
         <load_address>0x14c</load_address>
         <run_address>0x14c</run_address>
         <size>0x7a</size>
         <input_file_ref idref="fl-3"/>
      </object_component>
      <object_component id="oc-a9">
         <name>.debug_pubnames</name>
         <load_address>0x1c6</load_address>
         <run_address>0x1c6</run_address>
         <size>0x1b</size>
         <input_file_ref idref="fl-4"/>
      </object_component>
      <object_component id="oc-11">
         <name>.debug_pubnames</name>
         <load_address>0x1e1</load_address>
         <run_address>0x1e1</run_address>
         <size>0x23</size>
         <input_file_ref idref="fl-5"/>
      </object_component>
      <object_component id="oc-2d">
         <name>.debug_pubnames</name>
         <load_address>0x204</load_address>
         <run_address>0x204</run_address>
         <size>0x4c</size>
         <input_file_ref idref="fl-5"/>
      </object_component>
      <object_component id="oc-27">
         <name>.debug_pubnames</name>
         <load_address>0x250</load_address>
         <run_address>0x250</run_address>
         <size>0x1f</size>
         <input_file_ref idref="fl-bf"/>
      </object_component>
      <object_component id="oc-15">
         <name>.debug_pubnames</name>
         <load_address>0x26f</load_address>
         <run_address>0x26f</run_address>
         <size>0x2b</size>
         <input_file_ref idref="fl-c0"/>
      </object_component>
      <object_component id="oc-1b">
         <name>.debug_pubnames</name>
         <load_address>0x29a</load_address>
         <run_address>0x29a</run_address>
         <size>0x2b</size>
         <input_file_ref idref="fl-c1"/>
      </object_component>
      <object_component id="oc-b1">
         <name>.debug_pubnames</name>
         <load_address>0x2c5</load_address>
         <run_address>0x2c5</run_address>
         <size>0x5e</size>
         <input_file_ref idref="fl-c3"/>
      </object_component>
      <object_component id="oc-72">
         <name>.debug_pubnames</name>
         <load_address>0x323</load_address>
         <run_address>0x323</run_address>
         <size>0x35</size>
         <input_file_ref idref="fl-c3"/>
      </object_component>
      <object_component id="oc-111">
         <name>.debug_pubnames</name>
         <load_address>0x358</load_address>
         <run_address>0x358</run_address>
         <size>0x23</size>
         <input_file_ref idref="fl-c4"/>
      </object_component>
      <object_component id="oc-108">
         <name>.debug_pubnames</name>
         <load_address>0x37b</load_address>
         <run_address>0x37b</run_address>
         <size>0x23</size>
         <input_file_ref idref="fl-c5"/>
      </object_component>
      <object_component id="oc-10d">
         <name>.debug_pubnames</name>
         <load_address>0x39e</load_address>
         <run_address>0x39e</run_address>
         <size>0x23</size>
         <input_file_ref idref="fl-c6"/>
      </object_component>
      <object_component id="oc-116">
         <name>.debug_pubnames</name>
         <load_address>0x3c1</load_address>
         <run_address>0x3c1</run_address>
         <size>0x24</size>
         <input_file_ref idref="fl-c7"/>
      </object_component>
      <object_component id="oc-103">
         <name>.debug_pubnames</name>
         <load_address>0x3e5</load_address>
         <run_address>0x3e5</run_address>
         <size>0x22</size>
         <input_file_ref idref="fl-c8"/>
      </object_component>
      <object_component id="oc-43">
         <name>.debug_pubnames</name>
         <load_address>0x407</load_address>
         <run_address>0x407</run_address>
         <size>0x1d</size>
         <input_file_ref idref="fl-c9"/>
      </object_component>
      <object_component id="oc-5a">
         <name>.debug_pubnames</name>
         <load_address>0x424</load_address>
         <run_address>0x424</run_address>
         <size>0x21</size>
         <input_file_ref idref="fl-cb"/>
      </object_component>
      <object_component id="oc-60">
         <name>.debug_pubnames</name>
         <load_address>0x445</load_address>
         <run_address>0x445</run_address>
         <size>0x27</size>
         <input_file_ref idref="fl-cc"/>
      </object_component>
      <object_component id="oc-77">
         <name>.debug_pubnames</name>
         <load_address>0x46c</load_address>
         <run_address>0x46c</run_address>
         <size>0x23</size>
         <input_file_ref idref="fl-cd"/>
      </object_component>
      <object_component id="oc-b4">
         <name>.debug_pubnames</name>
         <load_address>0x48f</load_address>
         <run_address>0x48f</run_address>
         <size>0x28</size>
         <input_file_ref idref="fl-ce"/>
      </object_component>
      <object_component id="oc-e6">
         <name>.debug_pubnames</name>
         <load_address>0x4b7</load_address>
         <run_address>0x4b7</run_address>
         <size>0x43</size>
         <input_file_ref idref="fl-ce"/>
      </object_component>
      <object_component id="oc-6c">
         <name>.debug_pubnames</name>
         <load_address>0x4fa</load_address>
         <run_address>0x4fa</run_address>
         <size>0x21</size>
         <input_file_ref idref="fl-cf"/>
      </object_component>
      <object_component id="oc-67">
         <name>.debug_pubnames</name>
         <load_address>0x51b</load_address>
         <run_address>0x51b</run_address>
         <size>0x25</size>
         <input_file_ref idref="fl-d0"/>
      </object_component>
      <object_component id="oc-9e">
         <name>.debug_pubnames</name>
         <load_address>0x540</load_address>
         <run_address>0x540</run_address>
         <size>0x1e</size>
         <input_file_ref idref="fl-d1"/>
      </object_component>
      <object_component id="oc-a3">
         <name>.debug_pubnames</name>
         <load_address>0x55e</load_address>
         <run_address>0x55e</run_address>
         <size>0x29</size>
         <input_file_ref idref="fl-d2"/>
      </object_component>
      <object_component id="oc-3b">
         <name>.debug_pubtypes</name>
         <load_address>0x0</load_address>
         <run_address>0x0</run_address>
         <size>0xed</size>
         <input_file_ref idref="fl-2"/>
      </object_component>
      <object_component id="oc-fb">
         <name>.debug_pubtypes</name>
         <load_address>0xed</load_address>
         <run_address>0xed</run_address>
         <size>0x60</size>
         <input_file_ref idref="fl-2"/>
      </object_component>
      <object_component id="oc-7d">
         <name>.debug_pubtypes</name>
         <load_address>0x14d</load_address>
         <run_address>0x14d</run_address>
         <size>0x1c6</size>
         <input_file_ref idref="fl-5"/>
      </object_component>
      <object_component id="oc-36">
         <name>.debug_pubtypes</name>
         <load_address>0x313</load_address>
         <run_address>0x313</run_address>
         <size>0x5d</size>
         <input_file_ref idref="fl-c0"/>
      </object_component>
      <object_component id="oc-82">
         <name>.debug_pubtypes</name>
         <load_address>0x370</load_address>
         <run_address>0x370</run_address>
         <size>0x42</size>
         <input_file_ref idref="fl-c0"/>
      </object_component>
      <object_component id="oc-46">
         <name>.debug_pubtypes</name>
         <load_address>0x3b2</load_address>
         <run_address>0x3b2</run_address>
         <size>0x48</size>
         <input_file_ref idref="fl-c1"/>
      </object_component>
      <object_component id="oc-89">
         <name>.debug_pubtypes</name>
         <load_address>0x3fa</load_address>
         <run_address>0x3fa</run_address>
         <size>0x1d</size>
         <input_file_ref idref="fl-c1"/>
      </object_component>
      <object_component id="oc-91">
         <name>.debug_pubtypes</name>
         <load_address>0x417</load_address>
         <run_address>0x417</run_address>
         <size>0x1d</size>
         <input_file_ref idref="fl-c2"/>
      </object_component>
      <object_component id="oc-b7">
         <name>.debug_pubtypes</name>
         <load_address>0x434</load_address>
         <run_address>0x434</run_address>
         <size>0x1f</size>
         <input_file_ref idref="fl-c3"/>
      </object_component>
      <object_component id="oc-ea">
         <name>.debug_pubtypes</name>
         <load_address>0x453</load_address>
         <run_address>0x453</run_address>
         <size>0x1f</size>
         <input_file_ref idref="fl-ce"/>
      </object_component>
      <object_component id="oc-db">
         <name>.debug_pubtypes</name>
         <load_address>0x472</load_address>
         <run_address>0x472</run_address>
         <size>0x1b</size>
         <input_file_ref idref="fl-cf"/>
      </object_component>
      <object_component id="oc-c2">
         <name>.debug_pubtypes</name>
         <load_address>0x48d</load_address>
         <run_address>0x48d</run_address>
         <size>0x32</size>
         <input_file_ref idref="fl-d0"/>
      </object_component>
      <object_component id="oc-f5">
         <name>.debug_pubtypes</name>
         <load_address>0x4bf</load_address>
         <run_address>0x4bf</run_address>
         <size>0x2c</size>
         <input_file_ref idref="fl-d0"/>
      </object_component>
      <object_component id="oc-c7">
         <name>.debug_pubtypes</name>
         <load_address>0x4eb</load_address>
         <run_address>0x4eb</run_address>
         <size>0x50</size>
         <input_file_ref idref="fl-d0"/>
      </object_component>
      <object_component id="oc-f0">
         <name>.debug_pubtypes</name>
         <load_address>0x53b</load_address>
         <run_address>0x53b</run_address>
         <size>0x23</size>
         <input_file_ref idref="fl-d1"/>
      </object_component>
   </object_component_list>
   <logical_group_list>
      <logical_group id="lg-3" display="no" color="cyan">
         <name>.intvecs</name>
         <load_address>0x0</load_address>
         <run_address>0x0</run_address>
         <size>0x26c</size>
         <contents>
            <object_component_ref idref="oc-f"/>
         </contents>
      </logical_group>
      <logical_group id="lg-4" display="no" color="cyan">
         <name>.text</name>
         <load_address>0x26c</load_address>
         <run_address>0x26c</run_address>
         <size>0xd0e</size>
         <contents>
            <object_component_ref idref="oc-cb"/>
            <object_component_ref idref="oc-10f"/>
            <object_component_ref idref="oc-57"/>
            <object_component_ref idref="oc-d1"/>
            <object_component_ref idref="oc-105"/>
            <object_component_ref idref="oc-10a"/>
            <object_component_ref idref="oc-3f"/>
            <object_component_ref idref="oc-9f"/>
            <object_component_ref idref="oc-a7"/>
            <object_component_ref idref="oc-63"/>
            <object_component_ref idref="oc-12"/>
            <object_component_ref idref="oc-24"/>
            <object_component_ref idref="oc-6f"/>
            <object_component_ref idref="oc-99"/>
            <object_component_ref idref="oc-114"/>
            <object_component_ref idref="oc-100"/>
            <object_component_ref idref="oc-69"/>
            <object_component_ref idref="oc-e1"/>
            <object_component_ref idref="oc-18"/>
            <object_component_ref idref="oc-2b"/>
            <object_component_ref idref="oc-5d"/>
         </contents>
      </logical_group>
      <logical_group id="lg-5" display="no" color="cyan">
         <name>.const</name>
         <run_address>0x0</run_address>
         <size>0x0</size>
         <contents>
         </contents>
      </logical_group>
      <logical_group id="lg-6" display="no" color="cyan">
         <name>.cinit</name>
         <load_address>0xf80</load_address>
         <run_address>0xf80</run_address>
         <size>0x24</size>
         <contents>
            <object_component_ref idref="oc-148"/>
            <object_component_ref idref="oc-146"/>
            <object_component_ref idref="oc-147"/>
         </contents>
      </logical_group>
      <logical_group id="lg-7" display="no" color="cyan">
         <name>.pinit</name>
         <run_address>0x0</run_address>
         <size>0x0</size>
         <contents>
         </contents>
      </logical_group>
      <logical_group id="lg-8" display="no" color="cyan">
         <name>.init_array</name>
         <run_address>0x0</run_address>
         <size>0x0</size>
         <contents>
         </contents>
      </logical_group>
      <logical_group id="lg-9" display="no" color="cyan">
         <name>.vtable</name>
         <run_address>0x0</run_address>
         <size>0x0</size>
         <contents>
         </contents>
      </logical_group>
      <logical_group id="lg-a" display="no" color="cyan">
         <name>.data</name>
         <run_address>0x20000200</run_address>
         <size>0x18</size>
         <contents>
            <object_component_ref idref="oc-af"/>
            <object_component_ref idref="oc-75"/>
            <object_component_ref idref="oc-b2"/>
         </contents>
      </logical_group>
      <logical_group id="lg-b" display="no" color="cyan">
         <name>.bss</name>
         <run_address>0x0</run_address>
         <size>0x0</size>
         <contents>
         </contents>
      </logical_group>
      <logical_group id="lg-c" display="no" color="cyan">
         <name>.sysmem</name>
         <run_address>0x0</run_address>
         <size>0x0</size>
         <contents>
         </contents>
      </logical_group>
      <logical_group id="lg-d" display="no" color="cyan">
         <name>.stack</name>
         <run_address>0x20000000</run_address>
         <size>0x200</size>
         <contents>
            <object_component_ref idref="oc-2a"/>
            <object_component_ref idref="oc-149"/>
         </contents>
      </logical_group>
      <logical_group id="lg-127" display="no" color="cyan">
         <name>.TI.noinit</name>
         <run_address>0x0</run_address>
         <size>0x0</size>
         <contents>
         </contents>
      </logical_group>
      <logical_group id="lg-128" display="no" color="cyan">
         <name>.TI.persistent</name>
         <run_address>0x0</run_address>
         <size>0x0</size>
         <contents>
         </contents>
      </logical_group>
      <logical_group id="lg-136" display="never" color="cyan">
         <name>.debug_info</name>
         <load_address>0x0</load_address>
         <run_address>0x0</run_address>
         <size>0x5394</size>
         <contents>
            <object_component_ref idref="oc-ff"/>
            <object_component_ref idref="oc-cc"/>
            <object_component_ref idref="oc-3a"/>
            <object_component_ref idref="oc-fa"/>
            <object_component_ref idref="oc-11a"/>
            <object_component_ref idref="oc-d3"/>
            <object_component_ref idref="oc-a8"/>
            <object_component_ref idref="oc-33"/>
            <object_component_ref idref="oc-10"/>
            <object_component_ref idref="oc-2c"/>
            <object_component_ref idref="oc-7c"/>
            <object_component_ref idref="oc-26"/>
            <object_component_ref idref="oc-86"/>
            <object_component_ref idref="oc-13"/>
            <object_component_ref idref="oc-35"/>
            <object_component_ref idref="oc-81"/>
            <object_component_ref idref="oc-4a"/>
            <object_component_ref idref="oc-19"/>
            <object_component_ref idref="oc-45"/>
            <object_component_ref idref="oc-88"/>
            <object_component_ref idref="oc-90"/>
            <object_component_ref idref="oc-b6"/>
            <object_component_ref idref="oc-b0"/>
            <object_component_ref idref="oc-70"/>
            <object_component_ref idref="oc-110"/>
            <object_component_ref idref="oc-106"/>
            <object_component_ref idref="oc-10c"/>
            <object_component_ref idref="oc-115"/>
            <object_component_ref idref="oc-102"/>
            <object_component_ref idref="oc-41"/>
            <object_component_ref idref="oc-59"/>
            <object_component_ref idref="oc-5e"/>
            <object_component_ref idref="oc-76"/>
            <object_component_ref idref="oc-e9"/>
            <object_component_ref idref="oc-b3"/>
            <object_component_ref idref="oc-e5"/>
            <object_component_ref idref="oc-ae"/>
            <object_component_ref idref="oc-6b"/>
            <object_component_ref idref="oc-da"/>
            <object_component_ref idref="oc-a6"/>
            <object_component_ref idref="oc-66"/>
            <object_component_ref idref="oc-c1"/>
            <object_component_ref idref="oc-f4"/>
            <object_component_ref idref="oc-c6"/>
            <object_component_ref idref="oc-bd"/>
            <object_component_ref idref="oc-9d"/>
            <object_component_ref idref="oc-ef"/>
            <object_component_ref idref="oc-a1"/>
            <object_component_ref idref="oc-14a"/>
         </contents>
      </logical_group>
      <logical_group id="lg-138" display="never" color="cyan">
         <name>.debug_line</name>
         <load_address>0x0</load_address>
         <run_address>0x0</run_address>
         <size>0x150c</size>
         <contents>
            <object_component_ref idref="oc-11f"/>
            <object_component_ref idref="oc-cf"/>
            <object_component_ref idref="oc-3d"/>
[...]
            <object_component_ref idref="oc-121"/>
            <object_component_ref idref="oc-122"/>
            <object_component_ref idref="oc-124"/>
            <object_component_ref idref="oc-120"/>
            <object_component_ref idref="oc-87"/>
            <object_component_ref idref="oc-97"/>
            <object_component_ref idref="oc-98"/>
            <object_component_ref idref="oc-b8"/>
            <object_component_ref idref="oc-11c"/>
            <object_component_ref idref="oc-e7"/>
            <object_component_ref idref="oc-11b"/>
            <object_component_ref idref="oc-d8"/>
            <object_component_ref idref="oc-ad"/>
            <object_component_ref idref="oc-dc"/>
            <object_component_ref idref="oc-bf"/>
            <object_component_ref idref="oc-a5"/>
            <object_component_ref idref="oc-c3"/>
            <object_component_ref idref="oc-f6"/>
            <object_component_ref idref="oc-c8"/>
            <object_component_ref idref="oc-ed"/>
            <object_component_ref idref="oc-bc"/>
            <object_component_ref idref="oc-f1"/>
            <object_component_ref idref="oc-be"/>
            <object_component_ref idref="oc-14b"/>
         </contents>
      </logical_group>
      <logical_group id="lg-13e" display="never" color="cyan">
         <name>.debug_str</name>
         <load_address>0x0</load_address>
         <run_address>0x0</run_address>
         <size>0xece</size>
         <contents>
            <object_component_ref idref="oc-3e"/>
            <object_component_ref idref="oc-fe"/>
            <object_component_ref idref="oc-80"/>
            <object_component_ref idref="oc-39"/>
            <object_component_ref idref="oc-85"/>
            <object_component_ref idref="oc-49"/>
            <object_component_ref idref="oc-8c"/>
            <object_component_ref idref="oc-94"/>
            <object_component_ref idref="oc-de"/>
            <object_component_ref idref="oc-c5"/>
            <object_component_ref idref="oc-f8"/>
            <object_component_ref idref="oc-ca"/>
            <object_component_ref idref="oc-f3"/>
         </contents>
      </logical_group>
      <logical_group id="lg-140" display="never" color="cyan">
         <name>.debug_aranges</name>
         <load_address>0x0</load_address>
         <run_address>0x0</run_address>
         <size>0x358</size>
         <contents>
            <object_component_ref idref="oc-ce"/>
            <object_component_ref idref="oc-d2"/>
            <object_component_ref idref="oc-aa"/>
            <object_component_ref idref="oc-2e"/>
            <object_component_ref idref="oc-25"/>
            <object_component_ref idref="oc-14"/>
            <object_component_ref idref="oc-1a"/>
            <object_component_ref idref="oc-71"/>
            <object_component_ref idref="oc-112"/>
            <object_component_ref idref="oc-107"/>
            <object_component_ref idref="oc-10e"/>
            <object_component_ref idref="oc-117"/>
            <object_component_ref idref="oc-101"/>
            <object_component_ref idref="oc-42"/>
            <object_component_ref idref="oc-58"/>
            <object_component_ref idref="oc-5f"/>
            <object_component_ref idref="oc-e2"/>
            <object_component_ref idref="oc-6a"/>
            <object_component_ref idref="oc-65"/>
            <object_component_ref idref="oc-9a"/>
            <object_component_ref idref="oc-a2"/>
         </contents>
      </logical_group>
      <logical_group id="lg-142" display="never" color="cyan">
         <name>.debug_pubnames</name>
         <load_address>0x0</load_address>
         <run_address>0x0</run_address>
         <size>0x587</size>
         <contents>
            <object_component_ref idref="oc-cd"/>
            <object_component_ref idref="oc-d4"/>
            <object_component_ref idref="oc-a9"/>
            <object_component_ref idref="oc-11"/>
            <object_component_ref idref="oc-2d"/>
            <object_component_ref idref="oc-27"/>
            <object_component_ref idref="oc-15"/>
            <object_component_ref idref="oc-1b"/>
            <object_component_ref idref="oc-b1"/>
            <object_component_ref idref="oc-72"/>
            <object_component_ref idref="oc-111"/>
            <object_component_ref idref="oc-108"/>
            <object_component_ref idref="oc-10d"/>
            <object_component_ref idref="oc-116"/>
            <object_component_ref idref="oc-103"/>
            <object_component_ref idref="oc-43"/>
            <object_component_ref idref="oc-5a"/>
            <object_component_ref idref="oc-60"/>
            <object_component_ref idref="oc-77"/>
            <object_component_ref idref="oc-b4"/>
            <object_component_ref idref="oc-e6"/>
            <object_component_ref idref="oc-6c"/>
            <object_component_ref idref="oc-67"/>
            <object_component_ref idref="oc-9e"/>
            <object_component_ref idref="oc-a3"/>
         </contents>
      </logical_group>
      <logical_group id="lg-144" display="never" color="cyan">
         <name>.debug_pubtypes</name>
         <load_address>0x0</load_address>
         <run_address>0x0</run_address>
         <size>0x55e</size>
         <contents>
            <object_component_ref idref="oc-3b"/>
            <object_component_ref idref="oc-fb"/>
            <object_component_ref idref="oc-7d"/>
            <object_component_ref idref="oc-36"/>
            <object_component_ref idref="oc-82"/>
            <object_component_ref idref="oc-46"/>
            <object_component_ref idref="oc-89"/>
            <object_component_ref idref="oc-91"/>
            <object_component_ref idref="oc-b7"/>
            <object_component_ref idref="oc-ea"/>
            <object_component_ref idref="oc-db"/>
            <object_component_ref idref="oc-c2"/>
            <object_component_ref idref="oc-f5"/>
            <object_component_ref idref="oc-c7"/>
            <object_component_ref idref="oc-f0"/>
         </contents>
      </logical_group>
      <load_segment id="lg-14d" display="no" color="cyan">
         <name>SEGMENT_0</name>
         <load_address>0x0</load_address>
         <run_address>0x0</run_address>
         <size>0xfa4</size>
         <flags>0x5</flags>
         <contents>
            <logical_group_ref idref="lg-3"/>
            <logical_group_ref idref="lg-4"/>
            <logical_group_ref idref="lg-6"/>
         </contents>
      </load_segment>
      <load_segment id="lg-14e" display="no" color="cyan">
         <name>SEGMENT_1</name>
         <run_address>0x20000000</run_address>
         <size>0x218</size>
         <flags>0x6</flags>
         <contents>
            <logical_group_ref idref="lg-d"/>
            <logical_group_ref idref="lg-a"/>
         </contents>
      </load_segment>
   </logical_group_list>
   <placement_map>
      <memory_area display="yes" color="green">
         <name>FLASH</name>
         <page_id>0x0</page_id>
         <origin>0x0</origin>
         <length>0x40000</length>
         <used_space>0xf9e</used_space>
         <unused_space>0x3f062</unused_space>
         <attributes>RX</attributes>
         <usage_details>
            <allocated_space>
               <start_address>0x0</start_address>
               <size>0x26c</size>
               <logical_group_ref idref="lg-3"/>
            </allocated_space>
            <allocated_space>
               <start_address>0x26c</start_address>
               <size>0xd0e</size>
               <logical_group_ref idref="lg-4"/>
            </allocated_space>
            <available_space>
               <start_address>0xf7a</start_address>
               <size>0x6</size>
            </available_space>
            <allocated_space>
               <start_address>0xf80</start_address>
               <size>0x24</size>
               <logical_group_ref idref="lg-6"/>
            </allocated_space>
            <available_space>
               <start_address>0xfa4</start_address>
               <size>0x3f05c</size>
            </available_space>
         </usage_details>
      </memory_area>
      <memory_area display="yes" color="green">
         <name>SRAM</name>
         <page_id>0x0</page_id>
         <origin>0x20000000</origin>
         <length>0x8000</length>
         <used_space>0x218</used_space>
         <unused_space>0x7de8</unused_space>
         <attributes>RWX</attributes>
         <usage_details>
            <allocated_space>
               <start_address>0x20000000</start_address>
               <size>0x200</size>
               <logical_group_ref idref="lg-d"/>
            </allocated_space>
            <allocated_space>
               <start_address>0x20000200</start_address>
               <size>0x18</size>
               <logical_group_ref idref="lg-a"/>
            </allocated_space>
            <available_space>
               <start_address>0x20000218</start_address>
               <size>0x7de8</size>
            </available_space>
         </usage_details>
      </memory_area>
   </placement_map>
   <cptbl_list>
      <cptbl>
         <name>__TI_cinit_table</name>
         <cprec>
            <name>.data</name>
            <load_address>0xf80</load_address>
            <load_size>0x11</load_size>
            <run_address>0x20000200</run_address>
            <run_size>0x18</run_size>
            <compression>lzss</compression>
         </cprec>
      </cptbl>
   </cptbl_list>
   <handler_table>
      <handler_table_name>__TI_handler_table</handler_table_name>
      <handler>
         <index>0x0</index>
         <name>__TI_decompress_lzss</name>
      </handler>
      <handler>
         <index>0x1</index>
         <name>__TI_decompress_none</name>
      </handler>
   </handler_table>
   <symbol_table>
      <symbol id="sm-1">
         <name>__STACK_TOP</name>
         <value>0x20000200</value>
      </symbol>
      <symbol id="sm-2">
         <name>__TI_CINIT_Base</name>
         <value>0xf9c</value>
      </symbol>
      <symbol id="sm-3">
         <name>__TI_CINIT_Limit</name>
         <value>0xfa4</value>
      </symbol>
      <symbol id="sm-4">
         <name>__TI_Handler_Table_Base</name>
         <value>0xf94</value>
      </symbol>
      <symbol id="sm-5">
         <name>__TI_Handler_Table_Limit</name>
         <value>0xf9c</value>
      </symbol>
      <symbol id="sm-6">
         <name>binit</name>
         <value>0xffffffff</value>
      </symbol>
      <symbol id="sm-7">
         <name>__binit__</name>
         <value>0xffffffff</value>
      </symbol>
      <symbol id="sm-8">
         <name>__STACK_SIZE</name>
         <value>0x200</value>
      </symbol>
      <symbol id="sm-9">
         <name>__STACK_END</name>
         <value>0x20000200</value>
      </symbol>
      <symbol id="sm-a">
         <name>__c_args__</name>
         <value>0xffffffff</value>
      </symbol>
      <symbol id="sm-b">
         <name>__TI_pprof_out_hndl</name>
         <value>0xffffffff</value>
      </symbol>
      <symbol id="sm-c">
         <name>__TI_prof_data_start</name>
         <value>0xffffffff</value>
      </symbol>
      <symbol id="sm-d">
         <name>__TI_prof_data_size</name>
         <value>0xffffffff</value>
      </symbol>
      <symbol id="sm-b5">
         <name>GPIO_voidSetPinValue</name>
         <value>0x3af</value>
         <object_component_ref idref="oc-cb"/>
      </symbol>
      <symbol id="sm-b6">
         <name>GPIO_voidSetPortValue</name>
         <value>0x307</value>
         <object_component_ref idref="oc-cb"/>
      </symbol>
      <symbol id="sm-b7">
         <name>GPIO_voidTogglePinValue</name>
         <value>0x2cb</value>
         <object_component_ref idref="oc-cb"/>
      </symbol>
      <symbol id="sm-b8">
         <name>GPIO_u8GetPortValue</name>
         <value>0x595</value>
         <object_component_ref idref="oc-cb"/>
      </symbol>
      <symbol id="sm-b9">
         <name>GPIO_voidSetPinDirection</name>
         <value>0x4d9</value>
         <object_component_ref idref="oc-cb"/>
      </symbol>
      <symbol id="sm-ba">
         <name>GPIO_voidSetPortPullUp</name>
         <value>0x339</value>
         <object_component_ref idref="oc-cb"/>
      </symbol>
      <symbol id="sm-bb">
         <name>GPIO_u8GetPinValue</name>
         <value>0x5dd</value>
         <object_component_ref idref="oc-cb"/>
      </symbol>
      <symbol id="sm-bc">
         <name>GPIO_void_Init</name>
         <value>0x26d</value>
         <object_component_ref idref="oc-cb"/>
      </symbol>
      <symbol id="sm-bd">
         <name>GPIO_voidSetPinPullDown</name>
         <value>0x491</value>
         <object_component_ref idref="oc-cb"/>
      </symbol>
      <symbol id="sm-be">
         <name>GPIO_voidSetPinPullUp</name>
         <value>0x455</value>
         <object_component_ref idref="oc-cb"/>
      </symbol>
      <symbol id="sm-bf">
         <name>GPIO_voidSetPortPullDown</name>
         <value>0x33b</value>
         <object_component_ref idref="oc-cb"/>
      </symbol>
      <symbol id="sm-c0">
         <name>GPIO_voidSetPortDirection</name>
         <value>0x33d</value>
         <object_component_ref idref="oc-cb"/>
      </symbol>
      <symbol id="sm-dd">
         <name>Delay_ms</name>
         <value>0x961</value>
         <object_component_ref idref="oc-d1"/>
      </symbol>
      <symbol id="sm-de">
         <name>PWM_Freq_KHZ</name>
         <value>0x915</value>
         <object_component_ref idref="oc-d1"/>
      </symbol>
      <symbol id="sm-df">
         <name>Turn_OtherDirection</name>
         <value>0x863</value>
         <object_component_ref idref="oc-d1"/>
      </symbol>
      <symbol id="sm-e0">
         <name>Turn_oneDirection</name>
         <value>0x821</value>
         <object_component_ref idref="oc-d1"/>
      </symbol>
      <symbol id="sm-e1">
         <name>Duty_Cycle</name>
         <value>0x92f</value>
         <object_component_ref idref="oc-d1"/>
      </symbol>
      <symbol id="sm-e2">
         <name>PWM_init</name>
         <value>0x895</value>
         <object_component_ref idref="oc-d1"/>
      </symbol>
      <symbol id="sm-f3">
         <name>main</name>
         <value>0xc5d</value>
         <object_component_ref idref="oc-a7"/>
      </symbol>
      <symbol id="sm-114">
         <name>ResetISR</name>
         <value>0xf6b</value>
         <object_component_ref idref="oc-2b"/>
      </symbol>
      <symbol id="sm-115">
         <name>g_pfnVectors</name>
         <value>0x0</value>
         <object_component_ref idref="oc-f"/>
      </symbol>
      <symbol id="sm-126">
         <name>_c_int00</name>
         <value>0xdc1</value>
         <object_component_ref idref="oc-24"/>
      </symbol>
      <symbol id="sm-127">
         <name>__stack</name>
         <value>0x20000000</value>
         <object_component_ref idref="oc-2a"/>
      </symbol>
      <symbol id="sm-145">
         <name>__TI_decompress_lzss</name>
         <value>0xd59</value>
         <object_component_ref idref="oc-12"/>
      </symbol>
      <symbol id="sm-15c">
         <name>__TI_decompress_none</name>
         <value>0xf5d</value>
         <object_component_ref idref="oc-18"/>
      </symbol>
      <symbol id="sm-183">
         <name>C$$EXIT</name>
         <value>0xe15</value>
         <object_component_ref idref="oc-6f"/>
      </symbol>
      <symbol id="sm-184">
         <name>abort</name>
         <value>0xe19</value>
         <object_component_ref idref="oc-6f"/>
      </symbol>
      <symbol id="sm-185">
         <name>exit</name>
         <value>0xe21</value>
         <object_component_ref idref="oc-6f"/>
      </symbol>
      <symbol id="sm-186">
         <name>__TI_dtors_ptr</name>
         <value>0x20000204</value>
         <object_component_ref idref="oc-af"/>
      </symbol>
      <symbol id="sm-187">
         <name>__TI_cleanup_ptr</name>
         <value>0x20000200</value>
         <object_component_ref idref="oc-af"/>
      </symbol>
      <symbol id="sm-188">
         <name>__TI_enable_exit_profile_output</name>
         <value>0x20000208</value>
         <object_component_ref idref="oc-af"/>
      </symbol>
      <symbol id="sm-19f">
         <name>__aeabi_dsub</name>
         <value>0x669</value>
         <object_component_ref idref="oc-10f"/>
      </symbol>
      <symbol id="sm-1a0">
         <name>__aeabi_dadd</name>
         <value>0x673</value>
         <object_component_ref idref="oc-10f"/>
      </symbol>
      <symbol id="sm-1b4">
         <name>__aeabi_ddiv</name>
         <value>0x98d</value>
         <object_component_ref idref="oc-105"/>
      </symbol>
      <symbol id="sm-1bf">
         <name>__aeabi_dmul</name>
         <value>0xac3</value>
         <object_component_ref idref="oc-10a"/>
      </symbol>
      <symbol id="sm-1c9">
         <name>__aeabi_d2uiz</name>
         <value>0xeb5</value>
         <object_component_ref idref="oc-114"/>
      </symbol>
      <symbol id="sm-1d4">
         <name>__aeabi_f2d</name>
         <value>0xef9</value>
         <object_component_ref idref="oc-100"/>
      </symbol>
      <symbol id="sm-1ef">
         <name>memcpy</name>
         <value>0xbbf</value>
         <object_component_ref idref="oc-3f"/>
      </symbol>
      <symbol id="sm-1f0">
         <name>__aeabi_memcpy</name>
         <value>0xbbf</value>
         <object_component_ref idref="oc-3f"/>
      </symbol>
      <symbol id="sm-1f1">
         <name>__aeabi_memcpy8</name>
         <value>0xbbf</value>
         <object_component_ref idref="oc-3f"/>
      </symbol>
      <symbol id="sm-1f2">
         <name>__aeabi_memcpy4</name>
         <value>0xbbf</value>
         <object_component_ref idref="oc-3f"/>
      </symbol>
      <symbol id="sm-1fd">
         <name>__mpu_init</name>
         <value>0x81f</value>
         <object_component_ref idref="oc-57"/>
      </symbol>
      <symbol id="sm-207">
         <name>_system_pre_init</name>
         <value>0xf77</value>
         <object_component_ref idref="oc-5d"/>
      </symbol>
      <symbol id="sm-20f">
         <name>main_func_sp</name>
         <value>0x20000214</value>
         <object_component_ref idref="oc-75"/>
      </symbol>
      <symbol id="sm-228">
         <name>_nop</name>
         <value>0xf57</value>
         <object_component_ref idref="oc-e1"/>
      </symbol>
      <symbol id="sm-229">
         <name>_lock</name>
         <value>0x2000020c</value>
         <object_component_ref idref="oc-b2"/>
      </symbol>
      <symbol id="sm-22a">
         <name>_unlock</name>
         <value>0x20000210</value>
         <object_component_ref idref="oc-b2"/>
      </symbol>
      <symbol id="sm-22b">
         <name>_register_lock</name>
         <value>0xf4f</value>
         <object_component_ref idref="oc-e1"/>
      </symbol>
      <symbol id="sm-22c">
         <name>_register_unlock</name>
         <value>0xf49</value>
         <object_component_ref idref="oc-e1"/>
      </symbol>
      <symbol id="sm-240">
         <name>_args_main</name>
         <value>0xf31</value>
         <object_component_ref idref="oc-69"/>
      </symbol>
      <symbol id="sm-26a">
         <name>__TI_auto_init</name>
         <value>0xce9</value>
         <object_component_ref idref="oc-63"/>
      </symbol>
      <symbol id="sm-284">
         <name>copy_in</name>
         <value>0xe69</value>
         <object_component_ref idref="oc-99"/>
      </symbol>
      <symbol id="sm-28e">
         <name>_system_post_cinit</name>
         <value>0xc5b</value>
         <object_component_ref idref="oc-9f"/>
      </symbol>
      <symbol id="sm-28f">
         <name>__TI_static_base__</name>
         <value>0x0</value>
      </symbol>
      <symbol id="sm-292">
         <name>SHT$$INIT_ARRAY$$Limit</name>
         <value>0x0</value>
      </symbol>
      <symbol id="sm-293">
         <name>SHT$$INIT_ARRAY$$Base</name>
         <value>0x0</value>
      </symbol>
   </symbol_table>
   <title>Link successful</title>
</link_info>
