******************************************************************************
                  TI ARM Linker PC v16.9.4                     
******************************************************************************
>> Linked Thu Aug 31 15:58:31 2023

OUTPUT FILE NAME:   <Motor.out>
ENTRY POINT SYMBOL: "_c_int00"  address: 00000dc1


MEMORY CONFIGURATION

         name            origin    length      used     unused   attr    fill
----------------------  --------  ---------  --------  --------  ----  --------
  FLASH                 00000000   00040000  00000f9e  0003f062  R  X
  SRAM                  20000000   00008000  00000218  00007de8  RW X


SEGMENT ALLOCATION MAP

run origin  load origin   length   init length attrs members
----------  ----------- ---------- ----------- ----- -------
00000000    00000000    00000fa4   00000fa4    r-x
  00000000    00000000    0000026c   0000026c    r-- .intvecs
  0000026c    0000026c    00000d0e   00000d0e    r-x .text
  00000f80    00000f80    00000024   00000024    r-- .cinit
20000000    20000000    00000218   00000000    rw-
  20000000    20000000    00000200   00000000    rw- .stack
  20000200    20000200    00000018   00000000    rw- .data


SECTION ALLOCATION MAP

 output                                  attributes/
section   page    origin      length       input sections
--------  ----  ----------  ----------   ----------------
.intvecs   0    00000000    0000026c     
                  00000000    0000026c     tm4c123gh6pm_startup_ccs.obj (.intvecs)

.text      0    0000026c    00000d0e     
                  0000026c    000003fc     GPIO_Program.obj (.text)
                  00000668    000001b6     rtsv7M4_T_le_v4SPD16_eabi.lib : fd_add_t2.obj (.text)
                  0000081e    00000002                                   : mpu_init.obj (.text)
                  00000820    0000016c     Motor.obj (.text)
                  0000098c    00000136     rtsv7M4_T_le_v4SPD16_eabi.lib : fd_div_t2.obj (.text)
                  00000ac2    000000fc                                   : fd_mul_t2.obj (.text)
                  00000bbe    0000009c                                   : memcpy_t2.obj (.text)
                  00000c5a    00000002                                   : startup.obj (.text)
                  00000c5c    0000008c     main.obj (.text)
                  00000ce8    00000070     rtsv7M4_T_le_v4SPD16_eabi.lib : autoinit.obj (.text)
                  00000d58    00000068                                   : copy_decompress_lzss.obj (.text:decompress:lzss)
                  00000dc0    00000054                                   : boot.obj (.text)
                  00000e14    00000054                                   : exit.obj (.text)
                  00000e68    0000004c                                   : cpy_tbl.obj (.text)
                  00000eb4    00000044                                   : fd_tou_t2.obj (.text)
                  00000ef8    00000038                                   : fs_tod_t2.obj (.text)
                  00000f30    00000018                                   : args_main.obj (.text)
                  00000f48    00000014                                   : _lock.obj (.text)
                  00000f5c    0000000e                                   : copy_decompress_none.obj (.text:decompress:none)
                  00000f6a    0000000c     tm4c123gh6pm_startup_ccs.obj (.text)
                  00000f76    00000004     rtsv7M4_T_le_v4SPD16_eabi.lib : pre_init.obj (.text)

.cinit     0    00000f80    00000024     
                  00000f80    00000011     (.cinit..data.load) [load image, compression = lzss]
                  00000f91    00000003     --HOLE-- [fill = 0]
                  00000f94    00000008     (__TI_handler_table)
                  00000f9c    00000008     (__TI_cinit_table)

.init_array 
*          0    00000000    00000000     UNINITIALIZED

.stack     0    20000000    00000200     UNINITIALIZED
                  20000000    00000200     --HOLE--

.data      0    20000200    00000018     UNINITIALIZED
                  20000200    0000000c     rtsv7M4_T_le_v4SPD16_eabi.lib : exit.obj (.data:$O1$$)
                  2000020c    00000008                                   : _lock.obj (.data:$O1$$)
                  20000214    00000004                                   : stkdepth_vars.obj (.data)

MODULE SUMMARY

       Module                         code   ro data   rw data
       ------                         ----   -------   -------
    .\
       GPIO_Program.obj               1020   0         0      
       tm4c123gh6pm_startup_ccs.obj   12     620       0      
       Motor.obj                      364    0         0      
       main.obj                       140    0         0      
    +--+------------------------------+------+---------+---------+
       Total:                         1536   620       0      
                                                              
    C:\ti\ccsv7\tools\compiler\ti-cgt-arm_16.9.4.LTS\lib\rtsv7M4_T_le_v4SPD16_eabi.lib
       fd_add_t2.obj                  438    0         0      
       fd_div_t2.obj                  310    0         0      
       fd_mul_t2.obj                  252    0         0      
       memcpy_t2.obj                  156    0         0      
       autoinit.obj                   112    0         0      
       copy_decompress_lzss.obj       104    0         0      
       exit.obj                       84     0         12     
       boot.obj                       84     0         0      
       cpy_tbl.obj                    76     0         0      
       fd_tou_t2.obj                  68     0         0      
       fs_tod_t2.obj                  56     0         0      
       _lock.obj                      20     0         8      
       args_main.obj                  24     0         0      
       copy_decompress_none.obj       14     0         0      
       pre_init.obj                   4      0         0      
       stkdepth_vars.obj              0      0         4      
       mpu_init.obj                   2      0         0      
       startup.obj                    2      0         0      
    +--+------------------------------+------+---------+---------+
       Total:                         1806   0         24     
                                                              
       Stack:                         0      0         512    
       Linker Generated:              0      33        0      
    +--+------------------------------+------+---------+---------+
       Grand Total:                   3342   653       536    


LINKER GENERATED COPY TABLES

__TI_cinit_table @ 00000f9c records: 1, size/record: 8, table size: 8
	.data: load addr=00000f80, load size=00000011 bytes, run addr=20000200, run size=00000018 bytes, compression=lzss


LINKER GENERATED HANDLER TABLE

__TI_handler_table @ 00000f94 records: 2, size/record: 4, table size: 8
	index: 0, handler: __TI_decompress_lzss
	index: 1, handler: __TI_decompress_none


GLOBAL SYMBOLS: SORTED ALPHABETICALLY BY Name 

address   name                           
-------   ----                           
00000e15  C$$EXIT                        
00000961  Delay_ms                       
0000092f  Duty_Cycle                     
000005dd  GPIO_u8GetPinValue             
00000595  GPIO_u8GetPortValue            
000004d9  GPIO_voidSetPinDirection       
00000491  GPIO_voidSetPinPullDown        
00000455  GPIO_voidSetPinPullUp          
000003af  GPIO_voidSetPinValue           
0000033d  GPIO_voidSetPortDirection      
0000033b  GPIO_voidSetPortPullDown       
00000339  GPIO_voidSetPortPullUp         
00000307  GPIO_voidSetPortValue          
000002cb  GPIO_voidTogglePinValue        
0000026d  GPIO_void_Init                 
00000915  PWM_Freq_KHZ                   
00000895  PWM_init                       
00000f6b  ResetISR                       
UNDEFED   SHT$$INIT_ARRAY$$Base          
UNDEFED   SHT$$INIT_ARRAY$$Limit         
00000863  Turn_OtherDirection            
00000821  Turn_oneDirection              
20000200  __STACK_END                    
00000200  __STACK_SIZE                   
20000200  __STACK_TOP                    
00000f9c  __TI_CINIT_Base                
00000fa4  __TI_CINIT_Limit               
00000f94  __TI_Handler_Table_Base        
00000f9c  __TI_Handler_Table_Limit       
00000ce9  __TI_auto_init                 
20000200  __TI_cleanup_ptr               
00000d59  __TI_decompress_lzss           
00000f5d  __TI_decompress_none           
20000204  __TI_dtors_ptr                 
20000208  __TI_enable_exit_profile_output
ffffffff  __TI_pprof_out_hndl            
ffffffff  __TI_prof_data_size            
ffffffff  __TI_prof_data_start           
00000000  __TI_static_base__             
00000eb5  __aeabi_d2uiz                  
00000673  __aeabi_dadd                   
0000098d  __aeabi_ddiv                   
00000ac3  __aeabi_dmul                   
00000669  __aeabi_dsub                   
00000ef9  __aeabi_f2d                    
00000bbf  __aeabi_memcpy                 
00000bbf  __aeabi_memcpy4                
00000bbf  __aeabi_memcpy8                
ffffffff  __binit__                      
ffffffff  __c_args__                     
0000081f  __mpu_init                     
20000000  __stack                        
00000f31  _args_main                     
00000dc1  _c_int00                       
2000020c  _lock                          
00000f57  _nop                           
00000f4f  _register_lock                 
00000f49  _register_unlock               
00000c5b  _system_post_cinit             
00000f77  _system_pre_init               
20000210  _unlock                        
00000e19  abort                          
ffffffff  binit                          
00000e69  copy_in                        
00000e21  exit                           
00000000  g_pfnVectors                   
00000c5d  main                           
20000214  main_func_sp                   
00000bbf  memcpy                         


GLOBAL SYMBOLS: SORTED BY Symbol Address 

address   name                           
-------   ----                           
00000000  __TI_static_base__             
00000000  g_pfnVectors                   
00000200  __STACK_SIZE                   
0000026d  GPIO_void_Init                 
000002cb  GPIO_voidTogglePinValue        
00000307  GPIO_voidSetPortValue          
00000339  GPIO_voidSetPortPullUp         
0000033b  GPIO_voidSetPortPullDown       
0000033d  GPIO_voidSetPortDirection      
000003af  GPIO_voidSetPinValue           
00000455  GPIO_voidSetPinPullUp          
00000491  GPIO_voidSetPinPullDown        
000004d9  GPIO_voidSetPinDirection       
00000595  GPIO_u8GetPortValue            
000005dd  GPIO_u8GetPinValue             
00000669  __aeabi_dsub                   
00000673  __aeabi_dadd                   
0000081f  __mpu_init                     
00000821  Turn_oneDirection              
00000863  Turn_OtherDirection            
00000895  PWM_init                       
00000915  PWM_Freq_KHZ                   
0000092f  Duty_Cycle                     
00000961  Delay_ms                       
0000098d  __aeabi_ddiv                   
00000ac3  __aeabi_dmul                   
00000bbf  __aeabi_memcpy                 
00000bbf  __aeabi_memcpy4                
00000bbf  __aeabi_memcpy8                
00000bbf  memcpy                         
00000c5b  _system_post_cinit             
00000c5d  main                           
00000ce9  __TI_auto_init                 
00000d59  __TI_decompress_lzss           
00000dc1  _c_int00                       
00000e15  C$$EXIT                        
00000e19  abort                          
00000e21  exit                           
00000e69  copy_in                        
00000eb5  __aeabi_d2uiz                  
00000ef9  __aeabi_f2d                    
00000f31  _args_main                     
00000f49  _register_unlock               
00000f4f  _register_lock                 
00000f57  _nop                           
00000f5d  __TI_decompress_none           
00000f6b  ResetISR                       
00000f77  _system_pre_init               
00000f94  __TI_Handler_Table_Base        
00000f9c  __TI_CINIT_Base                
00000f9c  __TI_Handler_Table_Limit       
00000fa4  __TI_CINIT_Limit               
20000000  __stack                        
20000200  __STACK_END                    
20000200  __STACK_TOP                    
20000200  __TI_cleanup_ptr               
20000204  __TI_dtors_ptr                 
20000208  __TI_enable_exit_profile_output
2000020c  _lock                          
20000210  _unlock                        
20000214  main_func_sp                   
ffffffff  __TI_pprof_out_hndl            
ffffffff  __TI_prof_data_size            
ffffffff  __TI_prof_data_start           
ffffffff  __binit__                      
ffffffff  __c_args__                     
ffffffff  binit                          
UNDEFED   SHT$$INIT_ARRAY$$Base          
UNDEFED   SHT$$INIT_ARRAY$$Limit         

[69 symbols]
