******************************************************************************
                  TI ARM Linker PC v16.9.4                     
******************************************************************************
>> Linked Fri Aug 25 11:41:12 2023

OUTPUT FILE NAME:   <stopWatch_withSystick.out>
ENTRY POINT SYMBOL: "_c_int00"  address: 00001b2d


MEMORY CONFIGURATION

         name            origin    length      used     unused   attr    fill
----------------------  --------  ---------  --------  --------  ----  --------
  FLASH                 00000000   00040000  00001cb0  0003e350  R  X
  SRAM                  20000000   00008000  0000021e  00007de2  RW X


SEGMENT ALLOCATION MAP

run origin  load origin   length   init length attrs members
----------  ----------- ---------- ----------- ----- -------
00000000    00000000    00001cb0   00001cb0    r-x
  00000000    00000000    0000026c   0000026c    r-- .intvecs
  0000026c    0000026c    00001a0c   00001a0c    r-x .text
  00001c78    00001c78    00000038   00000038    r-- .cinit
20000000    20000000    0000021e   00000000    rw-
  20000000    20000000    00000200   00000000    rw- .stack
  20000200    20000200    00000018   00000000    rw- .data
  20000218    20000218    00000006   00000000    rw- .bss


SECTION ALLOCATION MAP

 output                                  attributes/
section   page    origin      length       input sections
--------  ----  ----------  ----------   ----------------
.intvecs   0    00000000    0000026c     
                  00000000    0000026c     tm4c123gh6pm_startup_ccs.obj (.intvecs)

.text      0    0000026c    00001a0c     
                  0000026c    00000f58     Tiva_DIO.obj (.text)
                  000011c4    00000460     LCD_Driver.obj (.text)
                  00001624    00000318     main.obj (.text)
                  0000193c    0000009c     rtsv7M4_T_le_v4SPD16_eabi.lib : memcpy_t2.obj (.text)
                  000019d8    0000007a                                   : memset_t2.obj (.text)
                  00001a52    00000002                                   : mpu_init.obj (.text)
                  00001a54    00000070                                   : autoinit.obj (.text)
                  00001ac4    00000068                                   : copy_decompress_lzss.obj (.text:decompress:lzss)
                  00001b2c    00000054                                   : boot.obj (.text)
                  00001b80    00000054                                   : exit.obj (.text)
                  00001bd4    0000004c                                   : cpy_tbl.obj (.text)
                  00001c20    00000018                                   : args_main.obj (.text)
                  00001c38    00000014                                   : _lock.obj (.text)
                  00001c4c    0000000e                                   : copy_decompress_none.obj (.text:decompress:none)
                  00001c5a    0000000c                                   : copy_zero_init.obj (.text:decompress:ZI)
                  00001c66    0000000c     tm4c123gh6pm_startup_ccs.obj (.text)
                  00001c72    00000004     rtsv7M4_T_le_v4SPD16_eabi.lib : pre_init.obj (.text)
                  00001c76    00000002                                   : startup.obj (.text)

.cinit     0    00001c78    00000038     
                  00001c78    00000011     (.cinit..data.load) [load image, compression = lzss]
                  00001c89    00000003     --HOLE-- [fill = 0]
                  00001c8c    0000000c     (__TI_handler_table)
                  00001c98    00000008     (.cinit..bss.load) [load image, compression = zero_init]
                  00001ca0    00000010     (__TI_cinit_table)

.init_array 
*          0    00000000    00000000     UNINITIALIZED

.stack     0    20000000    00000200     UNINITIALIZED
                  20000000    00000200     --HOLE--

.data      0    20000200    00000018     UNINITIALIZED
                  20000200    0000000c     rtsv7M4_T_le_v4SPD16_eabi.lib : exit.obj (.data:$O1$$)
                  2000020c    00000008                                   : _lock.obj (.data:$O1$$)
                  20000214    00000004                                   : stkdepth_vars.obj (.data)

.bss       0    20000218    00000006     UNINITIALIZED
                  20000218    00000001     (.common:GPIOF_flag)
                  20000219    00000001     (.common:hours)
                  2000021a    00000001     (.common:minutes)
                  2000021b    00000001     (.common:moments)
                  2000021c    00000001     (.common:seconds)
                  2000021d    00000001     (.common:systick_flag)

MODULE SUMMARY

       Module                         code   ro data   rw data
       ------                         ----   -------   -------
    .\
       main.obj                       792    0         6      
       tm4c123gh6pm_startup_ccs.obj   12     620       0      
    +--+------------------------------+------+---------+---------+
       Total:                         804    620       6      
                                                              
    .\LCD_Driver\
       LCD_Driver.obj                 1120   0         0      
    +--+------------------------------+------+---------+---------+
       Total:                         1120   0         0      
                                                              
    .\Tiva_DIO\
       Tiva_DIO.obj                   3928   0         0      
    +--+------------------------------+------+---------+---------+
       Total:                         3928   0         0      
                                                              
    C:\ti\ccsv7\tools\compiler\ti-cgt-arm_16.9.4.LTS\lib\rtsv7M4_T_le_v4SPD16_eabi.lib
       memcpy_t2.obj                  156    0         0      
       memset_t2.obj                  122    0         0      
       autoinit.obj                   112    0         0      
       copy_decompress_lzss.obj       104    0         0      
       exit.obj                       84     0         12     
       boot.obj                       84     0         0      
       cpy_tbl.obj                    76     0         0      
       _lock.obj                      20     0         8      
       args_main.obj                  24     0         0      
       copy_decompress_none.obj       14     0         0      
       copy_zero_init.obj             12     0         0      
       pre_init.obj                   4      0         0      
       stkdepth_vars.obj              0      0         4      
       mpu_init.obj                   2      0         0      
       startup.obj                    2      0         0      
    +--+------------------------------+------+---------+---------+
       Total:                         816    0         24     
                                                              
       Stack:                         0      0         512    
       Linker Generated:              0      53        0      
    +--+------------------------------+------+---------+---------+
       Grand Total:                   6668   673       542    


LINKER GENERATED COPY TABLES

__TI_cinit_table @ 00001ca0 records: 2, size/record: 8, table size: 16
	.data: load addr=00001c78, load size=00000011 bytes, run addr=20000200, run size=00000018 bytes, compression=lzss
	.bss: load addr=00001c98, load size=00000008 bytes, run addr=20000218, run size=00000006 bytes, compression=zero_init


LINKER GENERATED HANDLER TABLE

__TI_handler_table @ 00001c8c records: 3, size/record: 4, table size: 12
	index: 0, handler: __TI_decompress_lzss
	index: 1, handler: __TI_decompress_none
	index: 2, handler: __TI_zero_init


GLOBAL SYMBOLS: SORTED ALPHABETICALLY BY Name 

address   name                           
-------   ----                           
00001b81  C$$EXIT                        
000003c1  ClearDataBIT                   
00000649  DIO_InitPin                    
00000515  DIO_PORT_Init                  
00000b45  DIO_ReadPin                    
00000c39  DIO_TogglePin                  
000009e9  DIO_WritePin                   
00000cf5  DIO_WritePort                  
0000169f  GPIOF_Handler                  
20000218  GPIOF_flag                     
00001625  IntSystickHandler              
00000d79  Inteupt_Edge_InitPin           
0000156f  LCD_Clear                      
000013b1  LCD_Init                       
00001579  LCD_SetCursor                  
00001443  LCD_WriteChar                  
0000124d  LCD_WriteCommand               
000012ff  LCD_WriteData                  
00001483  LCD_WriteNumber                
00001523  LCD_WriteNumberInBinary        
000015ad  LCD_WriteNumber_4D             
00001453  LCD_WriteString                
0000045f  ReadDataBIT                    
00001c67  ResetISR                       
UNDEFED   SHT$$INIT_ARRAY$$Base          
UNDEFED   SHT$$INIT_ARRAY$$Limit         
000010cb  Systick_Disable                
0000108f  Systick_Init                   
000010d7  Systick_ReadCOUNT              
000010e5  Systick_Reload_ms              
0000026d  WriteDataBIT                   
0000032b  WriteDataBITS                  
20000200  __STACK_END                    
00000200  __STACK_SIZE                   
20000200  __STACK_TOP                    
00001ca0  __TI_CINIT_Base                
00001cb0  __TI_CINIT_Limit               
00001c8c  __TI_Handler_Table_Base        
00001c98  __TI_Handler_Table_Limit       
00001a55  __TI_auto_init                 
20000200  __TI_cleanup_ptr               
00001ac5  __TI_decompress_lzss           
00001c4d  __TI_decompress_none           
20000204  __TI_dtors_ptr                 
20000208  __TI_enable_exit_profile_output
ffffffff  __TI_pprof_out_hndl            
ffffffff  __TI_prof_data_size            
ffffffff  __TI_prof_data_start           
00000000  __TI_static_base__             
00001c5b  __TI_zero_init                 
000019d9  __aeabi_memclr                 
000019d9  __aeabi_memclr4                
000019d9  __aeabi_memclr8                
0000193d  __aeabi_memcpy                 
0000193d  __aeabi_memcpy4                
0000193d  __aeabi_memcpy8                
000019db  __aeabi_memset                 
000019db  __aeabi_memset4                
000019db  __aeabi_memset8                
ffffffff  __binit__                      
ffffffff  __c_args__                     
00001a53  __mpu_init                     
20000000  __stack                        
00001c21  _args_main                     
00001b2d  _c_int00                       
000011c5  _delay_ms                      
0000120d  _delay_us                      
2000020c  _lock                          
00001c47  _nop                           
00001c3f  _register_lock                 
00001c39  _register_unlock               
00001c77  _system_post_cinit             
00001c73  _system_pre_init               
20000210  _unlock                        
00001b85  abort                          
ffffffff  binit                          
00001bd5  copy_in                        
00001b8d  exit                           
00000000  g_pfnVectors                   
20000219  hours                          
000016d5  main                           
20000214  main_func_sp                   
0000193d  memcpy                         
000019e1  memset                         
2000021a  minutes                        
2000021b  moments                        
2000021c  seconds                        
2000021d  systick_flag                   
00001873  writeHours                     
00001897  writeMinutes                   
000018df  writeMoments                   
000018bb  writeSeconds                   


GLOBAL SYMBOLS: SORTED BY Symbol Address 

address   name                           
-------   ----                           
00000000  __TI_static_base__             
00000000  g_pfnVectors                   
00000200  __STACK_SIZE                   
0000026d  WriteDataBIT                   
0000032b  WriteDataBITS                  
000003c1  ClearDataBIT                   
0000045f  ReadDataBIT                    
00000515  DIO_PORT_Init                  
00000649  DIO_InitPin                    
000009e9  DIO_WritePin                   
00000b45  DIO_ReadPin                    
00000c39  DIO_TogglePin                  
00000cf5  DIO_WritePort                  
00000d79  Inteupt_Edge_InitPin           
0000108f  Systick_Init                   
000010cb  Systick_Disable                
000010d7  Systick_ReadCOUNT              
000010e5  Systick_Reload_ms              
000011c5  _delay_ms                      
0000120d  _delay_us                      
0000124d  LCD_WriteCommand               
000012ff  LCD_WriteData                  
000013b1  LCD_Init                       
00001443  LCD_WriteChar                  
00001453  LCD_WriteString                
00001483  LCD_WriteNumber                
00001523  LCD_WriteNumberInBinary        
0000156f  LCD_Clear                      
00001579  LCD_SetCursor                  
000015ad  LCD_WriteNumber_4D             
00001625  IntSystickHandler              
0000169f  GPIOF_Handler                  
000016d5  main                           
00001873  writeHours                     
00001897  writeMinutes                   
000018bb  writeSeconds                   
000018df  writeMoments                   
0000193d  __aeabi_memcpy                 
0000193d  __aeabi_memcpy4                
0000193d  __aeabi_memcpy8                
0000193d  memcpy                         
000019d9  __aeabi_memclr                 
000019d9  __aeabi_memclr4                
000019d9  __aeabi_memclr8                
000019db  __aeabi_memset                 
000019db  __aeabi_memset4                
000019db  __aeabi_memset8                
000019e1  memset                         
00001a53  __mpu_init                     
00001a55  __TI_auto_init                 
00001ac5  __TI_decompress_lzss           
00001b2d  _c_int00                       
00001b81  C$$EXIT                        
00001b85  abort                          
00001b8d  exit                           
00001bd5  copy_in                        
00001c21  _args_main                     
00001c39  _register_unlock               
00001c3f  _register_lock                 
00001c47  _nop                           
00001c4d  __TI_decompress_none           
00001c5b  __TI_zero_init                 
00001c67  ResetISR                       
00001c73  _system_pre_init               
00001c77  _system_post_cinit             
00001c8c  __TI_Handler_Table_Base        
00001c98  __TI_Handler_Table_Limit       
00001ca0  __TI_CINIT_Base                
00001cb0  __TI_CINIT_Limit               
20000000  __stack                        
20000200  __STACK_END                    
20000200  __STACK_TOP                    
20000200  __TI_cleanup_ptr               
20000204  __TI_dtors_ptr                 
20000208  __TI_enable_exit_profile_output
2000020c  _lock                          
20000210  _unlock                        
20000214  main_func_sp                   
20000218  GPIOF_flag                     
20000219  hours                          
2000021a  minutes                        
2000021b  moments                        
2000021c  seconds                        
2000021d  systick_flag                   
ffffffff  __TI_pprof_out_hndl            
ffffffff  __TI_prof_data_size            
ffffffff  __TI_prof_data_start           
ffffffff  __binit__                      
ffffffff  __c_args__                     
ffffffff  binit                          
UNDEFED   SHT$$INIT_ARRAY$$Base          
UNDEFED   SHT$$INIT_ARRAY$$Limit         

[92 symbols]
