******************************************************************************
                  TI ARM Linker PC v20.2.7                     
******************************************************************************
>> Linked Fri Aug 25 15:43:47 2023

OUTPUT FILE NAME:   <GPTM.out>
ENTRY POINT SYMBOL: "_c_int00_noinit_noargs"  address: 000013c5


MEMORY CONFIGURATION

         name            origin    length      used     unused   attr    fill
----------------------  --------  ---------  --------  --------  ----  --------
  FLASH                 00000000   00040000  00001404  0003ebfc  R  X
  SRAM                  20000000   00008000  00000200  00007e00  RW X


SEGMENT ALLOCATION MAP

run origin  load origin   length   init length attrs members
----------  ----------- ---------- ----------- ----- -------
00000000    00000000    00001404   00001404    r-x
  00000000    00000000    0000026c   0000026c    r-- .intvecs
  0000026c    0000026c    00001198   00001198    r-x .text
20000000    20000000    00000200   00000000    rw-
  20000000    20000000    00000200   00000000    rw- .stack


SECTION ALLOCATION MAP

 output                                  attributes/
section   page    origin      length       input sections
--------  ----  ----------  ----------   ----------------
.intvecs   0    00000000    0000026c     
                  00000000    0000026c     tm4c123gh6pm_startup_ccs.obj (.intvecs)

.text      0    0000026c    00001198     
                  0000026c    00000c14     DIO.obj (.text)
                  00000e80    000001b6     rtsv7M4_T_le_v4SPD16_eabi.lib : fd_add_t2.asm.obj (.text)
                  00001036    00000136                                   : fd_div_t2.asm.obj (.text)
                  0000116c    000000fc                                   : fd_mul_t2.asm.obj (.text)
                  00001268    000000e0     main.obj (.text)
                  00001348    00000044     rtsv7M4_T_le_v4SPD16_eabi.lib : fd_tou_t2.asm.obj (.text)
                  0000138c    00000038                                   : fs_tod_t2.asm.obj (.text)
                  000013c4    0000002c                                   : boot_cortex_m.c.obj (.text:_c_int00_noinit_noargs:_c_int00_noinit_noargs)
                  000013f0    0000000c     tm4c123gh6pm_startup_ccs.obj (.text)
                  000013fc    00000004     rtsv7M4_T_le_v4SPD16_eabi.lib : pre_init.c.obj (.text:_system_pre_init)
                  00001400    00000004                                   : exit.c.obj (.text:abort:abort)

.cinit     0    00000000    00000000     UNINITIALIZED

.init_array 
*          0    00000000    00000000     UNINITIALIZED

.stack     0    20000000    00000200     UNINITIALIZED
                  20000000    00000004     rtsv7M4_T_le_v4SPD16_eabi.lib : boot_cortex_m.c.obj (.stack)
                  20000004    000001fc     --HOLE--

__llvm_prf_cnts 
*          0    20000000    00000000     UNINITIALIZED

MODULE SUMMARY

       Module                         code   ro data   rw data
       ------                         ----   -------   -------
    .\
       DIO.obj                        3092   0         0      
       tm4c123gh6pm_startup_ccs.obj   12     620       0      
       main.obj                       224    0         0      
    +--+------------------------------+------+---------+---------+
       Total:                         3328   620       0      
                                                              
    C:\ti\ccs1230\ccs\tools\compiler\ti-cgt-arm_20.2.7.LTS\lib\rtsv7M4_T_le_v4SPD16_eabi.lib
       fd_add_t2.asm.obj              438    0         0      
       fd_div_t2.asm.obj              310    0         0      
       fd_mul_t2.asm.obj              252    0         0      
       fd_tou_t2.asm.obj              68     0         0      
       fs_tod_t2.asm.obj              56     0         0      
       boot_cortex_m.c.obj            44     0         0      
       exit.c.obj                     4      0         0      
       pre_init.c.obj                 4      0         0      
    +--+------------------------------+------+---------+---------+
       Total:                         1176   0         0      
                                                              
       Stack:                         0      0         512    
    +--+------------------------------+------+---------+---------+
       Grand Total:                   4504   620       512    


GLOBAL SYMBOLS: SORTED ALPHABETICALLY BY Name 

address   name                   
-------   ----                   
00001401  C$$EXIT                
000007b9  DIO_EnableInterrupt    
00000651  DIO_PinDirection       
0000051f  DIO_ReadPin            
000003e3  DIO_WritePin           
0000026d  DIO_init               
000012e7  Duty_Cycle             
000013f1  ResetISR               
20000200  __STACK_END            
00000200  __STACK_SIZE           
20000200  __STACK_TOP            
ffffffff  __TI_pprof_out_hndl    
ffffffff  __TI_prof_data_size    
ffffffff  __TI_prof_data_start   
00000000  __TI_static_base__     
00001349  __aeabi_d2uiz          
00000e8b  __aeabi_dadd           
00001037  __aeabi_ddiv           
0000116d  __aeabi_dmul           
00000e81  __aeabi_dsub           
0000138d  __aeabi_f2d            
ffffffff  __binit__              
ffffffff  __c_args__             
UNDEFED   __mpu_init             
20000000  __stack                
20000000  __start___llvm_prf_cnts
20000000  __stop___llvm_prf_cnts 
000013c5  _c_int00_noinit_noargs 
000013fd  _system_pre_init       
00001401  abort                  
ffffffff  binit                  
00000000  g_pfnVectors           
00001269  main                   


GLOBAL SYMBOLS: SORTED BY Symbol Address 

address   name                   
-------   ----                   
00000000  __TI_static_base__     
00000000  g_pfnVectors           
00000200  __STACK_SIZE           
0000026d  DIO_init               
000003e3  DIO_WritePin           
0000051f  DIO_ReadPin            
00000651  DIO_PinDirection       
000007b9  DIO_EnableInterrupt    
00000e81  __aeabi_dsub           
00000e8b  __aeabi_dadd           
00001037  __aeabi_ddiv           
0000116d  __aeabi_dmul           
00001269  main                   
000012e7  Duty_Cycle             
00001349  __aeabi_d2uiz          
0000138d  __aeabi_f2d            
000013c5  _c_int00_noinit_noargs 
000013f1  ResetISR               
000013fd  _system_pre_init       
00001401  C$$EXIT                
00001401  abort                  
20000000  __stack                
20000000  __start___llvm_prf_cnts
20000000  __stop___llvm_prf_cnts 
20000200  __STACK_END            
20000200  __STACK_TOP            
ffffffff  __TI_pprof_out_hndl    
ffffffff  __TI_prof_data_size    
ffffffff  __TI_prof_data_start   
ffffffff  __binit__              
ffffffff  __c_args__             
ffffffff  binit                  
UNDEFED   __mpu_init             

[33 symbols]
