<?xml version="1.0"?>
<link_info>
   <banner>TI ARM Linker PC v16.9.4.LTS</banner>
   <copyright>Copyright (c) 1996-2017 Texas Instruments Incorporated</copyright>
   <link_time>0x64e86e03</link_time>
   <link_errors>0x0</link_errors>
   <output_file>KeyPad_LCD.out</output_file>
   <entry_point>
      <name>_c_int00</name>
      <address>0x46d9</address>
   </entry_point>
   <input_file_list>
      <input_file id="fl-2">
         <path>.\</path>
         <kind>object</kind>
         <file>main.obj</file>
         <name>main.obj</name>
      </input_file>
      <input_file id="fl-3">
         <path>.\</path>
         <kind>object</kind>
         <file>tm4c123gh6pm_startup_ccs.obj</file>
         <name>tm4c123gh6pm_startup_ccs.obj</name>
      </input_file>
      <input_file id="fl-4">
         <path>.\LCD_Driver\</path>
         <kind>object</kind>
         <file>LCD_Driver.obj</file>
         <name>LCD_Driver.obj</name>
      </input_file>
      <input_file id="fl-5">
         <path>.\Tiva_DIO\</path>
         <kind>object</kind>
         <file>Tiva_DIO.obj</file>
         <name>Tiva_DIO.obj</name>
      </input_file>
      <input_file id="fl-6">
         <path>.\keyPad_Driver\</path>
         <kind>object</kind>
         <file>keyPad_Driver.obj</file>
         <name>keyPad_Driver.obj</name>
      </input_file>
      <input_file id="fl-7">
         <path>.\stackOp\</path>
         <kind>object</kind>
         <file>stackOp.obj</file>
         <name>stackOp.obj</name>
      </input_file>
      <input_file id="fl-b">
         <kind>object</kind>
         <file>&lt;internal&gt;</file>
         <name>&lt;internal&gt;</name>
      </input_file>
      <input_file id="fl-c1">
         <path>C:\ti\ccsv7\tools\compiler\ti-cgt-arm_16.9.4.LTS\lib\</path>
         <kind>archive</kind>
         <file>rtsv7M4_T_le_v4SPD16_eabi.lib</file>
         <name>boot.obj</name>
      </input_file>
      <input_file id="fl-c2">
         <path>C:\ti\ccsv7\tools\compiler\ti-cgt-arm_16.9.4.LTS\lib\</path>
         <kind>archive</kind>
         <file>rtsv7M4_T_le_v4SPD16_eabi.lib</file>
         <name>copy_decompress_lzss.obj</name>
      </input_file>
      <input_file id="fl-c3">
         <path>C:\ti\ccsv7\tools\compiler\ti-cgt-arm_16.9.4.LTS\lib\</path>
         <kind>archive</kind>
         <file>rtsv7M4_T_le_v4SPD16_eabi.lib</file>
         <name>copy_decompress_none.obj</name>
      </input_file>
      <input_file id="fl-c4">
         <path>C:\ti\ccsv7\tools\compiler\ti-cgt-arm_16.9.4.LTS\lib\</path>
         <kind>archive</kind>
         <file>rtsv7M4_T_le_v4SPD16_eabi.lib</file>
         <name>copy_zero_init.obj</name>
      </input_file>
      <input_file id="fl-c5">
         <path>C:\ti\ccsv7\tools\compiler\ti-cgt-arm_16.9.4.LTS\lib\</path>
         <kind>archive</kind>
         <file>rtsv7M4_T_le_v4SPD16_eabi.lib</file>
         <name>exit.obj</name>
      </input_file>
      <input_file id="fl-c6">
         <path>C:\ti\ccsv7\tools\compiler\ti-cgt-arm_16.9.4.LTS\lib\</path>
         <kind>archive</kind>
         <file>rtsv7M4_T_le_v4SPD16_eabi.lib</file>
         <name>isdigit.obj</name>
      </input_file>
      <input_file id="fl-c7">
         <path>C:\ti\ccsv7\tools\compiler\ti-cgt-arm_16.9.4.LTS\lib\</path>
         <kind>archive</kind>
         <file>rtsv7M4_T_le_v4SPD16_eabi.lib</file>
         <name>memcpy_t2.obj</name>
      </input_file>
      <input_file id="fl-c8">
         <path>C:\ti\ccsv7\tools\compiler\ti-cgt-arm_16.9.4.LTS\lib\</path>
         <kind>archive</kind>
         <file>rtsv7M4_T_le_v4SPD16_eabi.lib</file>
         <name>memset_t2.obj</name>
      </input_file>
      <input_file id="fl-c9">
         <path>C:\ti\ccsv7\tools\compiler\ti-cgt-arm_16.9.4.LTS\lib\</path>
         <kind>archive</kind>
         <file>rtsv7M4_T_le_v4SPD16_eabi.lib</file>
         <name>mpu_init.obj</name>
      </input_file>
      <input_file id="fl-ca">
         <path>C:\ti\ccsv7\tools\compiler\ti-cgt-arm_16.9.4.LTS\lib\</path>
         <kind>archive</kind>
         <file>rtsv7M4_T_le_v4SPD16_eabi.lib</file>
         <name>pre_init.obj</name>
      </input_file>
      <input_file id="fl-cb">
         <path>C:\ti\ccsv7\tools\compiler\ti-cgt-arm_16.9.4.LTS\lib\</path>
         <kind>archive</kind>
         <file>rtsv7M4_T_le_v4SPD16_eabi.lib</file>
         <name>printf.obj</name>
      </input_file>
      <input_file id="fl-cc">
         <path>C:\ti\ccsv7\tools\compiler\ti-cgt-arm_16.9.4.LTS\lib\</path>
         <kind>archive</kind>
         <file>rtsv7M4_T_le_v4SPD16_eabi.lib</file>
         <name>stkdepth_vars.obj</name>
      </input_file>
      <input_file id="fl-cd">
         <path>C:\ti\ccsv7\tools\compiler\ti-cgt-arm_16.9.4.LTS\lib\</path>
         <kind>archive</kind>
         <file>rtsv7M4_T_le_v4SPD16_eabi.lib</file>
         <name>strcat.obj</name>
      </input_file>
      <input_file id="fl-ce">
         <path>C:\ti\ccsv7\tools\compiler\ti-cgt-arm_16.9.4.LTS\lib\</path>
         <kind>archive</kind>
         <file>rtsv7M4_T_le_v4SPD16_eabi.lib</file>
         <name>strlen.obj</name>
      </input_file>
      <input_file id="fl-cf">
         <path>C:\ti\ccsv7\tools\compiler\ti-cgt-arm_16.9.4.LTS\lib\</path>
         <kind>archive</kind>
         <file>rtsv7M4_T_le_v4SPD16_eabi.lib</file>
         <name>_lock.obj</name>
      </input_file>
      <input_file id="fl-d0">
         <path>C:\ti\ccsv7\tools\compiler\ti-cgt-arm_16.9.4.LTS\lib\</path>
         <kind>archive</kind>
         <file>rtsv7M4_T_le_v4SPD16_eabi.lib</file>
         <name>_printfi.obj</name>
      </input_file>
      <input_file id="fl-d1">
         <path>C:\ti\ccsv7\tools\compiler\ti-cgt-arm_16.9.4.LTS\lib\</path>
         <kind>archive</kind>
         <file>rtsv7M4_T_le_v4SPD16_eabi.lib</file>
         <name>args_main.obj</name>
      </input_file>
      <input_file id="fl-d2">
         <path>C:\ti\ccsv7\tools\compiler\ti-cgt-arm_16.9.4.LTS\lib\</path>
         <kind>archive</kind>
         <file>rtsv7M4_T_le_v4SPD16_eabi.lib</file>
         <name>atoi.obj</name>
      </input_file>
      <input_file id="fl-d3">
         <path>C:\ti\ccsv7\tools\compiler\ti-cgt-arm_16.9.4.LTS\lib\</path>
         <kind>archive</kind>
         <file>rtsv7M4_T_le_v4SPD16_eabi.lib</file>
         <name>autoinit.obj</name>
      </input_file>
      <input_file id="fl-d4">
         <path>C:\ti\ccsv7\tools\compiler\ti-cgt-arm_16.9.4.LTS\lib\</path>
         <kind>archive</kind>
         <file>rtsv7M4_T_le_v4SPD16_eabi.lib</file>
         <name>cpy_tbl.obj</name>
      </input_file>
      <input_file id="fl-d5">
         <path>C:\ti\ccsv7\tools\compiler\ti-cgt-arm_16.9.4.LTS\lib\</path>
         <kind>archive</kind>
         <file>rtsv7M4_T_le_v4SPD16_eabi.lib</file>
         <name>ctype.obj</name>
      </input_file>
      <input_file id="fl-d6">
         <path>C:\ti\ccsv7\tools\compiler\ti-cgt-arm_16.9.4.LTS\lib\</path>
         <kind>archive</kind>
         <file>rtsv7M4_T_le_v4SPD16_eabi.lib</file>
         <name>defs.obj</name>
      </input_file>
      <input_file id="fl-d7">
         <path>C:\ti\ccsv7\tools\compiler\ti-cgt-arm_16.9.4.LTS\lib\</path>
         <kind>archive</kind>
         <file>rtsv7M4_T_le_v4SPD16_eabi.lib</file>
         <name>fd_add_t2.obj</name>
      </input_file>
      <input_file id="fl-d8">
         <path>C:\ti\ccsv7\tools\compiler\ti-cgt-arm_16.9.4.LTS\lib\</path>
         <kind>archive</kind>
         <file>rtsv7M4_T_le_v4SPD16_eabi.lib</file>
         <name>fd_cmp_t2.obj</name>
      </input_file>
      <input_file id="fl-d9">
         <path>C:\ti\ccsv7\tools\compiler\ti-cgt-arm_16.9.4.LTS\lib\</path>
         <kind>archive</kind>
         <file>rtsv7M4_T_le_v4SPD16_eabi.lib</file>
         <name>fd_div_t2.obj</name>
      </input_file>
      <input_file id="fl-da">
         <path>C:\ti\ccsv7\tools\compiler\ti-cgt-arm_16.9.4.LTS\lib\</path>
         <kind>archive</kind>
         <file>rtsv7M4_T_le_v4SPD16_eabi.lib</file>
         <name>fd_mul_t2.obj</name>
      </input_file>
      <input_file id="fl-db">
         <path>C:\ti\ccsv7\tools\compiler\ti-cgt-arm_16.9.4.LTS\lib\</path>
         <kind>archive</kind>
         <file>rtsv7M4_T_le_v4SPD16_eabi.lib</file>
         <name>fd_toi_t2.obj</name>
      </input_file>
      <input_file id="fl-dc">
         <path>C:\ti\ccsv7\tools\compiler\ti-cgt-arm_16.9.4.LTS\lib\</path>
         <kind>archive</kind>
         <file>rtsv7M4_T_le_v4SPD16_eabi.lib</file>
         <name>fputc.obj</name>
      </input_file>
      <input_file id="fl-dd">
         <path>C:\ti\ccsv7\tools\compiler\ti-cgt-arm_16.9.4.LTS\lib\</path>
         <kind>archive</kind>
         <file>rtsv7M4_T_le_v4SPD16_eabi.lib</file>
         <name>fputs.obj</name>
      </input_file>
      <input_file id="fl-de">
         <path>C:\ti\ccsv7\tools\compiler\ti-cgt-arm_16.9.4.LTS\lib\</path>
         <kind>archive</kind>
         <file>rtsv7M4_T_le_v4SPD16_eabi.lib</file>
         <name>i_tofd_t2.obj</name>
      </input_file>
      <input_file id="fl-df">
         <path>C:\ti\ccsv7\tools\compiler\ti-cgt-arm_16.9.4.LTS\lib\</path>
         <kind>archive</kind>
         <file>rtsv7M4_T_le_v4SPD16_eabi.lib</file>
         <name>ltoa.obj</name>
      </input_file>
      <input_file id="fl-e0">
         <path>C:\ti\ccsv7\tools\compiler\ti-cgt-arm_16.9.4.LTS\lib\</path>
         <kind>archive</kind>
         <file>rtsv7M4_T_le_v4SPD16_eabi.lib</file>
         <name>memccpy.obj</name>
      </input_file>
      <input_file id="fl-e1">
         <path>C:\ti\ccsv7\tools\compiler\ti-cgt-arm_16.9.4.LTS\lib\</path>
         <kind>archive</kind>
         <file>rtsv7M4_T_le_v4SPD16_eabi.lib</file>
         <name>memchr.obj</name>
      </input_file>
      <input_file id="fl-e2">
         <path>C:\ti\ccsv7\tools\compiler\ti-cgt-arm_16.9.4.LTS\lib\</path>
         <kind>archive</kind>
         <file>rtsv7M4_T_le_v4SPD16_eabi.lib</file>
         <name>s_frexp.obj</name>
      </input_file>
      <input_file id="fl-e3">
         <path>C:\ti\ccsv7\tools\compiler\ti-cgt-arm_16.9.4.LTS\lib\</path>
         <kind>archive</kind>
         <file>rtsv7M4_T_le_v4SPD16_eabi.lib</file>
         <name>s_scalbn.obj</name>
      </input_file>
      <input_file id="fl-e4">
         <path>C:\ti\ccsv7\tools\compiler\ti-cgt-arm_16.9.4.LTS\lib\</path>
         <kind>archive</kind>
         <file>rtsv7M4_T_le_v4SPD16_eabi.lib</file>
         <name>startup.obj</name>
      </input_file>
      <input_file id="fl-e5">
         <path>C:\ti\ccsv7\tools\compiler\ti-cgt-arm_16.9.4.LTS\lib\</path>
         <kind>archive</kind>
         <file>rtsv7M4_T_le_v4SPD16_eabi.lib</file>
         <name>strchr.obj</name>
      </input_file>
      <input_file id="fl-e6">
         <path>C:\ti\ccsv7\tools\compiler\ti-cgt-arm_16.9.4.LTS\lib\</path>
         <kind>archive</kind>
         <file>rtsv7M4_T_le_v4SPD16_eabi.lib</file>
         <name>ull_div_t2.obj</name>
      </input_file>
      <input_file id="fl-e7">
         <path>C:\ti\ccsv7\tools\compiler\ti-cgt-arm_16.9.4.LTS\lib\</path>
         <kind>archive</kind>
         <file>rtsv7M4_T_le_v4SPD16_eabi.lib</file>
         <name>write.obj</name>
      </input_file>
      <input_file id="fl-e8">
         <path>C:\ti\ccsv7\tools\compiler\ti-cgt-arm_16.9.4.LTS\lib\</path>
         <kind>archive</kind>
         <file>rtsv7M4_T_le_v4SPD16_eabi.lib</file>
         <name>_io_perm.obj</name>
      </input_file>
      <input_file id="fl-e9">
         <path>C:\ti\ccsv7\tools\compiler\ti-cgt-arm_16.9.4.LTS\lib\</path>
         <kind>archive</kind>
         <file>rtsv7M4_T_le_v4SPD16_eabi.lib</file>
         <name>errno.obj</name>
      </input_file>
      <input_file id="fl-ea">
         <path>C:\ti\ccsv7\tools\compiler\ti-cgt-arm_16.9.4.LTS\lib\</path>
         <kind>archive</kind>
         <file>rtsv7M4_T_le_v4SPD16_eabi.lib</file>
         <name>fflush.obj</name>
      </input_file>
      <input_file id="fl-eb">
         <path>C:\ti\ccsv7\tools\compiler\ti-cgt-arm_16.9.4.LTS\lib\</path>
         <kind>archive</kind>
         <file>rtsv7M4_T_le_v4SPD16_eabi.lib</file>
         <name>fseek.obj</name>
      </input_file>
      <input_file id="fl-ec">
         <path>C:\ti\ccsv7\tools\compiler\ti-cgt-arm_16.9.4.LTS\lib\</path>
         <kind>archive</kind>
         <file>rtsv7M4_T_le_v4SPD16_eabi.lib</file>
         <name>hostclose.obj</name>
      </input_file>
      <input_file id="fl-ed">
         <path>C:\ti\ccsv7\tools\compiler\ti-cgt-arm_16.9.4.LTS\lib\</path>
         <kind>archive</kind>
         <file>rtsv7M4_T_le_v4SPD16_eabi.lib</file>
         <name>hostlseek.obj</name>
      </input_file>
      <input_file id="fl-ee">
         <path>C:\ti\ccsv7\tools\compiler\ti-cgt-arm_16.9.4.LTS\lib\</path>
         <kind>archive</kind>
         <file>rtsv7M4_T_le_v4SPD16_eabi.lib</file>
         <name>hostopen.obj</name>
      </input_file>
      <input_file id="fl-ef">
         <path>C:\ti\ccsv7\tools\compiler\ti-cgt-arm_16.9.4.LTS\lib\</path>
         <kind>archive</kind>
         <file>rtsv7M4_T_le_v4SPD16_eabi.lib</file>
         <name>hostread.obj</name>
      </input_file>
      <input_file id="fl-f0">
         <path>C:\ti\ccsv7\tools\compiler\ti-cgt-arm_16.9.4.LTS\lib\</path>
         <kind>archive</kind>
         <file>rtsv7M4_T_le_v4SPD16_eabi.lib</file>
         <name>hostrename.obj</name>
      </input_file>
      <input_file id="fl-f1">
         <path>C:\ti\ccsv7\tools\compiler\ti-cgt-arm_16.9.4.LTS\lib\</path>
         <kind>archive</kind>
         <file>rtsv7M4_T_le_v4SPD16_eabi.lib</file>
         <name>hostunlink.obj</name>
      </input_file>
      <input_file id="fl-f2">
         <path>C:\ti\ccsv7\tools\compiler\ti-cgt-arm_16.9.4.LTS\lib\</path>
         <kind>archive</kind>
         <file>rtsv7M4_T_le_v4SPD16_eabi.lib</file>
         <name>hostwrite.obj</name>
      </input_file>
      <input_file id="fl-f3">
         <path>C:\ti\ccsv7\tools\compiler\ti-cgt-arm_16.9.4.LTS\lib\</path>
         <kind>archive</kind>
         <file>rtsv7M4_T_le_v4SPD16_eabi.lib</file>
         <name>lseek.obj</name>
      </input_file>
      <input_file id="fl-f4">
         <path>C:\ti\ccsv7\tools\compiler\ti-cgt-arm_16.9.4.LTS\lib\</path>
         <kind>archive</kind>
         <file>rtsv7M4_T_le_v4SPD16_eabi.lib</file>
         <name>s_copysign.obj</name>
      </input_file>
      <input_file id="fl-f5">
         <path>C:\ti\ccsv7\tools\compiler\ti-cgt-arm_16.9.4.LTS\lib\</path>
         <kind>archive</kind>
         <file>rtsv7M4_T_le_v4SPD16_eabi.lib</file>
         <name>setvbuf.obj</name>
      </input_file>
      <input_file id="fl-f6">
         <path>C:\ti\ccsv7\tools\compiler\ti-cgt-arm_16.9.4.LTS\lib\</path>
         <kind>archive</kind>
         <file>rtsv7M4_T_le_v4SPD16_eabi.lib</file>
         <name>strcpy.obj</name>
      </input_file>
      <input_file id="fl-f7">
         <path>C:\ti\ccsv7\tools\compiler\ti-cgt-arm_16.9.4.LTS\lib\</path>
         <kind>archive</kind>
         <file>rtsv7M4_T_le_v4SPD16_eabi.lib</file>
         <name>trgmsg.obj</name>
      </input_file>
      <input_file id="fl-f8">
         <path>C:\ti\ccsv7\tools\compiler\ti-cgt-arm_16.9.4.LTS\lib\</path>
         <kind>archive</kind>
         <file>rtsv7M4_T_le_v4SPD16_eabi.lib</file>
         <name>fopen.obj</name>
      </input_file>
      <input_file id="fl-f9">
         <path>C:\ti\ccsv7\tools\compiler\ti-cgt-arm_16.9.4.LTS\lib\</path>
         <kind>archive</kind>
         <file>rtsv7M4_T_le_v4SPD16_eabi.lib</file>
         <name>memory.obj</name>
      </input_file>
      <input_file id="fl-fa">
         <path>C:\ti\ccsv7\tools\compiler\ti-cgt-arm_16.9.4.LTS\lib\</path>
         <kind>archive</kind>
         <file>rtsv7M4_T_le_v4SPD16_eabi.lib</file>
         <name>open.obj</name>
      </input_file>
      <input_file id="fl-fb">
         <path>C:\ti\ccsv7\tools\compiler\ti-cgt-arm_16.9.4.LTS\lib\</path>
         <kind>archive</kind>
         <file>rtsv7M4_T_le_v4SPD16_eabi.lib</file>
         <name>fclose.obj</name>
      </input_file>
      <input_file id="fl-fc">
         <path>C:\ti\ccsv7\tools\compiler\ti-cgt-arm_16.9.4.LTS\lib\</path>
         <kind>archive</kind>
         <file>rtsv7M4_T_le_v4SPD16_eabi.lib</file>
         <name>getdevice.obj</name>
      </input_file>
      <input_file id="fl-fd">
         <path>C:\ti\ccsv7\tools\compiler\ti-cgt-arm_16.9.4.LTS\lib\</path>
         <kind>archive</kind>
         <file>rtsv7M4_T_le_v4SPD16_eabi.lib</file>
         <name>remove.obj</name>
      </input_file>
      <input_file id="fl-fe">
         <path>C:\ti\ccsv7\tools\compiler\ti-cgt-arm_16.9.4.LTS\lib\</path>
         <kind>archive</kind>
         <file>rtsv7M4_T_le_v4SPD16_eabi.lib</file>
         <name>strcmp.obj</name>
      </input_file>
      <input_file id="fl-ff">
         <path>C:\ti\ccsv7\tools\compiler\ti-cgt-arm_16.9.4.LTS\lib\</path>
         <kind>archive</kind>
         <file>rtsv7M4_T_le_v4SPD16_eabi.lib</file>
         <name>strncpy.obj</name>
      </input_file>
      <input_file id="fl-100">
         <path>C:\ti\ccsv7\tools\compiler\ti-cgt-arm_16.9.4.LTS\lib\</path>
         <kind>archive</kind>
         <file>rtsv7M4_T_le_v4SPD16_eabi.lib</file>
         <name>unlink.obj</name>
      </input_file>
      <input_file id="fl-101">
         <path>C:\ti\ccsv7\tools\compiler\ti-cgt-arm_16.9.4.LTS\lib\</path>
         <kind>archive</kind>
         <file>rtsv7M4_T_le_v4SPD16_eabi.lib</file>
         <name>close.obj</name>
      </input_file>
   </input_file_list>
   <object_component_list>
      <object_component id="oc-f">
         <name>.intvecs</name>
         <load_address>0x0</load_address>
         <run_address>0x0</run_address>
         <size>0x26c</size>
         <input_file_ref idref="fl-3"/>
      </object_component>
      <object_component id="oc-16b">
         <name>.text</name>
         <load_address>0x26c</load_address>
         <run_address>0x26c</run_address>
         <size>0x113e</size>
         <input_file_ref idref="fl-d0"/>
      </object_component>
      <object_component id="oc-60">
         <name>.text</name>
         <load_address>0x13aa</load_address>
         <run_address>0x13aa</run_address>
         <size>0x2</size>
         <input_file_ref idref="fl-c9"/>
      </object_component>
      <object_component id="oc-87">
         <name>.text</name>
         <load_address>0x13ac</load_address>
         <run_address>0x13ac</run_address>
         <size>0xf58</size>
         <input_file_ref idref="fl-5"/>
      </object_component>
      <object_component id="oc-8d">
         <name>.text</name>
         <load_address>0x2304</load_address>
         <run_address>0x2304</run_address>
         <size>0x460</size>
         <input_file_ref idref="fl-4"/>
      </object_component>
      <object_component id="oc-26e">
         <name>.text</name>
         <load_address>0x2764</load_address>
         <run_address>0x2764</run_address>
         <size>0x3d0</size>
         <input_file_ref idref="fl-f9"/>
      </object_component>
      <object_component id="oc-99">
         <name>.text</name>
         <load_address>0x2b34</load_address>
         <run_address>0x2b34</run_address>
         <size>0x376</size>
         <input_file_ref idref="fl-7"/>
      </object_component>
      <object_component id="oc-1b3">
         <name>.text</name>
         <load_address>0x2eaa</load_address>
         <run_address>0x2eaa</run_address>
         <size>0x1f4</size>
         <input_file_ref idref="fl-e6"/>
      </object_component>
      <object_component id="oc-d2">
         <name>.text</name>
         <load_address>0x309e</load_address>
         <run_address>0x309e</run_address>
         <size>0x2</size>
         <input_file_ref idref="fl-e4"/>
      </object_component>
      <object_component id="oc-34">
         <name>.text</name>
         <load_address>0x30a0</load_address>
         <run_address>0x30a0</run_address>
         <size>0x1d8</size>
         <input_file_ref idref="fl-2"/>
      </object_component>
      <object_component id="oc-274">
         <name>.text</name>
         <load_address>0x3278</load_address>
         <run_address>0x3278</run_address>
         <size>0x1c4</size>
         <input_file_ref idref="fl-f8"/>
      </object_component>
      <object_component id="oc-1dc">
         <name>.text</name>
         <load_address>0x343c</load_address>
         <run_address>0x343c</run_address>
         <size>0x1b6</size>
         <input_file_ref idref="fl-d7"/>
      </object_component>
      <object_component id="oc-1c2">
         <name>.text</name>
         <load_address>0x35f2</load_address>
         <run_address>0x35f2</run_address>
         <size>0x136</size>
         <input_file_ref idref="fl-d9"/>
      </object_component>
      <object_component id="oc-165">
         <name>.text</name>
         <load_address>0x3728</load_address>
         <run_address>0x3728</run_address>
         <size>0x134</size>
         <input_file_ref idref="fl-dd"/>
      </object_component>
      <object_component id="oc-93">
         <name>.text</name>
         <load_address>0x385c</load_address>
         <run_address>0x385c</run_address>
         <size>0xfc</size>
         <input_file_ref idref="fl-6"/>
      </object_component>
      <object_component id="oc-1bd">
         <name>.text</name>
         <load_address>0x3958</load_address>
         <run_address>0x3958</run_address>
         <size>0xfc</size>
         <input_file_ref idref="fl-da"/>
      </object_component>
      <object_component id="oc-1e7">
         <name>.text</name>
         <load_address>0x3a54</load_address>
         <run_address>0x3a54</run_address>
         <size>0xfc</size>
         <input_file_ref idref="fl-e3"/>
      </object_component>
      <object_component id="oc-223">
         <name>.text</name>
         <load_address>0x3b50</load_address>
         <run_address>0x3b50</run_address>
         <size>0xdc</size>
         <input_file_ref idref="fl-f5"/>
      </object_component>
      <object_component id="oc-19d">
         <name>.text</name>
         <load_address>0x3c2c</load_address>
         <run_address>0x3c2c</run_address>
         <size>0xc8</size>
         <input_file_ref idref="fl-ea"/>
      </object_component>
      <object_component id="oc-2b1">
         <name>.text</name>
         <load_address>0x3cf4</load_address>
         <run_address>0x3cf4</run_address>
         <size>0xbc</size>
         <input_file_ref idref="fl-fa"/>
      </object_component>
      <object_component id="oc-197">
         <name>.text</name>
         <load_address>0x3db0</load_address>
         <run_address>0x3db0</run_address>
         <size>0xac</size>
         <input_file_ref idref="fl-e8"/>
      </object_component>
      <object_component id="oc-48">
         <name>.text</name>
         <load_address>0x3e5c</load_address>
         <run_address>0x3e5c</run_address>
         <size>0x9c</size>
         <input_file_ref idref="fl-c7"/>
      </object_component>
      <object_component id="oc-2b7">
         <name>.text</name>
         <load_address>0x3ef8</load_address>
         <run_address>0x3ef8</run_address>
         <size>0x98</size>
         <input_file_ref idref="fl-fb"/>
      </object_component>
      <object_component id="oc-15f">
         <name>.text</name>
         <load_address>0x3f90</load_address>
         <run_address>0x3f90</run_address>
         <size>0x98</size>
         <input_file_ref idref="fl-dc"/>
      </object_component>
      <object_component id="oc-1b8">
         <name>.text:__aeabi_cdcmple</name>
         <load_address>0x4028</load_address>
         <run_address>0x4028</run_address>
         <size>0x86</size>
         <input_file_ref idref="fl-d8"/>
      </object_component>
      <object_component id="oc-1c7">
         <name>.text:__aeabi_cdrcmple</name>
         <load_address>0x40ae</load_address>
         <run_address>0x40ae</run_address>
         <size>0x86</size>
         <input_file_ref idref="fl-d8"/>
      </object_component>
      <object_component id="oc-54">
         <name>.text</name>
         <load_address>0x4134</load_address>
         <run_address>0x4134</run_address>
         <size>0x7a</size>
         <input_file_ref idref="fl-c8"/>
      </object_component>
      <object_component id="oc-6c">
         <name>.text</name>
         <load_address>0x41b0</load_address>
         <run_address>0x41b0</run_address>
         <size>0x70</size>
         <input_file_ref idref="fl-d3"/>
      </object_component>
      <object_component id="oc-2f2">
         <name>.text</name>
         <load_address>0x4220</load_address>
         <run_address>0x4220</run_address>
         <size>0x70</size>
         <input_file_ref idref="fl-fc"/>
      </object_component>
      <object_component id="oc-113">
         <name>.text</name>
         <load_address>0x4290</load_address>
         <run_address>0x4290</run_address>
         <size>0x70</size>
         <input_file_ref idref="fl-cb"/>
      </object_component>
      <object_component id="oc-2e6">
         <name>.text</name>
         <load_address>0x4300</load_address>
         <run_address>0x4300</run_address>
         <size>0x6c</size>
         <input_file_ref idref="fl-f0"/>
      </object_component>
      <object_component id="oc-12">
         <name>.text:decompress:lzss</name>
         <load_address>0x436c</load_address>
         <run_address>0x436c</run_address>
         <size>0x68</size>
         <input_file_ref idref="fl-c2"/>
      </object_component>
      <object_component id="oc-2da">
         <name>.text</name>
         <load_address>0x43d4</load_address>
         <run_address>0x43d4</run_address>
         <size>0x68</size>
         <input_file_ref idref="fl-ed"/>
      </object_component>
      <object_component id="oc-30c">
         <name>.text</name>
         <load_address>0x443c</load_address>
         <run_address>0x443c</run_address>
         <size>0x68</size>
         <input_file_ref idref="fl-f7"/>
      </object_component>
      <object_component id="oc-21d">
         <name>.text</name>
         <load_address>0x44a4</load_address>
         <run_address>0x44a4</run_address>
         <size>0x64</size>
         <input_file_ref idref="fl-eb"/>
      </object_component>
      <object_component id="oc-1e1">
         <name>.text</name>
         <load_address>0x4508</load_address>
         <run_address>0x4508</run_address>
         <size>0x64</size>
         <input_file_ref idref="fl-e2"/>
      </object_component>
      <object_component id="oc-2c2">
         <name>.text</name>
         <load_address>0x456c</load_address>
         <run_address>0x456c</run_address>
         <size>0x60</size>
         <input_file_ref idref="fl-ee"/>
      </object_component>
      <object_component id="oc-2fb">
         <name>.text</name>
         <load_address>0x45cc</load_address>
         <run_address>0x45cc</run_address>
         <size>0x5c</size>
         <input_file_ref idref="fl-101"/>
      </object_component>
      <object_component id="oc-2ce">
         <name>.text</name>
         <load_address>0x4628</load_address>
         <run_address>0x4628</run_address>
         <size>0x58</size>
         <input_file_ref idref="fl-ef"/>
      </object_component>
      <object_component id="oc-2d4">
         <name>.text</name>
         <load_address>0x4680</load_address>
         <run_address>0x4680</run_address>
         <size>0x58</size>
         <input_file_ref idref="fl-f2"/>
      </object_component>
      <object_component id="oc-24">
         <name>.text</name>
         <load_address>0x46d8</load_address>
         <run_address>0x46d8</run_address>
         <size>0x54</size>
         <input_file_ref idref="fl-c1"/>
      </object_component>
      <object_component id="oc-78">
         <name>.text</name>
         <load_address>0x472c</load_address>
         <run_address>0x472c</run_address>
         <size>0x54</size>
         <input_file_ref idref="fl-c5"/>
      </object_component>
      <object_component id="oc-1d1">
         <name>.text</name>
         <load_address>0x4780</load_address>
         <run_address>0x4780</run_address>
         <size>0x54</size>
         <input_file_ref idref="fl-df"/>
      </object_component>
      <object_component id="oc-1f3">
         <name>.text</name>
         <load_address>0x47d4</load_address>
         <run_address>0x47d4</run_address>
         <size>0x4c</size>
         <input_file_ref idref="fl-d2"/>
      </object_component>
      <object_component id="oc-cc">
         <name>.text</name>
         <load_address>0x4820</load_address>
         <run_address>0x4820</run_address>
         <size>0x4c</size>
         <input_file_ref idref="fl-d4"/>
      </object_component>
      <object_component id="oc-1cc">
         <name>.text</name>
         <load_address>0x486c</load_address>
         <run_address>0x486c</run_address>
         <size>0x48</size>
         <input_file_ref idref="fl-db"/>
      </object_component>
      <object_component id="oc-2c8">
         <name>.text</name>
         <load_address>0x48b4</load_address>
         <run_address>0x48b4</run_address>
         <size>0x44</size>
         <input_file_ref idref="fl-ec"/>
      </object_component>
      <object_component id="oc-2e0">
         <name>.text</name>
         <load_address>0x48f8</load_address>
         <run_address>0x48f8</run_address>
         <size>0x44</size>
         <input_file_ref idref="fl-f1"/>
      </object_component>
      <object_component id="oc-32e">
         <name>.text</name>
         <load_address>0x493c</load_address>
         <run_address>0x493c</run_address>
         <size>0x36</size>
         <input_file_ref idref="fl-ff"/>
      </object_component>
      <object_component id="oc-1d7">
         <name>.text</name>
         <load_address>0x4972</load_address>
         <run_address>0x4972</run_address>
         <size>0x2e</size>
         <input_file_ref idref="fl-de"/>
      </object_component>
      <object_component id="oc-301">
         <name>.text</name>
         <load_address>0x49a0</load_address>
         <run_address>0x49a0</run_address>
         <size>0x2c</size>
         <input_file_ref idref="fl-100"/>
      </object_component>
      <object_component id="oc-266">
         <name>.text</name>
         <load_address>0x49cc</load_address>
         <run_address>0x49cc</run_address>
         <size>0x28</size>
         <input_file_ref idref="fl-f3"/>
      </object_component>
      <object_component id="oc-1a3">
         <name>.text</name>
         <load_address>0x49f4</load_address>
         <run_address>0x49f4</run_address>
         <size>0x28</size>
         <input_file_ref idref="fl-e7"/>
      </object_component>
      <object_component id="oc-1ab">
         <name>.text</name>
         <load_address>0x4a1c</load_address>
         <run_address>0x4a1c</run_address>
         <size>0x20</size>
         <input_file_ref idref="fl-e1"/>
      </object_component>
      <object_component id="oc-101">
         <name>.text</name>
         <load_address>0x4a3c</load_address>
         <run_address>0x4a3c</run_address>
         <size>0x1e</size>
         <input_file_ref idref="fl-cd"/>
      </object_component>
      <object_component id="oc-1f9">
         <name>.text</name>
         <load_address>0x4a5a</load_address>
         <run_address>0x4a5a</run_address>
         <size>0x1c</size>
         <input_file_ref idref="fl-e0"/>
      </object_component>
      <object_component id="oc-72">
         <name>.text</name>
         <load_address>0x4a78</load_address>
         <run_address>0x4a78</run_address>
         <size>0x18</size>
         <input_file_ref idref="fl-d1"/>
      </object_component>
      <object_component id="oc-328">
         <name>.text</name>
         <load_address>0x4a90</load_address>
         <run_address>0x4a90</run_address>
         <size>0x18</size>
         <input_file_ref idref="fl-fe"/>
      </object_component>
      <object_component id="oc-1ed">
         <name>.text</name>
         <load_address>0x4aa8</load_address>
         <run_address>0x4aa8</run_address>
         <size>0x16</size>
         <input_file_ref idref="fl-e5"/>
      </object_component>
      <object_component id="oc-148">
         <name>.text</name>
         <load_address>0x4ac0</load_address>
         <run_address>0x4ac0</run_address>
         <size>0x14</size>
         <input_file_ref idref="fl-cf"/>
      </object_component>
      <object_component id="oc-24c">
         <name>.text</name>
         <load_address>0x4ad4</load_address>
         <run_address>0x4ad4</run_address>
         <size>0x14</size>
         <input_file_ref idref="fl-f4"/>
      </object_component>
      <object_component id="oc-320">
         <name>.text</name>
         <load_address>0x4ae8</load_address>
         <run_address>0x4ae8</run_address>
         <size>0x14</size>
         <input_file_ref idref="fl-f6"/>
      </object_component>
      <object_component id="oc-107">
         <name>.text</name>
         <load_address>0x4afc</load_address>
         <run_address>0x4afc</run_address>
         <size>0x14</size>
         <input_file_ref idref="fl-ce"/>
      </object_component>
      <object_component id="oc-10d">
         <name>.text</name>
         <load_address>0x4b10</load_address>
         <run_address>0x4b10</run_address>
         <size>0x10</size>
         <input_file_ref idref="fl-c6"/>
      </object_component>
      <object_component id="oc-18">
         <name>.text:decompress:none</name>
         <load_address>0x4b20</load_address>
         <run_address>0x4b20</run_address>
         <size>0xe</size>
         <input_file_ref idref="fl-c3"/>
      </object_component>
      <object_component id="oc-1e">
         <name>.text:decompress:ZI</name>
         <load_address>0x4b2e</load_address>
         <run_address>0x4b2e</run_address>
         <size>0xc</size>
         <input_file_ref idref="fl-c4"/>
      </object_component>
      <object_component id="oc-2e">
         <name>.text</name>
         <load_address>0x4b3a</load_address>
         <run_address>0x4b3a</run_address>
         <size>0xc</size>
         <input_file_ref idref="fl-3"/>
      </object_component>
      <object_component id="oc-66">
         <name>.text</name>
         <load_address>0x4b46</load_address>
         <run_address>0x4b46</run_address>
         <size>0x4</size>
         <input_file_ref idref="fl-ca"/>
      </object_component>
      <object_component id="oc-15a">
         <name>.const:.string:_ctypes_</name>
         <load_address>0x4b4a</load_address>
         <run_address>0x4b4a</run_address>
         <size>0x101</size>
         <input_file_ref idref="fl-d5"/>
      </object_component>
      <object_component id="oc-38d">
         <name>.cinit..data.load</name>
         <load_address>0x4c50</load_address>
         <run_address>0x4c50</run_address>
         <size>0x8c</size>
      </object_component>
      <object_component id="oc-38b">
         <name>__TI_handler_table</name>
         <load_address>0x4cdc</load_address>
         <run_address>0x4cdc</run_address>
         <size>0xc</size>
      </object_component>
      <object_component id="oc-38e">
         <name>.cinit..bss.load</name>
         <load_address>0x4ce8</load_address>
         <run_address>0x4ce8</run_address>
         <size>0x8</size>
      </object_component>
      <object_component id="oc-38c">
         <name>__TI_cinit_table</name>
         <load_address>0x4cf0</load_address>
         <run_address>0x4cf0</run_address>
         <size>0x10</size>
      </object_component>
      <object_component id="oc-a5">
         <name>.data</name>
         <load_address>0x20000480</load_address>
         <run_address>0x20000480</run_address>
         <size>0xc</size>
         <input_file_ref idref="fl-2"/>
      </object_component>
      <object_component id="oc-9f">
         <name>.data</name>
         <load_address>0x200004a4</load_address>
         <run_address>0x200004a4</run_address>
         <size>0x3</size>
         <input_file_ref idref="fl-6"/>
      </object_component>
      <object_component id="oc-a2">
         <name>.data:symbol</name>
         <load_address>0x20000458</load_address>
         <run_address>0x20000458</run_address>
         <size>0x10</size>
         <input_file_ref idref="fl-6"/>
      </object_component>
      <object_component id="oc-dc">
         <name>.data:$O1$$</name>
         <load_address>0x20000468</load_address>
         <run_address>0x20000468</run_address>
         <size>0xc</size>
         <input_file_ref idref="fl-c5"/>
      </object_component>
      <object_component id="oc-7e">
         <name>.data</name>
         <load_address>0x200004a0</load_address>
         <run_address>0x200004a0</run_address>
         <size>0x4</size>
         <input_file_ref idref="fl-cc"/>
      </object_component>
      <object_component id="oc-df">
         <name>.data:$O1$$</name>
         <load_address>0x2000048c</load_address>
         <run_address>0x2000048c</run_address>
         <size>0x8</size>
         <input_file_ref idref="fl-cf"/>
      </object_component>
      <object_component id="oc-171">
         <name>.data:_ftable</name>
         <load_address>0x20000290</load_address>
         <run_address>0x20000290</run_address>
         <size>0xf0</size>
         <input_file_ref idref="fl-d6"/>
      </object_component>
      <object_component id="oc-22b">
         <name>.data</name>
         <load_address>0x20000448</load_address>
         <run_address>0x20000448</run_address>
         <size>0x10</size>
         <input_file_ref idref="fl-d6"/>
      </object_component>
      <object_component id="oc-287">
         <name>.data:_device</name>
         <load_address>0x20000380</load_address>
         <run_address>0x20000380</run_address>
         <size>0x78</size>
         <input_file_ref idref="fl-e7"/>
      </object_component>
      <object_component id="oc-230">
         <name>.data:_stream</name>
         <load_address>0x200003f8</load_address>
         <run_address>0x200003f8</run_address>
         <size>0x50</size>
         <input_file_ref idref="fl-e7"/>
      </object_component>
      <object_component id="oc-252">
         <name>.data</name>
         <load_address>0x20000494</load_address>
         <run_address>0x20000494</run_address>
         <size>0x4</size>
         <input_file_ref idref="fl-e9"/>
      </object_component>
      <object_component id="oc-2bd">
         <name>.data</name>
         <load_address>0x20000498</load_address>
         <run_address>0x20000498</run_address>
         <size>0x4</size>
         <input_file_ref idref="fl-f8"/>
      </object_component>
      <object_component id="oc-2ad">
         <name>.data:$O1$$</name>
         <load_address>0x20000474</load_address>
         <run_address>0x20000474</run_address>
         <size>0xc</size>
         <input_file_ref idref="fl-f9"/>
      </object_component>
      <object_component id="oc-2f8">
         <name>.data</name>
         <load_address>0x2000049c</load_address>
         <run_address>0x2000049c</run_address>
         <size>0x4</size>
         <input_file_ref idref="fl-fa"/>
      </object_component>
      <object_component id="oc-33e">
         <name>.bss:_CIOBUF_</name>
         <uninitialized>true</uninitialized>
         <run_address>0x20000000</run_address>
         <size>0x120</size>
         <input_file_ref idref="fl-f7"/>
      </object_component>
      <object_component id="oc-a8">
         <name>.common:infix</name>
         <uninitialized>true</uninitialized>
         <run_address>0x200001c0</run_address>
         <size>0x64</size>
      </object_component>
      <object_component id="oc-ab">
         <name>.common:postfix</name>
         <uninitialized>true</uninitialized>
         <run_address>0x20000224</run_address>
         <size>0x64</size>
      </object_component>
      <object_component id="oc-307">
         <name>.common:__TI_tmpnams</name>
         <uninitialized>true</uninitialized>
         <run_address>0x20000120</run_address>
         <size>0xa0</size>
      </object_component>
      <object_component id="oc-312">
         <name>.common:parmbuf</name>
         <uninitialized>true</uninitialized>
         <run_address>0x20000288</run_address>
         <size>0x8</size>
      </object_component>
      <object_component id="oc-2b">
         <name>.sysmem</name>
         <uninitialized>true</uninitialized>
         <run_address>0x200006a8</run_address>
         <size>0x8</size>
         <input_file_ref idref="fl-f9"/>
      </object_component>
      <object_component id="oc-390">
         <name>.sysmem</name>
         <uninitialized>true</uninitialized>
         <run_address>0x200006a8</run_address>
         <size>0x0</size>
      </object_component>
      <object_component id="oc-2a">
         <name>.stack</name>
         <uninitialized>true</uninitialized>
         <run_address>0x200004a8</run_address>
         <size>0x0</size>
         <input_file_ref idref="fl-c1"/>
      </object_component>
      <object_component id="oc-38f">
         <name>.stack</name>
         <uninitialized>true</uninitialized>
         <run_address>0x200004a8</run_address>
         <size>0x0</size>
      </object_component>
      <object_component id="oc-a9">
         <name>.debug_info</name>
         <load_address>0x0</load_address>
         <run_address>0x0</run_address>
         <size>0x503</size>
         <input_file_ref idref="fl-2"/>
      </object_component>
      <object_component id="oc-a6">
         <name>.debug_info</name>
         <load_address>0x503</load_address>
         <run_address>0x503</run_address>
         <size>0xd3</size>
         <input_file_ref idref="fl-2"/>
      </object_component>
      <object_component id="oc-35">
         <name>.debug_info</name>
         <load_address>0x5d6</load_address>
         <run_address>0x5d6</run_address>
         <size>0x37b</size>
         <input_file_ref idref="fl-2"/>
      </object_component>
      <object_component id="oc-f4">
         <name>.debug_info</name>
         <load_address>0x951</load_address>
         <run_address>0x951</run_address>
         <size>0x351</size>
         <input_file_ref idref="fl-2"/>
      </object_component>
      <object_component id="oc-11b">
         <name>.debug_info</name>
         <load_address>0xca2</load_address>
         <run_address>0xca2</run_address>
         <size>0x5e</size>
         <input_file_ref idref="fl-2"/>
      </object_component>
      <object_component id="oc-43">
         <name>.debug_info</name>
         <load_address>0xd00</load_address>
         <run_address>0xd00</run_address>
         <size>0x84</size>
         <input_file_ref idref="fl-2"/>
      </object_component>
      <object_component id="oc-f9">
         <name>.debug_info</name>
         <load_address>0xd84</load_address>
         <run_address>0xd84</run_address>
         <size>0x171</size>
         <input_file_ref idref="fl-2"/>
      </object_component>
      <object_component id="oc-3c">
         <name>.debug_info</name>
         <load_address>0xef5</load_address>
         <run_address>0xef5</run_address>
         <size>0x2b3</size>
         <input_file_ref idref="fl-3"/>
      </object_component>
      <object_component id="oc-10">
         <name>.debug_info</name>
         <load_address>0x11a8</load_address>
         <run_address>0x11a8</run_address>
         <size>0xe2</size>
         <input_file_ref idref="fl-3"/>
      </object_component>
      <object_component id="oc-2f">
         <name>.debug_info</name>
         <load_address>0x128a</load_address>
         <run_address>0x128a</run_address>
         <size>0x25e</size>
         <input_file_ref idref="fl-3"/>
      </object_component>
      <object_component id="oc-af">
         <name>.debug_info</name>
         <load_address>0x14e8</load_address>
         <run_address>0x14e8</run_address>
         <size>0x18b</size>
         <input_file_ref idref="fl-3"/>
      </object_component>
      <object_component id="oc-ff">
         <name>.debug_info</name>
         <load_address>0x1673</load_address>
         <run_address>0x1673</run_address>
         <size>0x2db</size>
         <input_file_ref idref="fl-4"/>
      </object_component>
      <object_component id="oc-8f">
         <name>.debug_info</name>
         <load_address>0x194e</load_address>
         <run_address>0x194e</run_address>
         <size>0xc64</size>
         <input_file_ref idref="fl-4"/>
      </object_component>
      <object_component id="oc-88">
         <name>.debug_info</name>
         <load_address>0x25b2</load_address>
         <run_address>0x25b2</run_address>
         <size>0xb01</size>
         <input_file_ref idref="fl-5"/>
      </object_component>
      <object_component id="oc-127">
         <name>.debug_info</name>
         <load_address>0x30b3</load_address>
         <run_address>0x30b3</run_address>
         <size>0x340</size>
         <input_file_ref idref="fl-6"/>
      </object_component>
      <object_component id="oc-a0">
         <name>.debug_info</name>
         <load_address>0x33f3</load_address>
         <run_address>0x33f3</run_address>
         <size>0x11b</size>
         <input_file_ref idref="fl-6"/>
      </object_component>
      <object_component id="oc-a3">
         <name>.debug_info</name>
         <load_address>0x350e</load_address>
         <run_address>0x350e</run_address>
         <size>0xd9</size>
         <input_file_ref idref="fl-6"/>
      </object_component>
      <object_component id="oc-94">
         <name>.debug_info</name>
         <load_address>0x35e7</load_address>
         <run_address>0x35e7</run_address>
         <size>0x386</size>
         <input_file_ref idref="fl-6"/>
      </object_component>
      <object_component id="oc-11a">
         <name>.debug_info</name>
         <load_address>0x396d</load_address>
         <run_address>0x396d</run_address>
         <size>0x2e6</size>
         <input_file_ref idref="fl-7"/>
      </object_component>
      <object_component id="oc-9a">
         <name>.debug_info</name>
         <load_address>0x3c53</load_address>
         <run_address>0x3c53</run_address>
         <size>0x941</size>
         <input_file_ref idref="fl-7"/>
      </object_component>
      <object_component id="oc-120">
         <name>.debug_info</name>
         <load_address>0x4594</load_address>
         <run_address>0x4594</run_address>
         <size>0x60</size>
         <input_file_ref idref="fl-7"/>
      </object_component>
      <object_component id="oc-27">
         <name>.debug_info</name>
         <load_address>0x45f4</load_address>
         <run_address>0x45f4</run_address>
         <size>0x160</size>
         <input_file_ref idref="fl-c1"/>
      </object_component>
      <object_component id="oc-b9">
         <name>.debug_info</name>
         <load_address>0x4754</load_address>
         <run_address>0x4754</run_address>
         <size>0x293</size>
         <input_file_ref idref="fl-c2"/>
      </object_component>
      <object_component id="oc-14">
         <name>.debug_info</name>
         <load_address>0x49e7</load_address>
         <run_address>0x49e7</run_address>
         <size>0x245</size>
         <input_file_ref idref="fl-c2"/>
      </object_component>
      <object_component id="oc-3e">
         <name>.debug_info</name>
         <load_address>0x4c2c</load_address>
         <run_address>0x4c2c</run_address>
         <size>0x60</size>
         <input_file_ref idref="fl-c2"/>
      </object_component>
      <object_component id="oc-b4">
         <name>.debug_info</name>
         <load_address>0x4c8c</load_address>
         <run_address>0x4c8c</run_address>
         <size>0x46</size>
         <input_file_ref idref="fl-c2"/>
      </object_component>
      <object_component id="oc-53">
         <name>.debug_info</name>
         <load_address>0x4cd2</load_address>
         <run_address>0x4cd2</run_address>
         <size>0x2da</size>
         <input_file_ref idref="fl-c3"/>
      </object_component>
      <object_component id="oc-1b">
         <name>.debug_info</name>
         <load_address>0x4fac</load_address>
         <run_address>0x4fac</run_address>
         <size>0x1df</size>
         <input_file_ref idref="fl-c3"/>
      </object_component>
      <object_component id="oc-4e">
         <name>.debug_info</name>
         <load_address>0x518b</load_address>
         <run_address>0x518b</run_address>
         <size>0x46</size>
         <input_file_ref idref="fl-c3"/>
      </object_component>
      <object_component id="oc-bb">
         <name>.debug_info</name>
         <load_address>0x51d1</load_address>
         <run_address>0x51d1</run_address>
         <size>0x2c</size>
         <input_file_ref idref="fl-c3"/>
      </object_component>
      <object_component id="oc-5f">
         <name>.debug_info</name>
         <load_address>0x51fd</load_address>
         <run_address>0x51fd</run_address>
         <size>0x2c9</size>
         <input_file_ref idref="fl-c4"/>
      </object_component>
      <object_component id="oc-1f">
         <name>.debug_info</name>
         <load_address>0x54c6</load_address>
         <run_address>0x54c6</run_address>
         <size>0x1aa</size>
         <input_file_ref idref="fl-c4"/>
      </object_component>
      <object_component id="oc-5a">
         <name>.debug_info</name>
         <load_address>0x5670</load_address>
         <run_address>0x5670</run_address>
         <size>0x46</size>
         <input_file_ref idref="fl-c4"/>
      </object_component>
      <object_component id="oc-c3">
         <name>.debug_info</name>
         <load_address>0x56b6</load_address>
         <run_address>0x56b6</run_address>
         <size>0x2c</size>
         <input_file_ref idref="fl-c4"/>
      </object_component>
      <object_component id="oc-e3">
         <name>.debug_info</name>
         <load_address>0x56e2</load_address>
         <run_address>0x56e2</run_address>
         <size>0x3ce</size>
         <input_file_ref idref="fl-c5"/>
      </object_component>
      <object_component id="oc-dd">
         <name>.debug_info</name>
         <load_address>0x5ab0</load_address>
         <run_address>0x5ab0</run_address>
         <size>0x185</size>
         <input_file_ref idref="fl-c5"/>
      </object_component>
      <object_component id="oc-7a">
         <name>.debug_info</name>
         <load_address>0x5c35</load_address>
         <run_address>0x5c35</run_address>
         <size>0x214</size>
         <input_file_ref idref="fl-c5"/>
      </object_component>
      <object_component id="oc-15e">
         <name>.debug_info</name>
         <load_address>0x5e49</load_address>
         <run_address>0x5e49</run_address>
         <size>0x2ab</size>
         <input_file_ref idref="fl-c6"/>
      </object_component>
      <object_component id="oc-111">
         <name>.debug_info</name>
         <load_address>0x60f4</load_address>
         <run_address>0x60f4</run_address>
         <size>0x149</size>
         <input_file_ref idref="fl-c6"/>
      </object_component>
      <object_component id="oc-4b">
         <name>.debug_info</name>
         <load_address>0x623d</load_address>
         <run_address>0x623d</run_address>
         <size>0x111</size>
         <input_file_ref idref="fl-c7"/>
      </object_component>
      <object_component id="oc-55">
         <name>.debug_info</name>
         <load_address>0x634e</load_address>
         <run_address>0x634e</run_address>
         <size>0x13f</size>
         <input_file_ref idref="fl-c8"/>
      </object_component>
      <object_component id="oc-63">
         <name>.debug_info</name>
         <load_address>0x648d</load_address>
         <run_address>0x648d</run_address>
         <size>0x138</size>
         <input_file_ref idref="fl-c9"/>
      </object_component>
      <object_component id="oc-68">
         <name>.debug_info</name>
         <load_address>0x65c5</load_address>
         <run_address>0x65c5</run_address>
         <size>0x148</size>
         <input_file_ref idref="fl-ca"/>
      </object_component>
      <object_component id="oc-175">
         <name>.debug_info</name>
         <load_address>0x670d</load_address>
         <run_address>0x670d</run_address>
         <size>0x3c6</size>
         <input_file_ref idref="fl-cb"/>
      </object_component>
      <object_component id="oc-116">
         <name>.debug_info</name>
         <load_address>0x6ad3</load_address>
         <run_address>0x6ad3</run_address>
         <size>0x284</size>
         <input_file_ref idref="fl-cb"/>
      </object_component>
      <object_component id="oc-216">
         <name>.debug_info</name>
         <load_address>0x6d57</load_address>
         <run_address>0x6d57</run_address>
         <size>0xae</size>
         <input_file_ref idref="fl-cb"/>
      </object_component>
      <object_component id="oc-176">
         <name>.debug_info</name>
         <load_address>0x6e05</load_address>
         <run_address>0x6e05</run_address>
         <size>0x4e</size>
         <input_file_ref idref="fl-cb"/>
      </object_component>
      <object_component id="oc-7f">
         <name>.debug_info</name>
         <load_address>0x6e53</load_address>
         <run_address>0x6e53</run_address>
         <size>0x109</size>
         <input_file_ref idref="fl-cc"/>
      </object_component>
      <object_component id="oc-157">
         <name>.debug_info</name>
         <load_address>0x6f5c</load_address>
         <run_address>0x6f5c</run_address>
         <size>0x28a</size>
         <input_file_ref idref="fl-cd"/>
      </object_component>
      <object_component id="oc-102">
         <name>.debug_info</name>
         <load_address>0x71e6</load_address>
         <run_address>0x71e6</run_address>
         <size>0x249</size>
         <input_file_ref idref="fl-cd"/>
      </object_component>
      <object_component id="oc-159">
         <name>.debug_info</name>
         <load_address>0x742f</load_address>
         <run_address>0x742f</run_address>
         <size>0x284</size>
         <input_file_ref idref="fl-ce"/>
      </object_component>
      <object_component id="oc-10b">
         <name>.debug_info</name>
         <load_address>0x76b3</load_address>
         <run_address>0x76b3</run_address>
         <size>0x22a</size>
         <input_file_ref idref="fl-ce"/>
      </object_component>
      <object_component id="oc-150">
         <name>.debug_info</name>
         <load_address>0x78dd</load_address>
         <run_address>0x78dd</run_address>
         <size>0x2be</size>
         <input_file_ref idref="fl-cf"/>
      </object_component>
      <object_component id="oc-e0">
         <name>.debug_info</name>
         <load_address>0x7b9b</load_address>
         <run_address>0x7b9b</run_address>
         <size>0x113</size>
         <input_file_ref idref="fl-cf"/>
      </object_component>
      <object_component id="oc-14b">
         <name>.debug_info</name>
         <load_address>0x7cae</load_address>
         <run_address>0x7cae</run_address>
         <size>0x21f</size>
         <input_file_ref idref="fl-cf"/>
      </object_component>
      <object_component id="oc-200">
         <name>.debug_info</name>
         <load_address>0x7ecd</load_address>
         <run_address>0x7ecd</run_address>
         <size>0x51f</size>
         <input_file_ref idref="fl-d0"/>
      </object_component>
      <object_component id="oc-16d">
         <name>.debug_info</name>
         <load_address>0x83ec</load_address>
         <run_address>0x83ec</run_address>
         <size>0x1543</size>
         <input_file_ref idref="fl-d0"/>
      </object_component>
      <object_component id="oc-201">
         <name>.debug_info</name>
         <load_address>0x992f</load_address>
         <run_address>0x992f</run_address>
         <size>0x86</size>
         <input_file_ref idref="fl-d0"/>
      </object_component>
      <object_component id="oc-20b">
         <name>.debug_info</name>
         <load_address>0x99b5</load_address>
         <run_address>0x99b5</run_address>
         <size>0x2c</size>
         <input_file_ref idref="fl-d0"/>
      </object_component>
      <object_component id="oc-25f">
         <name>.debug_info</name>
         <load_address>0x99e1</load_address>
         <run_address>0x99e1</run_address>
         <size>0x46</size>
         <input_file_ref idref="fl-d0"/>
      </object_component>
      <object_component id="oc-206">
         <name>.debug_info</name>
         <load_address>0x9a27</load_address>
         <run_address>0x9a27</run_address>
         <size>0x39</size>
         <input_file_ref idref="fl-d0"/>
      </object_component>
      <object_component id="oc-db">
         <name>.debug_info</name>
         <load_address>0x9a60</load_address>
         <run_address>0x9a60</run_address>
         <size>0x300</size>
         <input_file_ref idref="fl-d1"/>
      </object_component>
      <object_component id="oc-74">
         <name>.debug_info</name>
         <load_address>0x9d60</load_address>
         <run_address>0x9d60</run_address>
         <size>0x167</size>
         <input_file_ref idref="fl-d1"/>
      </object_component>
      <object_component id="oc-141">
         <name>.debug_info</name>
         <load_address>0x9ec7</load_address>
         <run_address>0x9ec7</run_address>
         <size>0x5e</size>
         <input_file_ref idref="fl-d1"/>
      </object_component>
      <object_component id="oc-25a">
         <name>.debug_info</name>
         <load_address>0x9f25</load_address>
         <run_address>0x9f25</run_address>
         <size>0x2ae</size>
         <input_file_ref idref="fl-d2"/>
      </object_component>
      <object_component id="oc-1f6">
         <name>.debug_info</name>
         <load_address>0xa1d3</load_address>
         <run_address>0xa1d3</run_address>
         <size>0x171</size>
         <input_file_ref idref="fl-d2"/>
      </object_component>
      <object_component id="oc-d9">
         <name>.debug_info</name>
         <load_address>0xa344</load_address>
         <run_address>0xa344</run_address>
         <size>0x483</size>
         <input_file_ref idref="fl-d3"/>
      </object_component>
      <object_component id="oc-6d">
         <name>.debug_info</name>
         <load_address>0xa7c7</load_address>
         <run_address>0xa7c7</run_address>
         <size>0x190</size>
         <input_file_ref idref="fl-d3"/>
      </object_component>
      <object_component id="oc-135">
         <name>.debug_info</name>
         <load_address>0xa957</load_address>
         <run_address>0xa957</run_address>
         <size>0x39</size>
         <input_file_ref idref="fl-d3"/>
      </object_component>
      <object_component id="oc-186">
         <name>.debug_info</name>
         <load_address>0xa990</load_address>
         <run_address>0xa990</run_address>
         <size>0x39</size>
         <input_file_ref idref="fl-d3"/>
      </object_component>
      <object_component id="oc-13a">
         <name>.debug_info</name>
         <load_address>0xa9c9</load_address>
         <run_address>0xa9c9</run_address>
         <size>0xcd</size>
         <input_file_ref idref="fl-d3"/>
      </object_component>
      <object_component id="oc-131">
         <name>.debug_info</name>
         <load_address>0xaa96</load_address>
         <run_address>0xaa96</run_address>
         <size>0x37a</size>
         <input_file_ref idref="fl-d4"/>
      </object_component>
      <object_component id="oc-ce">
         <name>.debug_info</name>
         <load_address>0xae10</load_address>
         <run_address>0xae10</run_address>
         <size>0x183</size>
         <input_file_ref idref="fl-d4"/>
      </object_component>
      <object_component id="oc-181">
         <name>.debug_info</name>
         <load_address>0xaf93</load_address>
         <run_address>0xaf93</run_address>
         <size>0x2c</size>
         <input_file_ref idref="fl-d4"/>
      </object_component>
      <object_component id="oc-194">
         <name>.debug_info</name>
         <load_address>0xafbf</load_address>
         <run_address>0xafbf</run_address>
         <size>0xee</size>
         <input_file_ref idref="fl-d5"/>
      </object_component>
      <object_component id="oc-15b">
         <name>.debug_info</name>
         <load_address>0xb0ad</load_address>
         <run_address>0xb0ad</run_address>
         <size>0xfa</size>
         <input_file_ref idref="fl-d5"/>
      </object_component>
      <object_component id="oc-212">
         <name>.debug_info</name>
         <load_address>0xb1a7</load_address>
         <run_address>0xb1a7</run_address>
         <size>0x139</size>
         <input_file_ref idref="fl-d6"/>
      </object_component>
      <object_component id="oc-172">
         <name>.debug_info</name>
         <load_address>0xb2e0</load_address>
         <run_address>0xb2e0</run_address>
         <size>0xf7</size>
         <input_file_ref idref="fl-d6"/>
      </object_component>
      <object_component id="oc-22c">
         <name>.debug_info</name>
         <load_address>0xb3d7</load_address>
         <run_address>0xb3d7</run_address>
         <size>0x184</size>
         <input_file_ref idref="fl-d6"/>
      </object_component>
      <object_component id="oc-1df">
         <name>.debug_info</name>
         <load_address>0xb55b</load_address>
         <run_address>0xb55b</run_address>
         <size>0x144</size>
         <input_file_ref idref="fl-d7"/>
      </object_component>
      <object_component id="oc-1b9">
         <name>.debug_info</name>
         <load_address>0xb69f</load_address>
         <run_address>0xb69f</run_address>
         <size>0x120</size>
         <input_file_ref idref="fl-d8"/>
      </object_component>
      <object_component id="oc-1c8">
         <name>.debug_info</name>
         <load_address>0xb7bf</load_address>
         <run_address>0xb7bf</run_address>
         <size>0x122</size>
         <input_file_ref idref="fl-d8"/>
      </object_component>
      <object_component id="oc-1c3">
         <name>.debug_info</name>
         <load_address>0xb8e1</load_address>
         <run_address>0xb8e1</run_address>
         <size>0x132</size>
         <input_file_ref idref="fl-d9"/>
      </object_component>
      <object_component id="oc-1bf">
         <name>.debug_info</name>
         <load_address>0xba13</load_address>
         <run_address>0xba13</run_address>
         <size>0x132</size>
         <input_file_ref idref="fl-da"/>
      </object_component>
      <object_component id="oc-1ce">
         <name>.debug_info</name>
         <load_address>0xbb45</load_address>
         <run_address>0xbb45</run_address>
         <size>0x126</size>
         <input_file_ref idref="fl-db"/>
      </object_component>
      <object_component id="oc-1aa">
         <name>.debug_info</name>
         <load_address>0xbc6b</load_address>
         <run_address>0xbc6b</run_address>
         <size>0x378</size>
         <input_file_ref idref="fl-dc"/>
      </object_component>
      <object_component id="oc-162">
         <name>.debug_info</name>
         <load_address>0xbfe3</load_address>
         <run_address>0xbfe3</run_address>
         <size>0x23f</size>
         <input_file_ref idref="fl-dc"/>
      </object_component>
      <object_component id="oc-1b2">
         <name>.debug_info</name>
         <load_address>0xc222</load_address>
         <run_address>0xc222</run_address>
         <size>0x43c</size>
         <input_file_ref idref="fl-dd"/>
      </object_component>
      <object_component id="oc-167">
         <name>.debug_info</name>
         <load_address>0xc65e</load_address>
         <run_address>0xc65e</run_address>
         <size>0x359</size>
         <input_file_ref idref="fl-dd"/>
      </object_component>
      <object_component id="oc-1d8">
         <name>.debug_info</name>
         <load_address>0xc9b7</load_address>
         <run_address>0xc9b7</run_address>
         <size>0x124</size>
         <input_file_ref idref="fl-de"/>
      </object_component>
      <object_component id="oc-242">
         <name>.debug_info</name>
         <load_address>0xcadb</load_address>
         <run_address>0xcadb</run_address>
         <size>0x2e6</size>
         <input_file_ref idref="fl-df"/>
      </object_component>
      <object_component id="oc-1d2">
         <name>.debug_info</name>
         <load_address>0xcdc1</load_address>
         <run_address>0xcdc1</run_address>
         <size>0x1c2</size>
         <input_file_ref idref="fl-df"/>
      </object_component>
      <object_component id="oc-25c">
         <name>.debug_info</name>
         <load_address>0xcf83</load_address>
         <run_address>0xcf83</run_address>
         <size>0x28b</size>
         <input_file_ref idref="fl-e0"/>
      </object_component>
      <object_component id="oc-1fa">
         <name>.debug_info</name>
         <load_address>0xd20e</load_address>
         <run_address>0xd20e</run_address>
         <size>0x1ab</size>
         <input_file_ref idref="fl-e0"/>
      </object_component>
      <object_component id="oc-238">
         <name>.debug_info</name>
         <load_address>0xd3b9</load_address>
         <run_address>0xd3b9</run_address>
         <size>0x29a</size>
         <input_file_ref idref="fl-e1"/>
      </object_component>
      <object_component id="oc-1ac">
         <name>.debug_info</name>
         <load_address>0xd653</load_address>
         <run_address>0xd653</run_address>
         <size>0x242</size>
         <input_file_ref idref="fl-e1"/>
      </object_component>
      <object_component id="oc-246">
         <name>.debug_info</name>
         <load_address>0xd895</load_address>
         <run_address>0xd895</run_address>
         <size>0x2d9</size>
         <input_file_ref idref="fl-e2"/>
      </object_component>
      <object_component id="oc-1e2">
         <name>.debug_info</name>
         <load_address>0xdb6e</load_address>
         <run_address>0xdb6e</run_address>
         <size>0x18a</size>
         <input_file_ref idref="fl-e2"/>
      </object_component>
      <object_component id="oc-247">
         <name>.debug_info</name>
         <load_address>0xdcf8</load_address>
         <run_address>0xdcf8</run_address>
         <size>0x2c</size>
         <input_file_ref idref="fl-e2"/>
      </object_component>
      <object_component id="oc-256">
         <name>.debug_info</name>
         <load_address>0xdd24</load_address>
         <run_address>0xdd24</run_address>
         <size>0x316</size>
         <input_file_ref idref="fl-e3"/>
      </object_component>
      <object_component id="oc-1ea">
         <name>.debug_info</name>
         <load_address>0xe03a</load_address>
         <run_address>0xe03a</run_address>
         <size>0x1d5</size>
         <input_file_ref idref="fl-e3"/>
      </object_component>
      <object_component id="oc-d5">
         <name>.debug_info</name>
         <load_address>0xe20f</load_address>
         <run_address>0xe20f</run_address>
         <size>0x145</size>
         <input_file_ref idref="fl-e4"/>
      </object_component>
      <object_component id="oc-258">
         <name>.debug_info</name>
         <load_address>0xe354</load_address>
         <run_address>0xe354</run_address>
         <size>0x28f</size>
         <input_file_ref idref="fl-e5"/>
      </object_component>
      <object_component id="oc-1ee">
         <name>.debug_info</name>
         <load_address>0xe5e3</load_address>
         <run_address>0xe5e3</run_address>
         <size>0x244</size>
         <input_file_ref idref="fl-e5"/>
      </object_component>
      <object_component id="oc-1b5">
         <name>.debug_info</name>
         <load_address>0xe827</load_address>
         <run_address>0xe827</run_address>
         <size>0x17d</size>
         <input_file_ref idref="fl-e6"/>
      </object_component>
      <object_component id="oc-234">
         <name>.debug_info</name>
         <load_address>0xe9a4</load_address>
         <run_address>0xe9a4</run_address>
         <size>0x4c5</size>
         <input_file_ref idref="fl-e7"/>
      </object_component>
      <object_component id="oc-288">
         <name>.debug_info</name>
         <load_address>0xee69</load_address>
         <run_address>0xee69</run_address>
         <size>0xf8</size>
         <input_file_ref idref="fl-e7"/>
      </object_component>
      <object_component id="oc-231">
         <name>.debug_info</name>
         <load_address>0xef61</load_address>
         <run_address>0xef61</run_address>
         <size>0xf8</size>
         <input_file_ref idref="fl-e7"/>
      </object_component>
      <object_component id="oc-1a5">
         <name>.debug_info</name>
         <load_address>0xf059</load_address>
         <run_address>0xf059</run_address>
         <size>0x184</size>
         <input_file_ref idref="fl-e7"/>
      </object_component>
      <object_component id="oc-28e">
         <name>.debug_info</name>
         <load_address>0xf1dd</load_address>
         <run_address>0xf1dd</run_address>
         <size>0x120</size>
         <input_file_ref idref="fl-e7"/>
      </object_component>
      <object_component id="oc-293">
         <name>.debug_info</name>
         <load_address>0xf2fd</load_address>
         <run_address>0xf2fd</run_address>
         <size>0x2c</size>
         <input_file_ref idref="fl-e7"/>
      </object_component>
      <object_component id="oc-22a">
         <name>.debug_info</name>
         <load_address>0xf329</load_address>
         <run_address>0xf329</run_address>
         <size>0x2eb</size>
         <input_file_ref idref="fl-e8"/>
      </object_component>
      <object_component id="oc-198">
         <name>.debug_info</name>
         <load_address>0xf614</load_address>
         <run_address>0xf614</run_address>
         <size>0x230</size>
         <input_file_ref idref="fl-e8"/>
      </object_component>
      <object_component id="oc-27c">
         <name>.debug_info</name>
         <load_address>0xf844</load_address>
         <run_address>0xf844</run_address>
         <size>0xbb</size>
         <input_file_ref idref="fl-e8"/>
      </object_component>
      <object_component id="oc-253">
         <name>.debug_info</name>
         <load_address>0xf8ff</load_address>
         <run_address>0xf8ff</run_address>
         <size>0xf3</size>
         <input_file_ref idref="fl-e9"/>
      </object_component>
      <object_component id="oc-22f">
         <name>.debug_info</name>
         <load_address>0xf9f2</load_address>
         <run_address>0xf9f2</run_address>
         <size>0x33c</size>
         <input_file_ref idref="fl-ea"/>
      </object_component>
      <object_component id="oc-19e">
         <name>.debug_info</name>
         <load_address>0xfd2e</load_address>
         <run_address>0xfd2e</run_address>
         <size>0x25a</size>
         <input_file_ref idref="fl-ea"/>
      </object_component>
      <object_component id="oc-26d">
         <name>.debug_info</name>
         <load_address>0xff88</load_address>
         <run_address>0xff88</run_address>
         <size>0x319</size>
         <input_file_ref idref="fl-eb"/>
      </object_component>
      <object_component id="oc-21f">
         <name>.debug_info</name>
         <load_address>0x102a1</load_address>
         <run_address>0x102a1</run_address>
         <size>0x1e1</size>
         <input_file_ref idref="fl-eb"/>
      </object_component>
      <object_component id="oc-317">
         <name>.debug_info</name>
         <load_address>0x10482</load_address>
         <run_address>0x10482</run_address>
         <size>0x368</size>
         <input_file_ref idref="fl-ec"/>
      </object_component>
      <object_component id="oc-2c9">
         <name>.debug_info</name>
         <load_address>0x107ea</load_address>
         <run_address>0x107ea</run_address>
         <size>0x1b1</size>
         <input_file_ref idref="fl-ec"/>
      </object_component>
      <object_component id="oc-31d">
         <name>.debug_info</name>
         <load_address>0x1099b</load_address>
         <run_address>0x1099b</run_address>
         <size>0x36d</size>
         <input_file_ref idref="fl-ed"/>
      </object_component>
      <object_component id="oc-2dd">
         <name>.debug_info</name>
         <load_address>0x10d08</load_address>
         <run_address>0x10d08</run_address>
         <size>0x205</size>
         <input_file_ref idref="fl-ed"/>
      </object_component>
      <object_component id="oc-313">
         <name>.debug_info</name>
         <load_address>0x10f0d</load_address>
         <run_address>0x10f0d</run_address>
         <size>0x3cb</size>
         <input_file_ref idref="fl-ee"/>
      </object_component>
      <object_component id="oc-2c4">
         <name>.debug_info</name>
         <load_address>0x112d8</load_address>
         <run_address>0x112d8</run_address>
         <size>0x201</size>
         <input_file_ref idref="fl-ee"/>
      </object_component>
      <object_component id="oc-319">
         <name>.debug_info</name>
         <load_address>0x114d9</load_address>
         <run_address>0x114d9</run_address>
         <size>0x36c</size>
         <input_file_ref idref="fl-ef"/>
      </object_component>
      <object_component id="oc-2cf">
         <name>.debug_info</name>
         <load_address>0x11845</load_address>
         <run_address>0x11845</run_address>
         <size>0x1f0</size>
         <input_file_ref idref="fl-ef"/>
      </object_component>
      <object_component id="oc-327">
         <name>.debug_info</name>
         <load_address>0x11a35</load_address>
         <run_address>0x11a35</run_address>
         <size>0x3f3</size>
         <input_file_ref idref="fl-f0"/>
      </object_component>
      <object_component id="oc-2ea">
         <name>.debug_info</name>
         <load_address>0x11e28</load_address>
         <run_address>0x11e28</run_address>
         <size>0x22b</size>
         <input_file_ref idref="fl-f0"/>
      </object_component>
      <object_component id="oc-31f">
         <name>.debug_info</name>
         <load_address>0x12053</load_address>
         <run_address>0x12053</run_address>
         <size>0x3be</size>
         <input_file_ref idref="fl-f1"/>
      </object_component>
      <object_component id="oc-2e1">
         <name>.debug_info</name>
         <load_address>0x12411</load_address>
         <run_address>0x12411</run_address>
         <size>0x1bb</size>
         <input_file_ref idref="fl-f1"/>
      </object_component>
      <object_component id="oc-31b">
         <name>.debug_info</name>
         <load_address>0x125cc</load_address>
         <run_address>0x125cc</run_address>
         <size>0x36d</size>
         <input_file_ref idref="fl-f2"/>
      </object_component>
      <object_component id="oc-2d5">
         <name>.debug_info</name>
         <load_address>0x12939</load_address>
         <run_address>0x12939</run_address>
         <size>0x1f5</size>
         <input_file_ref idref="fl-f2"/>
      </object_component>
      <object_component id="oc-2aa">
         <name>.debug_info</name>
         <load_address>0x12b2e</load_address>
         <run_address>0x12b2e</run_address>
         <size>0x38c</size>
         <input_file_ref idref="fl-f3"/>
      </object_component>
      <object_component id="oc-268">
         <name>.debug_info</name>
         <load_address>0x12eba</load_address>
         <run_address>0x12eba</run_address>
         <size>0x18a</size>
         <input_file_ref idref="fl-f3"/>
      </object_component>
      <object_component id="oc-24d">
         <name>.debug_info</name>
         <load_address>0x13044</load_address>
         <run_address>0x13044</run_address>
         <size>0x156</size>
         <input_file_ref idref="fl-f4"/>
      </object_component>
      <object_component id="oc-27b">
         <name>.debug_info</name>
         <load_address>0x1319a</load_address>
         <run_address>0x1319a</run_address>
         <size>0x35a</size>
         <input_file_ref idref="fl-f5"/>
      </object_component>
      <object_component id="oc-224">
         <name>.debug_info</name>
         <load_address>0x134f4</load_address>
         <run_address>0x134f4</run_address>
         <size>0x200</size>
         <input_file_ref idref="fl-f5"/>
      </object_component>
      <object_component id="oc-350">
         <name>.debug_info</name>
         <load_address>0x136f4</load_address>
         <run_address>0x136f4</run_address>
         <size>0x28a</size>
         <input_file_ref idref="fl-f6"/>
      </object_component>
      <object_component id="oc-322">
         <name>.debug_info</name>
         <load_address>0x1397e</load_address>
         <run_address>0x1397e</run_address>
         <size>0x231</size>
         <input_file_ref idref="fl-f6"/>
      </object_component>
      <object_component id="oc-342">
         <name>.debug_info</name>
         <load_address>0x13baf</load_address>
         <run_address>0x13baf</run_address>
         <size>0x2b0</size>
         <input_file_ref idref="fl-f7"/>
      </object_component>
      <object_component id="oc-33f">
         <name>.debug_info</name>
         <load_address>0x13e5f</load_address>
         <run_address>0x13e5f</run_address>
         <size>0xfd</size>
         <input_file_ref idref="fl-f7"/>
      </object_component>
      <object_component id="oc-30e">
         <name>.debug_info</name>
         <load_address>0x13f5c</load_address>
         <run_address>0x13f5c</run_address>
         <size>0x281</size>
         <input_file_ref idref="fl-f7"/>
      </object_component>
      <object_component id="oc-2bf">
         <name>.debug_info</name>
         <load_address>0x141dd</load_address>
         <run_address>0x141dd</run_address>
         <size>0x3d6</size>
         <input_file_ref idref="fl-f8"/>
      </object_component>
      <object_component id="oc-275">
         <name>.debug_info</name>
         <load_address>0x145b3</load_address>
         <run_address>0x145b3</run_address>
         <size>0x455</size>
         <input_file_ref idref="fl-f8"/>
      </object_component>
      <object_component id="oc-e9">
         <name>.debug_info</name>
         <load_address>0x14a08</load_address>
         <run_address>0x14a08</run_address>
         <size>0x2c</size>
         <input_file_ref idref="fl-f8"/>
      </object_component>
      <object_component id="oc-84">
         <name>.debug_info</name>
         <load_address>0x14a34</load_address>
         <run_address>0x14a34</run_address>
         <size>0x3bc</size>
         <input_file_ref idref="fl-f9"/>
      </object_component>
      <object_component id="oc-2c">
         <name>.debug_info</name>
         <load_address>0x14df0</load_address>
         <run_address>0x14df0</run_address>
         <size>0x101</size>
         <input_file_ref idref="fl-f9"/>
      </object_component>
      <object_component id="oc-2ae">
         <name>.debug_info</name>
         <load_address>0x14ef1</load_address>
         <run_address>0x14ef1</run_address>
         <size>0x14c</size>
         <input_file_ref idref="fl-f9"/>
      </object_component>
      <object_component id="oc-26f">
         <name>.debug_info</name>
         <load_address>0x1503d</load_address>
         <run_address>0x1503d</run_address>
         <size>0x885</size>
         <input_file_ref idref="fl-f9"/>
      </object_component>
      <object_component id="oc-ee">
         <name>.debug_info</name>
         <load_address>0x158c2</load_address>
         <run_address>0x158c2</run_address>
         <size>0x62</size>
         <input_file_ref idref="fl-f9"/>
      </object_component>
      <object_component id="oc-2fa">
         <name>.debug_info</name>
         <load_address>0x15924</load_address>
         <run_address>0x15924</run_address>
         <size>0x3f7</size>
         <input_file_ref idref="fl-fa"/>
      </object_component>
      <object_component id="oc-2b2">
         <name>.debug_info</name>
         <load_address>0x15d1b</load_address>
         <run_address>0x15d1b</run_address>
         <size>0x23a</size>
         <input_file_ref idref="fl-fa"/>
      </object_component>
      <object_component id="oc-309">
[...]
         <object_component_ref idref="oc-99"/>
      </symbol>
      <symbol id="sm-23c">
         <name>getPrecedence</name>
         <value>0x2bc1</value>
         <object_component_ref idref="oc-99"/>
      </symbol>
      <symbol id="sm-23d">
         <name>initialize</name>
         <value>0x2b35</value>
         <object_component_ref idref="oc-99"/>
      </symbol>
      <symbol id="sm-23e">
         <name>evaluatePostfix</name>
         <value>0x2d8d</value>
         <object_component_ref idref="oc-99"/>
      </symbol>
      <symbol id="sm-23f">
         <name>isOperator</name>
         <value>0x2b91</value>
         <object_component_ref idref="oc-99"/>
      </symbol>
      <symbol id="sm-240">
         <name>infixToPostfix</name>
         <value>0x2bf7</value>
         <object_component_ref idref="oc-99"/>
      </symbol>
      <symbol id="sm-241">
         <name>pop</name>
         <value>0x2b6f</value>
         <object_component_ref idref="oc-99"/>
      </symbol>
      <symbol id="sm-242">
         <name>_pop</name>
         <value>0x2d61</value>
         <object_component_ref idref="oc-99"/>
      </symbol>
      <symbol id="sm-243">
         <name>_push</name>
         <value>0x2d33</value>
         <object_component_ref idref="oc-99"/>
      </symbol>
      <symbol id="sm-244">
         <name>_initialize</name>
         <value>0x2d1f</value>
         <object_component_ref idref="oc-99"/>
      </symbol>
      <symbol id="sm-255">
         <name>_c_int00</name>
         <value>0x46d9</value>
         <object_component_ref idref="oc-24"/>
      </symbol>
      <symbol id="sm-256">
         <name>__stack</name>
         <value>0x200004a8</value>
         <object_component_ref idref="oc-2a"/>
      </symbol>
      <symbol id="sm-274">
         <name>__TI_decompress_lzss</name>
         <value>0x436d</value>
         <object_component_ref idref="oc-12"/>
      </symbol>
      <symbol id="sm-28b">
         <name>__TI_decompress_none</name>
         <value>0x4b21</value>
         <object_component_ref idref="oc-18"/>
      </symbol>
      <symbol id="sm-2a2">
         <name>__TI_zero_init</name>
         <value>0x4b2f</value>
         <object_component_ref idref="oc-1e"/>
      </symbol>
      <symbol id="sm-2c3">
         <name>C$$EXIT</name>
         <value>0x472d</value>
         <object_component_ref idref="oc-78"/>
      </symbol>
      <symbol id="sm-2c4">
         <name>abort</name>
         <value>0x4731</value>
         <object_component_ref idref="oc-78"/>
      </symbol>
      <symbol id="sm-2c5">
         <name>exit</name>
         <value>0x4739</value>
         <object_component_ref idref="oc-78"/>
      </symbol>
      <symbol id="sm-2c6">
         <name>__TI_dtors_ptr</name>
         <value>0x2000046c</value>
         <object_component_ref idref="oc-dc"/>
      </symbol>
      <symbol id="sm-2c7">
         <name>__TI_cleanup_ptr</name>
         <value>0x20000468</value>
         <object_component_ref idref="oc-dc"/>
      </symbol>
      <symbol id="sm-2c8">
         <name>__TI_enable_exit_profile_output</name>
         <value>0x20000470</value>
         <object_component_ref idref="oc-dc"/>
      </symbol>
      <symbol id="sm-2d7">
         <name>isdigit</name>
         <value>0x4b11</value>
         <object_component_ref idref="oc-10d"/>
      </symbol>
      <symbol id="sm-2f2">
         <name>memcpy</name>
         <value>0x3e5d</value>
         <object_component_ref idref="oc-48"/>
      </symbol>
      <symbol id="sm-2f3">
         <name>__aeabi_memcpy</name>
         <value>0x3e5d</value>
         <object_component_ref idref="oc-48"/>
      </symbol>
      <symbol id="sm-2f4">
         <name>__aeabi_memcpy8</name>
         <value>0x3e5d</value>
         <object_component_ref idref="oc-48"/>
      </symbol>
      <symbol id="sm-2f5">
         <name>__aeabi_memcpy4</name>
         <value>0x3e5d</value>
         <object_component_ref idref="oc-48"/>
      </symbol>
      <symbol id="sm-304">
         <name>__aeabi_memset</name>
         <value>0x4137</value>
         <object_component_ref idref="oc-54"/>
      </symbol>
      <symbol id="sm-305">
         <name>memset</name>
         <value>0x413d</value>
         <object_component_ref idref="oc-54"/>
      </symbol>
      <symbol id="sm-306">
         <name>__aeabi_memset8</name>
         <value>0x4137</value>
         <object_component_ref idref="oc-54"/>
      </symbol>
      <symbol id="sm-307">
         <name>__aeabi_memset4</name>
         <value>0x4137</value>
         <object_component_ref idref="oc-54"/>
      </symbol>
      <symbol id="sm-308">
         <name>__aeabi_memclr8</name>
         <value>0x4135</value>
         <object_component_ref idref="oc-54"/>
      </symbol>
      <symbol id="sm-309">
         <name>__aeabi_memclr4</name>
         <value>0x4135</value>
         <object_component_ref idref="oc-54"/>
      </symbol>
      <symbol id="sm-30a">
         <name>__aeabi_memclr</name>
         <value>0x4135</value>
         <object_component_ref idref="oc-54"/>
      </symbol>
      <symbol id="sm-314">
         <name>__mpu_init</name>
         <value>0x13ab</value>
         <object_component_ref idref="oc-60"/>
      </symbol>
      <symbol id="sm-31e">
         <name>_system_pre_init</name>
         <value>0x4b47</value>
         <object_component_ref idref="oc-66"/>
      </symbol>
      <symbol id="sm-341">
         <name>printf</name>
         <value>0x4299</value>
         <object_component_ref idref="oc-113"/>
      </symbol>
      <symbol id="sm-349">
         <name>main_func_sp</name>
         <value>0x200004a0</value>
         <object_component_ref idref="oc-7e"/>
      </symbol>
      <symbol id="sm-359">
         <name>strcat</name>
         <value>0x4a3d</value>
         <object_component_ref idref="oc-101"/>
      </symbol>
      <symbol id="sm-367">
         <name>strlen</name>
         <value>0x4afd</value>
         <object_component_ref idref="oc-107"/>
      </symbol>
      <symbol id="sm-380">
         <name>_nop</name>
         <value>0x4acf</value>
         <object_component_ref idref="oc-148"/>
      </symbol>
      <symbol id="sm-381">
         <name>_lock</name>
         <value>0x2000048c</value>
         <object_component_ref idref="oc-df"/>
      </symbol>
      <symbol id="sm-382">
         <name>_unlock</name>
         <value>0x20000490</value>
         <object_component_ref idref="oc-df"/>
      </symbol>
      <symbol id="sm-383">
         <name>_register_lock</name>
         <value>0x4ac7</value>
         <object_component_ref idref="oc-148"/>
      </symbol>
      <symbol id="sm-384">
         <name>_register_unlock</name>
         <value>0x4ac1</value>
         <object_component_ref idref="oc-148"/>
      </symbol>
      <symbol id="sm-48a">
         <name>__TI_printfi</name>
         <value>0xab1</value>
         <object_component_ref idref="oc-16b"/>
      </symbol>
      <symbol id="sm-49e">
         <name>_args_main</name>
         <value>0x4a79</value>
         <object_component_ref idref="oc-72"/>
      </symbol>
      <symbol id="sm-4b4">
         <name>atoi</name>
         <value>0x47d5</value>
         <object_component_ref idref="oc-1f3"/>
      </symbol>
      <symbol id="sm-4de">
         <name>__TI_auto_init</name>
         <value>0x41b1</value>
         <object_component_ref idref="oc-6c"/>
      </symbol>
      <symbol id="sm-4f8">
         <name>copy_in</name>
         <value>0x4821</value>
         <object_component_ref idref="oc-cc"/>
      </symbol>
      <symbol id="sm-503">
         <name>_ctypes_</name>
         <value>0x4b4a</value>
         <object_component_ref idref="oc-15a"/>
      </symbol>
      <symbol id="sm-518">
         <name>__TI_tmpnams</name>
         <value>0x20000120</value>
      </symbol>
      <symbol id="sm-519">
         <name>__aeabi_stdout</name>
         <value>0x20000450</value>
         <object_component_ref idref="oc-22b"/>
      </symbol>
      <symbol id="sm-51a">
         <name>__aeabi_stderr</name>
         <value>0x20000454</value>
         <object_component_ref idref="oc-22b"/>
      </symbol>
      <symbol id="sm-51b">
         <name>__aeabi_stdin</name>
         <value>0x2000044c</value>
         <object_component_ref idref="oc-22b"/>
      </symbol>
      <symbol id="sm-51c">
         <name>_ftable</name>
         <value>0x20000290</value>
         <object_component_ref idref="oc-171"/>
      </symbol>
      <symbol id="sm-51d">
         <name>__TI_ft_end</name>
         <value>0x20000448</value>
         <object_component_ref idref="oc-22b"/>
      </symbol>
      <symbol id="sm-534">
         <name>__aeabi_dsub</name>
         <value>0x343d</value>
         <object_component_ref idref="oc-1dc"/>
      </symbol>
      <symbol id="sm-535">
         <name>__aeabi_dadd</name>
         <value>0x3447</value>
         <object_component_ref idref="oc-1dc"/>
      </symbol>
      <symbol id="sm-557">
         <name>__aeabi_cdcmpeq</name>
         <value>0x4029</value>
         <object_component_ref idref="oc-1b8"/>
      </symbol>
      <symbol id="sm-558">
         <name>__aeabi_cdcmple</name>
         <value>0x4029</value>
         <object_component_ref idref="oc-1b8"/>
      </symbol>
      <symbol id="sm-559">
         <name>__aeabi_cdrcmple</name>
         <value>0x40af</value>
         <object_component_ref idref="oc-1c7"/>
      </symbol>
      <symbol id="sm-56d">
         <name>__aeabi_ddiv</name>
         <value>0x35f3</value>
         <object_component_ref idref="oc-1c2"/>
      </symbol>
      <symbol id="sm-578">
         <name>__aeabi_dmul</name>
         <value>0x3959</value>
         <object_component_ref idref="oc-1bd"/>
      </symbol>
      <symbol id="sm-582">
         <name>__aeabi_d2iz</name>
         <value>0x486d</value>
         <object_component_ref idref="oc-1cc"/>
      </symbol>
      <symbol id="sm-599">
         <name>putc</name>
         <value>0x3f91</value>
         <object_component_ref idref="oc-15f"/>
      </symbol>
      <symbol id="sm-59a">
         <name>fputc</name>
         <value>0x3f91</value>
         <object_component_ref idref="oc-15f"/>
      </symbol>
      <symbol id="sm-59b">
         <name>putchar</name>
         <value>0x4015</value>
         <object_component_ref idref="oc-15f"/>
      </symbol>
      <symbol id="sm-5bd">
         <name>puts</name>
         <value>0x3835</value>
         <object_component_ref idref="oc-165"/>
      </symbol>
      <symbol id="sm-5be">
         <name>fputs</name>
         <value>0x3729</value>
         <object_component_ref idref="oc-165"/>
      </symbol>
      <symbol id="sm-5c8">
         <name>__aeabi_i2d</name>
         <value>0x4973</value>
         <object_component_ref idref="oc-1d7"/>
      </symbol>
      <symbol id="sm-5d7">
         <name>ltoa</name>
         <value>0x4781</value>
         <object_component_ref idref="oc-1d1"/>
      </symbol>
      <symbol id="sm-5e7">
         <name>memccpy</name>
         <value>0x4a5b</value>
         <object_component_ref idref="oc-1f9"/>
      </symbol>
      <symbol id="sm-5f7">
         <name>memchr</name>
         <value>0x4a1d</value>
         <object_component_ref idref="oc-1ab"/>
      </symbol>
      <symbol id="sm-612">
         <name>frexpl</name>
         <value>0x4509</value>
         <object_component_ref idref="oc-1e1"/>
      </symbol>
      <symbol id="sm-613">
         <name>frexp</name>
         <value>0x4509</value>
         <object_component_ref idref="oc-1e1"/>
      </symbol>
      <symbol id="sm-630">
         <name>scalbn</name>
         <value>0x3a55</value>
         <object_component_ref idref="oc-1e7"/>
      </symbol>
      <symbol id="sm-631">
         <name>scalbnl</name>
         <value>0x3a55</value>
         <object_component_ref idref="oc-1e7"/>
      </symbol>
      <symbol id="sm-632">
         <name>ldexpl</name>
         <value>0x3a55</value>
         <object_component_ref idref="oc-1e7"/>
      </symbol>
      <symbol id="sm-633">
         <name>ldexp</name>
         <value>0x3a55</value>
         <object_component_ref idref="oc-1e7"/>
      </symbol>
      <symbol id="sm-63d">
         <name>_system_post_cinit</name>
         <value>0x309f</value>
         <object_component_ref idref="oc-d2"/>
      </symbol>
      <symbol id="sm-64d">
         <name>strchr</name>
         <value>0x4aa9</value>
         <object_component_ref idref="oc-1ed"/>
      </symbol>
      <symbol id="sm-669">
         <name>__aeabi_uldivmod</name>
         <value>0x2eab</value>
         <object_component_ref idref="oc-1b3"/>
      </symbol>
      <symbol id="sm-68f">
         <name>_stream</name>
         <value>0x200003f8</value>
         <object_component_ref idref="oc-230"/>
      </symbol>
      <symbol id="sm-690">
         <name>_device</name>
         <value>0x20000380</value>
         <object_component_ref idref="oc-287"/>
      </symbol>
      <symbol id="sm-691">
         <name>write</name>
         <value>0x49f5</value>
         <object_component_ref idref="oc-1a3"/>
      </symbol>
      <symbol id="sm-6af">
         <name>__TI_wrt_ok</name>
         <value>0x3db1</value>
         <object_component_ref idref="oc-197"/>
      </symbol>
      <symbol id="sm-6b0">
         <name>__TI_rd_ok</name>
         <value>0x3e13</value>
         <object_component_ref idref="oc-197"/>
      </symbol>
      <symbol id="sm-6b8">
         <name>errno</name>
         <value>0x20000494</value>
         <object_component_ref idref="oc-252"/>
      </symbol>
      <symbol id="sm-6d2">
         <name>__TI_doflush</name>
         <value>0x3c2d</value>
         <object_component_ref idref="oc-19d"/>
      </symbol>
      <symbol id="sm-6d3">
         <name>fflush</name>
         <value>0x3c79</value>
         <object_component_ref idref="oc-19d"/>
      </symbol>
      <symbol id="sm-6e5">
         <name>fseek</name>
         <value>0x44a5</value>
         <object_component_ref idref="oc-21d"/>
      </symbol>
      <symbol id="sm-6f6">
         <name>HOSTclose</name>
         <value>0x48b5</value>
         <object_component_ref idref="oc-2c8"/>
      </symbol>
      <symbol id="sm-707">
         <name>HOSTlseek</name>
         <value>0x43d5</value>
         <object_component_ref idref="oc-2da"/>
      </symbol>
      <symbol id="sm-719">
         <name>parmbuf</name>
         <value>0x20000288</value>
      </symbol>
      <symbol id="sm-71a">
         <name>HOSTopen</name>
         <value>0x456d</value>
         <object_component_ref idref="oc-2c2"/>
      </symbol>
      <symbol id="sm-72b">
         <name>HOSTread</name>
         <value>0x4629</value>
         <object_component_ref idref="oc-2ce"/>
      </symbol>
      <symbol id="sm-73c">
         <name>HOSTrename</name>
         <value>0x4301</value>
         <object_component_ref idref="oc-2e6"/>
      </symbol>
      <symbol id="sm-74d">
         <name>HOSTunlink</name>
         <value>0x48f9</value>
         <object_component_ref idref="oc-2e0"/>
      </symbol>
      <symbol id="sm-75e">
         <name>HOSTwrite</name>
         <value>0x4681</value>
         <object_component_ref idref="oc-2d4"/>
      </symbol>
      <symbol id="sm-76e">
         <name>lseek</name>
         <value>0x49cd</value>
         <object_component_ref idref="oc-266"/>
      </symbol>
      <symbol id="sm-778">
         <name>copysign</name>
         <value>0x4ad5</value>
         <object_component_ref idref="oc-24c"/>
      </symbol>
      <symbol id="sm-779">
         <name>copysignl</name>
         <value>0x4ad5</value>
         <object_component_ref idref="oc-24c"/>
      </symbol>
      <symbol id="sm-795">
         <name>setvbuf</name>
         <value>0x3b51</value>
         <object_component_ref idref="oc-223"/>
      </symbol>
      <symbol id="sm-7a3">
         <name>strcpy</name>
         <value>0x4ae9</value>
         <object_component_ref idref="oc-320"/>
      </symbol>
      <symbol id="sm-7be">
         <name>__TI_readmsg</name>
         <value>0x446f</value>
         <object_component_ref idref="oc-30c"/>
      </symbol>
      <symbol id="sm-7bf">
         <name>C$$IO$$</name>
         <value>0x446b</value>
         <object_component_ref idref="oc-30c"/>
      </symbol>
      <symbol id="sm-7c0">
         <name>__CIOBUF_</name>
         <value>0x20000000</value>
         <object_component_ref idref="oc-33e"/>
      </symbol>
      <symbol id="sm-7c1">
         <name>__TI_writemsg</name>
         <value>0x443d</value>
         <object_component_ref idref="oc-30c"/>
      </symbol>
      <symbol id="sm-7f8">
         <name>__TI_cleanup</name>
         <value>0x3341</value>
         <object_component_ref idref="oc-274"/>
      </symbol>
      <symbol id="sm-7f9">
         <name>freopen</name>
         <value>0x336d</value>
         <object_component_ref idref="oc-274"/>
      </symbol>
      <symbol id="sm-7fa">
         <name>fopen</name>
         <value>0x3397</value>
         <object_component_ref idref="oc-274"/>
      </symbol>
      <symbol id="sm-869">
         <name>_sys_memory</name>
         <value>0x200006a8</value>
         <object_component_ref idref="oc-2b"/>
      </symbol>
      <symbol id="sm-86a">
         <name>free</name>
         <value>0x284f</value>
         <object_component_ref idref="oc-26e"/>
      </symbol>
      <symbol id="sm-86b">
         <name>realloc</name>
         <value>0x2911</value>
         <object_component_ref idref="oc-26e"/>
      </symbol>
      <symbol id="sm-86c">
         <name>memalign</name>
         <value>0x2a19</value>
         <object_component_ref idref="oc-26e"/>
      </symbol>
      <symbol id="sm-86d">
         <name>calloc</name>
         <value>0x2b05</value>
         <object_component_ref idref="oc-26e"/>
      </symbol>
      <symbol id="sm-86e">
         <name>malloc</name>
         <value>0x27e5</value>
         <object_component_ref idref="oc-26e"/>
      </symbol>
      <symbol id="sm-86f">
         <name>minit</name>
         <value>0x2765</value>
         <object_component_ref idref="oc-26e"/>
      </symbol>
      <symbol id="sm-88c">
         <name>open</name>
         <value>0x3cf5</value>
         <object_component_ref idref="oc-2b1"/>
      </symbol>
      <symbol id="sm-8a2">
         <name>__TI_closefile</name>
         <value>0x3ef9</value>
         <object_component_ref idref="oc-2b7"/>
      </symbol>
      <symbol id="sm-8a3">
         <name>fclose</name>
         <value>0x3f5f</value>
         <object_component_ref idref="oc-2b7"/>
      </symbol>
      <symbol id="sm-8bd">
         <name>finddevice</name>
         <value>0x4221</value>
         <object_component_ref idref="oc-2f2"/>
      </symbol>
      <symbol id="sm-8be">
         <name>getdevice</name>
         <value>0x424b</value>
         <object_component_ref idref="oc-2f2"/>
      </symbol>
      <symbol id="sm-8ce">
         <name>strcmp</name>
         <value>0x4a91</value>
         <object_component_ref idref="oc-328"/>
      </symbol>
      <symbol id="sm-8de">
         <name>strncpy</name>
         <value>0x493d</value>
         <object_component_ref idref="oc-32e"/>
      </symbol>
      <symbol id="sm-8ee">
         <name>unlink</name>
         <value>0x49a1</value>
         <object_component_ref idref="oc-301"/>
      </symbol>
      <symbol id="sm-902">
         <name>close</name>
         <value>0x45cd</value>
         <object_component_ref idref="oc-2fb"/>
      </symbol>
      <symbol id="sm-903">
         <name>__TI_static_base__</name>
         <value>0x0</value>
      </symbol>
      <symbol id="sm-906">
         <name>SHT$$INIT_ARRAY$$Limit</name>
         <value>0x0</value>
      </symbol>
      <symbol id="sm-907">
         <name>SHT$$INIT_ARRAY$$Base</name>
         <value>0x0</value>
      </symbol>
      <symbol id="sm-908">
         <name>remove</name>
         <value>0x49a1</value>
      </symbol>
   </symbol_table>
   <title>Link successful</title>
</link_info>
