******************************************************************************
                  TI ARM Linker PC v16.9.4                     
******************************************************************************
>> Linked Sun Aug 20 15:42:55 2023

OUTPUT FILE NAME:   <KeyPad_LCD.out>
ENTRY POINT SYMBOL: "_c_int00"  address: 000047cd


MEMORY CONFIGURATION

         name            origin    length      used     unused   attr    fill
----------------------  --------  ---------  --------  --------  ----  --------
  FLASH                 00000000   00040000  00004def  0003b211  R  X
  SRAM                  20000000   00008000  000006af  00007951  RW X


SEGMENT ALLOCATION MAP

run origin  load origin   length   init length attrs members
----------  ----------- ---------- ----------- ----- -------
00000000    00000000    00004df0   00004df0    r-x
  00000000    00000000    0000026c   0000026c    r-- .intvecs
  0000026c    0000026c    000049d2   000049d2    r-x .text
  00004c3e    00004c3e    00000101   00000101    r-- .const
  00004d40    00004d40    000000b0   000000b0    r-- .cinit
20000000    20000000    000006b0   00000000    rw-
  20000000    20000000    00000290   00000000    rw- .bss
  20000290    20000290    00000217   00000000    rw- .data
  200004a8    200004a8    00000200   00000000    rw- .stack
  200006a8    200006a8    00000008   00000000    rw- .sysmem


SECTION ALLOCATION MAP

 output                                  attributes/
section   page    origin      length       input sections
--------  ----  ----------  ----------   ----------------
.intvecs   0    00000000    0000026c     
                  00000000    0000026c     tm4c123gh6pm_startup_ccs.obj (.intvecs)

.text      0    0000026c    000049d2     
                  0000026c    0000113e     rtsv7M4_T_le_v4SPD16_eabi.lib : _printfi.obj (.text)
                  000013aa    00000002                                   : l_div0.obj (.text)
                  000013ac    00000d94     Tiva_DIO.obj (.text)
                  00002140    000004ce     LCD_Driver.obj (.text)
                  0000260e    00000002     rtsv7M4_T_le_v4SPD16_eabi.lib : mpu_init.obj (.text)
                  00002610    000003d0                                   : memory.obj (.text)
                  000029e0    00000376     stackOp.obj (.text)
                  00002d56    0000021e     rtsv7M4_T_le_v4SPD16_eabi.lib : ll_div_t2.obj (.text)
                  00002f74    000001f4                                   : ull_div_t2.obj (.text)
                  00003168    000001dc     main.obj (.text)
                  00003344    000001c4     rtsv7M4_T_le_v4SPD16_eabi.lib : fopen.obj (.text)
                  00003508    000001b6                                   : fd_add_t2.obj (.text)
                  000036be    00000136                                   : fd_div_t2.obj (.text)
                  000037f4    00000134                                   : fputs.obj (.text)
                  00003928    00000124     keyPad_Driver.obj (.text)
                  00003a4c    000000fc     rtsv7M4_T_le_v4SPD16_eabi.lib : fd_mul_t2.obj (.text)
                  00003b48    000000fc                                   : s_scalbn.obj (.text)
                  00003c44    000000dc                                   : setvbuf.obj (.text)
                  00003d20    000000c8                                   : fflush.obj (.text)
                  00003de8    000000bc                                   : open.obj (.text)
                  00003ea4    000000ac                                   : _io_perm.obj (.text)
                  00003f50    0000009c                                   : memcpy_t2.obj (.text)
                  00003fec    00000098                                   : fclose.obj (.text)
                  00004084    00000098                                   : fputc.obj (.text)
                  0000411c    00000086                                   : fd_cmp_t2.obj (.text:__aeabi_cdcmple)
                  000041a2    00000086                                   : fd_cmp_t2.obj (.text:__aeabi_cdrcmple)
                  00004228    0000007a                                   : memset_t2.obj (.text)
                  000042a2    00000002                                   : startup.obj (.text)
                  000042a4    00000070                                   : autoinit.obj (.text)
                  00004314    00000070                                   : getdevice.obj (.text)
                  00004384    00000070                                   : printf.obj (.text)
                  000043f4    0000006c                                   : hostrename.obj (.text)
                  00004460    00000068                                   : copy_decompress_lzss.obj (.text:decompress:lzss)
                  000044c8    00000068                                   : hostlseek.obj (.text)
                  00004530    00000068                                   : trgmsg.obj (.text)
                  00004598    00000064                                   : fseek.obj (.text)
                  000045fc    00000064                                   : s_frexp.obj (.text)
                  00004660    00000060                                   : hostopen.obj (.text)
                  000046c0    0000005c                                   : close.obj (.text)
                  0000471c    00000058                                   : hostread.obj (.text)
                  00004774    00000058                                   : hostwrite.obj (.text)
                  000047cc    00000054                                   : boot.obj (.text)
                  00004820    00000054                                   : exit.obj (.text)
                  00004874    00000054                                   : ltoa.obj (.text)
                  000048c8    0000004c                                   : atoi.obj (.text)
                  00004914    0000004c                                   : cpy_tbl.obj (.text)
                  00004960    00000048                                   : fd_toi_t2.obj (.text)
                  000049a8    00000044                                   : hostclose.obj (.text)
                  000049ec    00000044                                   : hostunlink.obj (.text)
                  00004a30    00000036                                   : strncpy.obj (.text)
                  00004a66    0000002e                                   : i_tofd_t2.obj (.text)
                  00004a94    0000002c                                   : unlink.obj (.text)
                  00004ac0    00000028                                   : lseek.obj (.text)
                  00004ae8    00000028                                   : write.obj (.text)
                  00004b10    00000020                                   : memchr.obj (.text)
                  00004b30    0000001e                                   : strcat.obj (.text)
                  00004b4e    0000001c                                   : memccpy.obj (.text)
                  00004b6a    00000002     --HOLE-- [fill = 0]
                  00004b6c    00000018                                   : args_main.obj (.text)
                  00004b84    00000018                                   : strcmp.obj (.text)
                  00004b9c    00000016                                   : strchr.obj (.text)
                  00004bb2    00000002     --HOLE-- [fill = 0]
                  00004bb4    00000014                                   : _lock.obj (.text)
                  00004bc8    00000014                                   : s_copysign.obj (.text)
                  00004bdc    00000014                                   : strcpy.obj (.text)
                  00004bf0    00000014                                   : strlen.obj (.text)
                  00004c04    00000010                                   : isdigit.obj (.text)
                  00004c14    0000000e                                   : copy_decompress_none.obj (.text:decompress:none)
                  00004c22    0000000c                                   : copy_zero_init.obj (.text:decompress:ZI)
                  00004c2e    0000000c     tm4c123gh6pm_startup_ccs.obj (.text)
                  00004c3a    00000004     rtsv7M4_T_le_v4SPD16_eabi.lib : pre_init.obj (.text)

.const     0    00004c3e    00000101     
                  00004c3e    00000101     rtsv7M4_T_le_v4SPD16_eabi.lib : ctype.obj (.const:.string:_ctypes_)

.cinit     0    00004d40    000000b0     
                  00004d40    0000008b     (.cinit..data.load) [load image, compression = lzss]
                  00004dcb    00000001     --HOLE-- [fill = 0]
                  00004dcc    0000000c     (__TI_handler_table)
                  00004dd8    00000008     (.cinit..bss.load) [load image, compression = zero_init]
                  00004de0    00000010     (__TI_cinit_table)

.init_array 
*          0    00000000    00000000     UNINITIALIZED

.bss       0    20000000    00000290     UNINITIALIZED
                  20000000    00000120     rtsv7M4_T_le_v4SPD16_eabi.lib : trgmsg.obj (.bss:_CIOBUF_)
                  20000120    000000a0     (.common:__TI_tmpnams)
                  200001c0    00000064     (.common:infix)
                  20000224    00000064     (.common:postfix)
                  20000288    00000008     (.common:parmbuf)

.data      0    20000290    00000217     UNINITIALIZED
                  20000290    000000f0     rtsv7M4_T_le_v4SPD16_eabi.lib : defs.obj (.data:_ftable)
                  20000380    00000078                                   : write.obj (.data:_device)
                  200003f8    00000050                                   : write.obj (.data:_stream)
                  20000448    00000010                                   : defs.obj (.data)
                  20000458    00000010     keyPad_Driver.obj (.data:symbol)
                  20000468    0000000c     rtsv7M4_T_le_v4SPD16_eabi.lib : exit.obj (.data:$O1$$)
                  20000474    0000000c                                   : memory.obj (.data:$O1$$)
                  20000480    0000000c     main.obj (.data)
                  2000048c    00000008     rtsv7M4_T_le_v4SPD16_eabi.lib : _lock.obj (.data:$O1$$)
                  20000494    00000004                                   : errno.obj (.data)
                  20000498    00000004                                   : fopen.obj (.data)
                  2000049c    00000004                                   : open.obj (.data)
                  200004a0    00000004                                   : stkdepth_vars.obj (.data)
                  200004a4    00000003     keyPad_Driver.obj (.data)

.stack     0    200004a8    00000200     UNINITIALIZED
                  200004a8    00000200     --HOLE--

.sysmem    0    200006a8    00000008     UNINITIALIZED
                  200006a8    00000008     rtsv7M4_T_le_v4SPD16_eabi.lib : memory.obj (.sysmem)

MODULE SUMMARY

       Module                         code    ro data   rw data
       ------                         ----    -------   -------
    .\
       main.obj                       476     0         212    
       tm4c123gh6pm_startup_ccs.obj   12      620       0      
    +--+------------------------------+-------+---------+---------+
       Total:                         488     620       212    
                                                               
    .\LCD_Driver\
       LCD_Driver.obj                 1230    0         0      
    +--+------------------------------+-------+---------+---------+
       Total:                         1230    0         0      
                                                               
    .\Tiva_DIO\
       Tiva_DIO.obj                   3476    0         0      
    +--+------------------------------+-------+---------+---------+
       Total:                         3476    0         0      
                                                               
    .\keyPad_Driver\
       keyPad_Driver.obj              292     0         19     
    +--+------------------------------+-------+---------+---------+
       Total:                         292     0         19     
                                                               
    .\stackOp\
       stackOp.obj                    886     0         0      
    +--+------------------------------+-------+---------+---------+
       Total:                         886     0         0      
                                                               
    C:\ti\ccsv7\tools\compiler\ti-cgt-arm_16.9.4.LTS\lib\rtsv7M4_T_le_v4SPD16_eabi.lib
       _printfi.obj                   4414    0         0      
       memory.obj                     976     0         12     
       ll_div_t2.obj                  542     0         0      
       ull_div_t2.obj                 500     0         0      
       fopen.obj                      452     0         4      
       fd_add_t2.obj                  438     0         0      
       defs.obj                       0       0         416    
       trgmsg.obj                     104     0         288    
       fd_div_t2.obj                  310     0         0      
       fputs.obj                      308     0         0      
       fd_cmp_t2.obj                  268     0         0      
       ctype.obj                      0       257       0      
       fd_mul_t2.obj                  252     0         0      
       s_scalbn.obj                   252     0         0      
       write.obj                      40      0         200    
       setvbuf.obj                    220     0         0      
       fflush.obj                     200     0         0      
       open.obj                       188     0         4      
       _io_perm.obj                   172     0         0      
       memcpy_t2.obj                  156     0         0      
       fclose.obj                     152     0         0      
       fputc.obj                      152     0         0      
       memset_t2.obj                  122     0         0      
       autoinit.obj                   112     0         0      
       getdevice.obj                  112     0         0      
       printf.obj                     112     0         0      
       hostrename.obj                 108     0         0      
       copy_decompress_lzss.obj       104     0         0      
       hostlseek.obj                  104     0         0      
       hostopen.obj                   96      0         8      
       fseek.obj                      100     0         0      
       s_frexp.obj                    100     0         0      
       exit.obj                       84      0         12     
       close.obj                      92      0         0      
       hostread.obj                   88      0         0      
       hostwrite.obj                  88      0         0      
       boot.obj                       84      0         0      
       ltoa.obj                       84      0         0      
       atoi.obj                       76      0         0      
       cpy_tbl.obj                    76      0         0      
       fd_toi_t2.obj                  72      0         0      
       hostclose.obj                  68      0         0      
       hostunlink.obj                 68      0         0      
       strncpy.obj                    54      0         0      
       i_tofd_t2.obj                  46      0         0      
       unlink.obj                     44      0         0      
       lseek.obj                      40      0         0      
       memchr.obj                     32      0         0      
       strcat.obj                     30      0         0      
       _lock.obj                      20      0         8      
       memccpy.obj                    28      0         0      
       args_main.obj                  24      0         0      
       strcmp.obj                     24      0         0      
       strchr.obj                     22      0         0      
       s_copysign.obj                 20      0         0      
       strcpy.obj                     20      0         0      
       strlen.obj                     20      0         0      
       isdigit.obj                    16      0         0      
       copy_decompress_none.obj       14      0         0      
       copy_zero_init.obj             12      0         0      
       errno.obj                      0       0         4      
       pre_init.obj                   4       0         0      
       stkdepth_vars.obj              0       0         4      
       l_div0.obj                     2       0         0      
       mpu_init.obj                   2       0         0      
       startup.obj                    2       0         0      
    +--+------------------------------+-------+---------+---------+
       Total:                         12522   257       960    
                                                               
       Heap:                          0       0         8      
       Stack:                         0       0         512    
       Linker Generated:              0       175       0      
    +--+------------------------------+-------+---------+---------+
       Grand Total:                   18894   1052      1711   


LINKER GENERATED COPY TABLES

__TI_cinit_table @ 00004de0 records: 2, size/record: 8, table size: 16
	.data: load addr=00004d40, load size=0000008b bytes, run addr=20000290, run size=00000217 bytes, compression=lzss
	.bss: load addr=00004dd8, load size=00000008 bytes, run addr=20000000, run size=00000290 bytes, compression=zero_init


LINKER GENERATED HANDLER TABLE

__TI_handler_table @ 00004dcc records: 3, size/record: 4, table size: 12
	index: 0, handler: __TI_decompress_lzss
	index: 1, handler: __TI_decompress_none
	index: 2, handler: __TI_zero_init


GLOBAL SYMBOLS: SORTED ALPHABETICALLY BY Name 

address   name                           
-------   ----                           
00004821  C$$EXIT                        
0000455f  C$$IO$$                        
00001501  ClearDataBIT                   
00001789  DIO_InitPin                    
00001c41  DIO_ReadPin                    
00001d09  DIO_TogglePin                  
00001b09  DIO_WritePin                   
00001d45  DIO_WritePort                  
00003199  GPIOB_Handler                  
000049a9  HOSTclose                      
000044c9  HOSTlseek                      
00004661  HOSTopen                       
0000471d  HOSTread                       
000043f5  HOSTrename                     
000049ed  HOSTunlink                     
00004775  HOSTwrite                      
00001dcd  Inteupt_Edge_InitPin           
00003929  KeyPad_Init                    
000039cd  KeyPad_Read                    
00002559  LCD_Clear                      
00002351  LCD_Init                       
00002563  LCD_SetCursor                  
000023f9  LCD_WriteChar                  
000021bd  LCD_WriteCommand               
00002287  LCD_WriteData                  
00002439  LCD_WriteNumber                
0000250d  LCD_WriteNumberInBinary        
00002597  LCD_WriteNumber_4D             
00002409  LCD_WriteString                
00001651  PORT_Init                      
0000159f  ReadDataBIT                    
00004c2f  ResetISR                       
UNDEFED   SHT$$INIT_ARRAY$$Base          
UNDEFED   SHT$$INIT_ARRAY$$Limit         
000013ad  WriteDataBIT                   
0000146b  WriteDataBITS                  
00003169  _ReadKeyPad                    
20000000  __CIOBUF_                      
200006a8  __STACK_END                    
00000200  __STACK_SIZE                   
200006a8  __STACK_TOP                    
00000008  __SYSMEM_SIZE                  
00004de0  __TI_CINIT_Base                
00004df0  __TI_CINIT_Limit               
00004dcc  __TI_Handler_Table_Base        
00004dd8  __TI_Handler_Table_Limit       
000042a5  __TI_auto_init                 
0000340d  __TI_cleanup                   
20000468  __TI_cleanup_ptr               
00003fed  __TI_closefile                 
00004461  __TI_decompress_lzss           
00004c15  __TI_decompress_none           
00003d21  __TI_doflush                   
2000046c  __TI_dtors_ptr                 
20000470  __TI_enable_exit_profile_output
20000448  __TI_ft_end                    
ffffffff  __TI_pprof_out_hndl            
00000ab1  __TI_printfi                   
ffffffff  __TI_prof_data_size            
ffffffff  __TI_prof_data_start           
00003f07  __TI_rd_ok                     
00004563  __TI_readmsg                   
00000000  __TI_static_base__             
20000120  __TI_tmpnams                   
00004531  __TI_writemsg                  
00003ea5  __TI_wrt_ok                    
00004c23  __TI_zero_init                 
0000411d  __aeabi_cdcmpeq                
0000411d  __aeabi_cdcmple                
000041a3  __aeabi_cdrcmple               
00004961  __aeabi_d2iz                   
00003513  __aeabi_dadd                   
000036bf  __aeabi_ddiv                   
00003a4d  __aeabi_dmul                   
00003509  __aeabi_dsub                   
00004a67  __aeabi_i2d                    
000013ab  __aeabi_ldiv0                  
00002d57  __aeabi_ldivmod                
00004229  __aeabi_memclr                 
00004229  __aeabi_memclr4                
00004229  __aeabi_memclr8                
00003f51  __aeabi_memcpy                 
00003f51  __aeabi_memcpy4                
00003f51  __aeabi_memcpy8                
0000422b  __aeabi_memset                 
0000422b  __aeabi_memset4                
0000422b  __aeabi_memset8                
20000454  __aeabi_stderr                 
2000044c  __aeabi_stdin                  
20000450  __aeabi_stdout                 
00002f75  __aeabi_uldivmod               
ffffffff  __binit__                      
ffffffff  __c_args__                     
0000260f  __mpu_init                     
200004a8  __stack                        
00004b6d  _args_main                     
000047cd  _c_int00                       
00004c3e  _ctypes_                       
00002141  _delay_ms                      
00002183  _delay_us                      
20000380  _device                        
20000290  _ftable                        
00002bcb  _initialize                    
2000048c  _lock                          
00004bc3  _nop                           
00002c0d  _pop                           
00002bdf  _push                          
00004bbb  _register_lock                 
00004bb5  _register_unlock               
200003f8  _stream                        
200006a8  _sys_memory                    
000042a3  _system_post_cinit             
00004c3b  _system_pre_init               
20000490  _unlock                        
00004825  abort                          
000048c9  atoi                           
ffffffff  binit                          
000029b1  calloc                         
000046c1  close                          
00004915  copy_in                        
00004bc9  copysign                       
00004bc9  copysignl                      
20000494  errno                          
00002c39  evaluatePostfix                
0000482d  exit                           
00004053  fclose                         
00003d6d  fflush                         
00004315  finddevice                     
00003463  fopen                          
00004085  fputc                          
000037f5  fputs                          
000026fb  free                           
00003439  freopen                        
000045fd  frexp                          
000045fd  frexpl                         
00004599  fseek                          
00000000  g_pfnVectors                   
00002a6d  getPrecedence                  
0000433f  getdevice                      
20000484  ind                            
200001c0  infix                          
00002aa3  infixToPostfix                 
000029e1  initialize                     
00002a3d  isOperator                     
00004c05  isdigit                        
20000480  key                            
200004a6  key_col                        
200004a4  key_flag                       
200004a5  key_row                        
00003b49  ldexp                          
00003b49  ldexpl                         
00004ac1  lseek                          
00004875  ltoa                           
00003201  main                           
200004a0  main_func_sp                   
00002691  malloc                         
000028c5  memalign                       
00004b4f  memccpy                        
00004b11  memchr                         
00003f51  memcpy                         
00004231  memset                         
00002611  minit                          
00003de9  open                           
20000288  parmbuf                        
00002a1b  pop                            
20000224  postfix                        
0000438d  printf                         
000029f3  push                           
00004085  putc                           
00004109  putchar                        
00003901  puts                           
000027bd  realloc                        
00004a95  remove                         
00003b49  scalbn                         
00003b49  scalbnl                        
00003c45  setvbuf                        
00004b31  strcat                         
00004b9d  strchr                         
00004b85  strcmp                         
00004bdd  strcpy                         
00004bf1  strlen                         
00004a31  strncpy                        
20000458  symbol                         
00004a95  unlink                         
00004ae9  write                          


GLOBAL SYMBOLS: SORTED BY Symbol Address 

address   name                           
-------   ----                           
00000000  __TI_static_base__             
00000000  g_pfnVectors                   
00000008  __SYSMEM_SIZE                  
00000200  __STACK_SIZE                   
00000ab1  __TI_printfi                   
000013ab  __aeabi_ldiv0                  
000013ad  WriteDataBIT                   
0000146b  WriteDataBITS                  
00001501  ClearDataBIT                   
0000159f  ReadDataBIT                    
00001651  PORT_Init                      
00001789  DIO_InitPin                    
00001b09  DIO_WritePin                   
00001c41  DIO_ReadPin                    
00001d09  DIO_TogglePin                  
00001d45  DIO_WritePort                  
00001dcd  Inteupt_Edge_InitPin           
00002141  _delay_ms                      
00002183  _delay_us                      
000021bd  LCD_WriteCommand               
00002287  LCD_WriteData                  
00002351  LCD_Init                       
000023f9  LCD_WriteChar                  
00002409  LCD_WriteString                
00002439  LCD_WriteNumber                
0000250d  LCD_WriteNumberInBinary        
00002559  LCD_Clear                      
00002563  LCD_SetCursor                  
00002597  LCD_WriteNumber_4D             
0000260f  __mpu_init                     
00002611  minit                          
00002691  malloc                         
000026fb  free                           
000027bd  realloc                        
000028c5  memalign                       
000029b1  calloc                         
000029e1  initialize                     
000029f3  push                           
00002a1b  pop                            
00002a3d  isOperator                     
00002a6d  getPrecedence                  
00002aa3  infixToPostfix                 
00002bcb  _initialize                    
00002bdf  _push                          
00002c0d  _pop                           
00002c39  evaluatePostfix                
00002d57  __aeabi_ldivmod                
00002f75  __aeabi_uldivmod               
00003169  _ReadKeyPad                    
00003199  GPIOB_Handler                  
00003201  main                           
0000340d  __TI_cleanup                   
00003439  freopen                        
00003463  fopen                          
00003509  __aeabi_dsub                   
00003513  __aeabi_dadd                   
000036bf  __aeabi_ddiv                   
000037f5  fputs                          
00003901  puts                           
00003929  KeyPad_Init                    
000039cd  KeyPad_Read                    
00003a4d  __aeabi_dmul                   
00003b49  ldexp                          
00003b49  ldexpl                         
00003b49  scalbn                         
00003b49  scalbnl                        
00003c45  setvbuf                        
00003d21  __TI_doflush                   
00003d6d  fflush                         
00003de9  open                           
00003ea5  __TI_wrt_ok                    
00003f07  __TI_rd_ok                     
00003f51  __aeabi_memcpy                 
00003f51  __aeabi_memcpy4                
00003f51  __aeabi_memcpy8                
00003f51  memcpy                         
00003fed  __TI_closefile                 
00004053  fclose                         
00004085  fputc                          
00004085  putc                           
00004109  putchar                        
0000411d  __aeabi_cdcmpeq                
0000411d  __aeabi_cdcmple                
000041a3  __aeabi_cdrcmple               
00004229  __aeabi_memclr                 
00004229  __aeabi_memclr4                
00004229  __aeabi_memclr8                
0000422b  __aeabi_memset                 
0000422b  __aeabi_memset4                
0000422b  __aeabi_memset8                
00004231  memset                         
000042a3  _system_post_cinit             
000042a5  __TI_auto_init                 
00004315  finddevice                     
0000433f  getdevice                      
0000438d  printf                         
000043f5  HOSTrename                     
00004461  __TI_decompress_lzss           
000044c9  HOSTlseek                      
00004531  __TI_writemsg                  
0000455f  C$$IO$$                        
00004563  __TI_readmsg                   
00004599  fseek                          
000045fd  frexp                          
000045fd  frexpl                         
00004661  HOSTopen                       
000046c1  close                          
0000471d  HOSTread                       
00004775  HOSTwrite                      
000047cd  _c_int00                       
00004821  C$$EXIT                        
00004825  abort                          
0000482d  exit                           
00004875  ltoa                           
000048c9  atoi                           
00004915  copy_in                        
00004961  __aeabi_d2iz                   
000049a9  HOSTclose                      
000049ed  HOSTunlink                     
00004a31  strncpy                        
00004a67  __aeabi_i2d                    
00004a95  remove                         
00004a95  unlink                         
00004ac1  lseek                          
00004ae9  write                          
00004b11  memchr                         
00004b31  strcat                         
00004b4f  memccpy                        
00004b6d  _args_main                     
00004b85  strcmp                         
00004b9d  strchr                         
00004bb5  _register_unlock               
00004bbb  _register_lock                 
00004bc3  _nop                           
00004bc9  copysign                       
00004bc9  copysignl                      
00004bdd  strcpy                         
00004bf1  strlen                         
00004c05  isdigit                        
00004c15  __TI_decompress_none           
00004c23  __TI_zero_init                 
00004c2f  ResetISR                       
00004c3b  _system_pre_init               
00004c3e  _ctypes_                       
00004dcc  __TI_Handler_Table_Base        
00004dd8  __TI_Handler_Table_Limit       
00004de0  __TI_CINIT_Base                
00004df0  __TI_CINIT_Limit               
20000000  __CIOBUF_                      
20000120  __TI_tmpnams                   
200001c0  infix                          
20000224  postfix                        
20000288  parmbuf                        
20000290  _ftable                        
20000380  _device                        
200003f8  _stream                        
20000448  __TI_ft_end                    
2000044c  __aeabi_stdin                  
20000450  __aeabi_stdout                 
20000454  __aeabi_stderr                 
20000458  symbol                         
20000468  __TI_cleanup_ptr               
2000046c  __TI_dtors_ptr                 
20000470  __TI_enable_exit_profile_output
20000480  key                            
20000484  ind                            
2000048c  _lock                          
20000490  _unlock                        
20000494  errno                          
200004a0  main_func_sp                   
200004a4  key_flag                       
200004a5  key_row                        
200004a6  key_col                        
200004a8  __stack                        
200006a8  __STACK_END                    
200006a8  __STACK_TOP                    
200006a8  _sys_memory                    
ffffffff  __TI_pprof_out_hndl            
ffffffff  __TI_prof_data_size            
ffffffff  __TI_prof_data_start           
ffffffff  __binit__                      
ffffffff  __c_args__                     
ffffffff  binit                          
UNDEFED   SHT$$INIT_ARRAY$$Base          
UNDEFED   SHT$$INIT_ARRAY$$Limit         

[185 symbols]
